<?xml version="1.0" encoding="ISO-8859-1" ?>
<link_info>
   <banner>MSP430 Linker Unix v21.6.1.LTS</banner>
   <copyright>Copyright (c) 2003-2018 Texas Instruments Incorporated</copyright>
   <link_time>0x65c0bb09</link_time>
   <link_errors>0x0</link_errors>
   <output_file>msp430fr59xx_cs_01.c.out</output_file>
   <entry_point>
      <name>_c_int00_noargs_mpu</name>
      <address>0x7044</address>
   </entry_point>
   <input_file_list>
      <input_file id="fl-2">
         <path>./</path>
         <kind>object</kind>
         <file>main.obj</file>
         <name>main.obj</name>
      </input_file>
      <input_file id="fl-3">
         <path>./</path>
         <kind>object</kind>
         <file>packet_gen.obj</file>
         <name>packet_gen.obj</name>
      </input_file>
      <input_file id="fl-a">
         <kind>object</kind>
         <file>&lt;internal&gt;</file>
         <name>&lt;internal&gt;</name>
      </input_file>
      <input_file id="fl-2a">
         <path>/Applications/ti/ccs1250/ccs/tools/compiler/ti-cgt-msp430_21.6.1.LTS/lib/</path>
         <kind>archive</kind>
         <file>rts430x_lc_rd_eabi.lib</file>
         <name>copy_decompress_lzss.c.obj</name>
      </input_file>
      <input_file id="fl-2b">
         <path>/Applications/ti/ccs1250/ccs/tools/compiler/ti-cgt-msp430_21.6.1.LTS/lib/</path>
         <kind>archive</kind>
         <file>rts430x_lc_rd_eabi.lib</file>
         <name>copy_decompress_none.c.obj</name>
      </input_file>
      <input_file id="fl-2c">
         <path>/Applications/ti/ccs1250/ccs/tools/compiler/ti-cgt-msp430_21.6.1.LTS/lib/</path>
         <kind>archive</kind>
         <file>rts430x_lc_rd_eabi.lib</file>
         <name>int30.asm.obj</name>
      </input_file>
      <input_file id="fl-2d">
         <path>/Applications/ti/ccs1250/ccs/tools/compiler/ti-cgt-msp430_21.6.1.LTS/lib/</path>
         <kind>archive</kind>
         <file>rts430x_lc_rd_eabi.lib</file>
         <name>isr_trap.asm.obj</name>
      </input_file>
      <input_file id="fl-2e">
         <path>/Applications/ti/ccs1250/ccs/tools/compiler/ti-cgt-msp430_21.6.1.LTS/lib/</path>
         <kind>archive</kind>
         <file>rts430x_lc_rd_eabi.lib</file>
         <name>int31.asm.obj</name>
      </input_file>
      <input_file id="fl-2f">
         <path>/Applications/ti/ccs1250/ccs/tools/compiler/ti-cgt-msp430_21.6.1.LTS/lib/</path>
         <kind>archive</kind>
         <file>rts430x_lc_rd_eabi.lib</file>
         <name>int32.asm.obj</name>
      </input_file>
      <input_file id="fl-30">
         <path>/Applications/ti/ccs1250/ccs/tools/compiler/ti-cgt-msp430_21.6.1.LTS/lib/</path>
         <kind>archive</kind>
         <file>rts430x_lc_rd_eabi.lib</file>
         <name>int33.asm.obj</name>
      </input_file>
      <input_file id="fl-31">
         <path>/Applications/ti/ccs1250/ccs/tools/compiler/ti-cgt-msp430_21.6.1.LTS/lib/</path>
         <kind>archive</kind>
         <file>rts430x_lc_rd_eabi.lib</file>
         <name>int34.asm.obj</name>
      </input_file>
      <input_file id="fl-32">
         <path>/Applications/ti/ccs1250/ccs/tools/compiler/ti-cgt-msp430_21.6.1.LTS/lib/</path>
         <kind>archive</kind>
         <file>rts430x_lc_rd_eabi.lib</file>
         <name>int35.asm.obj</name>
      </input_file>
      <input_file id="fl-33">
         <path>/Applications/ti/ccs1250/ccs/tools/compiler/ti-cgt-msp430_21.6.1.LTS/lib/</path>
         <kind>archive</kind>
         <file>rts430x_lc_rd_eabi.lib</file>
         <name>int36.asm.obj</name>
      </input_file>
      <input_file id="fl-34">
         <path>/Applications/ti/ccs1250/ccs/tools/compiler/ti-cgt-msp430_21.6.1.LTS/lib/</path>
         <kind>archive</kind>
         <file>rts430x_lc_rd_eabi.lib</file>
         <name>int37.asm.obj</name>
      </input_file>
      <input_file id="fl-35">
         <path>/Applications/ti/ccs1250/ccs/tools/compiler/ti-cgt-msp430_21.6.1.LTS/lib/</path>
         <kind>archive</kind>
         <file>rts430x_lc_rd_eabi.lib</file>
         <name>int38.asm.obj</name>
      </input_file>
      <input_file id="fl-36">
         <path>/Applications/ti/ccs1250/ccs/tools/compiler/ti-cgt-msp430_21.6.1.LTS/lib/</path>
         <kind>archive</kind>
         <file>rts430x_lc_rd_eabi.lib</file>
         <name>int39.asm.obj</name>
      </input_file>
      <input_file id="fl-37">
         <path>/Applications/ti/ccs1250/ccs/tools/compiler/ti-cgt-msp430_21.6.1.LTS/lib/</path>
         <kind>archive</kind>
         <file>rts430x_lc_rd_eabi.lib</file>
         <name>int40.asm.obj</name>
      </input_file>
      <input_file id="fl-38">
         <path>/Applications/ti/ccs1250/ccs/tools/compiler/ti-cgt-msp430_21.6.1.LTS/lib/</path>
         <kind>archive</kind>
         <file>rts430x_lc_rd_eabi.lib</file>
         <name>int41.asm.obj</name>
      </input_file>
      <input_file id="fl-39">
         <path>/Applications/ti/ccs1250/ccs/tools/compiler/ti-cgt-msp430_21.6.1.LTS/lib/</path>
         <kind>archive</kind>
         <file>rts430x_lc_rd_eabi.lib</file>
         <name>int42.asm.obj</name>
      </input_file>
      <input_file id="fl-3a">
         <path>/Applications/ti/ccs1250/ccs/tools/compiler/ti-cgt-msp430_21.6.1.LTS/lib/</path>
         <kind>archive</kind>
         <file>rts430x_lc_rd_eabi.lib</file>
         <name>int43.asm.obj</name>
      </input_file>
      <input_file id="fl-3b">
         <path>/Applications/ti/ccs1250/ccs/tools/compiler/ti-cgt-msp430_21.6.1.LTS/lib/</path>
         <kind>archive</kind>
         <file>rts430x_lc_rd_eabi.lib</file>
         <name>int44.asm.obj</name>
      </input_file>
      <input_file id="fl-3c">
         <path>/Applications/ti/ccs1250/ccs/tools/compiler/ti-cgt-msp430_21.6.1.LTS/lib/</path>
         <kind>archive</kind>
         <file>rts430x_lc_rd_eabi.lib</file>
         <name>int46.asm.obj</name>
      </input_file>
      <input_file id="fl-3d">
         <path>/Applications/ti/ccs1250/ccs/tools/compiler/ti-cgt-msp430_21.6.1.LTS/lib/</path>
         <kind>archive</kind>
         <file>rts430x_lc_rd_eabi.lib</file>
         <name>int47.asm.obj</name>
      </input_file>
      <input_file id="fl-3e">
         <path>/Applications/ti/ccs1250/ccs/tools/compiler/ti-cgt-msp430_21.6.1.LTS/lib/</path>
         <kind>archive</kind>
         <file>rts430x_lc_rd_eabi.lib</file>
         <name>int48.asm.obj</name>
      </input_file>
      <input_file id="fl-3f">
         <path>/Applications/ti/ccs1250/ccs/tools/compiler/ti-cgt-msp430_21.6.1.LTS/lib/</path>
         <kind>archive</kind>
         <file>rts430x_lc_rd_eabi.lib</file>
         <name>int49.asm.obj</name>
      </input_file>
      <input_file id="fl-40">
         <path>/Applications/ti/ccs1250/ccs/tools/compiler/ti-cgt-msp430_21.6.1.LTS/lib/</path>
         <kind>archive</kind>
         <file>rts430x_lc_rd_eabi.lib</file>
         <name>int50.asm.obj</name>
      </input_file>
      <input_file id="fl-41">
         <path>/Applications/ti/ccs1250/ccs/tools/compiler/ti-cgt-msp430_21.6.1.LTS/lib/</path>
         <kind>archive</kind>
         <file>rts430x_lc_rd_eabi.lib</file>
         <name>int51.asm.obj</name>
      </input_file>
      <input_file id="fl-42">
         <path>/Applications/ti/ccs1250/ccs/tools/compiler/ti-cgt-msp430_21.6.1.LTS/lib/</path>
         <kind>archive</kind>
         <file>rts430x_lc_rd_eabi.lib</file>
         <name>int52.asm.obj</name>
      </input_file>
      <input_file id="fl-43">
         <path>/Applications/ti/ccs1250/ccs/tools/compiler/ti-cgt-msp430_21.6.1.LTS/lib/</path>
         <kind>archive</kind>
         <file>rts430x_lc_rd_eabi.lib</file>
         <name>int53.asm.obj</name>
      </input_file>
      <input_file id="fl-44">
         <path>/Applications/ti/ccs1250/ccs/tools/compiler/ti-cgt-msp430_21.6.1.LTS/lib/</path>
         <kind>archive</kind>
         <file>rts430x_lc_rd_eabi.lib</file>
         <name>int54.asm.obj</name>
      </input_file>
      <input_file id="fl-45">
         <path>/Applications/ti/ccs1250/ccs/tools/compiler/ti-cgt-msp430_21.6.1.LTS/lib/</path>
         <kind>archive</kind>
         <file>rts430x_lc_rd_eabi.lib</file>
         <name>copy_zero_init.c.obj</name>
      </input_file>
      <input_file id="fl-46">
         <path>/Applications/ti/ccs1250/ccs/tools/compiler/ti-cgt-msp430_21.6.1.LTS/lib/</path>
         <kind>archive</kind>
         <file>rts430x_lc_rd_eabi.lib</file>
         <name>div32s.asm.obj</name>
      </input_file>
      <input_file id="fl-47">
         <path>/Applications/ti/ccs1250/ccs/tools/compiler/ti-cgt-msp430_21.6.1.LTS/lib/</path>
         <kind>archive</kind>
         <file>rts430x_lc_rd_eabi.lib</file>
         <name>div32u.asm.obj</name>
      </input_file>
      <input_file id="fl-48">
         <path>/Applications/ti/ccs1250/ccs/tools/compiler/ti-cgt-msp430_21.6.1.LTS/lib/</path>
         <kind>archive</kind>
         <file>rts430x_lc_rd_eabi.lib</file>
         <name>mult16_f5hw.asm.obj</name>
      </input_file>
      <input_file id="fl-49">
         <path>/Applications/ti/ccs1250/ccs/tools/compiler/ti-cgt-msp430_21.6.1.LTS/lib/</path>
         <kind>archive</kind>
         <file>rts430x_lc_rd_eabi.lib</file>
         <name>mult32.asm.obj</name>
      </input_file>
      <input_file id="fl-4a">
         <path>/Applications/ti/ccs1250/ccs/tools/compiler/ti-cgt-msp430_21.6.1.LTS/lib/</path>
         <kind>archive</kind>
         <file>rts430x_lc_rd_eabi.lib</file>
         <name>mult32_f5hw.asm.obj</name>
      </input_file>
      <input_file id="fl-4b">
         <path>/Applications/ti/ccs1250/ccs/tools/compiler/ti-cgt-msp430_21.6.1.LTS/lib/</path>
         <kind>archive</kind>
         <file>rts430x_lc_rd_eabi.lib</file>
         <name>mult64_f5hw.asm.obj</name>
      </input_file>
      <input_file id="fl-4c">
         <path>/Applications/ti/ccs1250/ccs/tools/compiler/ti-cgt-msp430_21.6.1.LTS/lib/</path>
         <kind>archive</kind>
         <file>rts430x_lc_rd_eabi.lib</file>
         <name>mult1632_f5hw.asm.obj</name>
      </input_file>
      <input_file id="fl-4d">
         <path>/Applications/ti/ccs1250/ccs/tools/compiler/ti-cgt-msp430_21.6.1.LTS/lib/</path>
         <kind>archive</kind>
         <file>rts430x_lc_rd_eabi.lib</file>
         <name>mult3264_f5hw.asm.obj</name>
      </input_file>
      <input_file id="fl-4e">
         <path>/Applications/ti/ccs1250/ccs/tools/compiler/ti-cgt-msp430_21.6.1.LTS/lib/</path>
         <kind>archive</kind>
         <file>rts430x_lc_rd_eabi.lib</file>
         <name>lsl32.asm.obj</name>
      </input_file>
      <input_file id="fl-4f">
         <path>/Applications/ti/ccs1250/ccs/tools/compiler/ti-cgt-msp430_21.6.1.LTS/lib/</path>
         <kind>archive</kind>
         <file>rts430x_lc_rd_eabi.lib</file>
         <name>lsr64.c.obj</name>
      </input_file>
      <input_file id="fl-50">
         <path>/Applications/ti/ccs1250/ccs/tools/compiler/ti-cgt-msp430_21.6.1.LTS/lib/</path>
         <kind>archive</kind>
         <file>rts430x_lc_rd_eabi.lib</file>
         <name>boot.c.obj</name>
      </input_file>
      <input_file id="fl-51">
         <path>/Applications/ti/ccs1250/ccs/ccs_base/msp430/lib/FR59xx/</path>
         <kind>archive</kind>
         <file>MSPMPU_INIT_LIB_CCS_msp430_large_code_restricted_data.lib</file>
         <name>mpu_init.o</name>
      </input_file>
      <input_file id="fl-52">
         <path>/Applications/ti/ccs1250/ccs/tools/compiler/ti-cgt-msp430_21.6.1.LTS/lib/</path>
         <kind>archive</kind>
         <file>rts430x_lc_rd_eabi.lib</file>
         <name>args_main.c.obj</name>
      </input_file>
      <input_file id="fl-53">
         <path>/Applications/ti/ccs1250/ccs/tools/compiler/ti-cgt-msp430_21.6.1.LTS/lib/</path>
         <kind>archive</kind>
         <file>rts430x_lc_rd_eabi.lib</file>
         <name>autoinit.c.obj</name>
      </input_file>
      <input_file id="fl-54">
         <path>/Applications/ti/ccs1250/ccs/tools/compiler/ti-cgt-msp430_21.6.1.LTS/lib/</path>
         <kind>archive</kind>
         <file>rts430x_lc_rd_eabi.lib</file>
         <name>startup.c.obj</name>
      </input_file>
      <input_file id="fl-55">
         <path>/Applications/ti/ccs1250/ccs/tools/compiler/ti-cgt-msp430_21.6.1.LTS/lib/</path>
         <kind>archive</kind>
         <file>rts430x_lc_rd_eabi.lib</file>
         <name>pre_init.c.obj</name>
      </input_file>
      <input_file id="fl-56">
         <path>/Applications/ti/ccs1250/ccs/tools/compiler/ti-cgt-msp430_21.6.1.LTS/lib/</path>
         <kind>archive</kind>
         <file>rts430x_lc_rd_eabi.lib</file>
         <name>cpy_tbl.c.obj</name>
      </input_file>
      <input_file id="fl-57">
         <path>/Applications/ti/ccs1250/ccs/tools/compiler/ti-cgt-msp430_21.6.1.LTS/lib/</path>
         <kind>archive</kind>
         <file>rts430x_lc_rd_eabi.lib</file>
         <name>mult16.asm.obj</name>
      </input_file>
      <input_file id="fl-58">
         <path>/Applications/ti/ccs1250/ccs/tools/compiler/ti-cgt-msp430_21.6.1.LTS/lib/</path>
         <kind>archive</kind>
         <file>rts430x_lc_rd_eabi.lib</file>
         <name>exit.c.obj</name>
      </input_file>
      <input_file id="fl-59">
         <path>/Applications/ti/ccs1250/ccs/tools/compiler/ti-cgt-msp430_21.6.1.LTS/lib/</path>
         <kind>archive</kind>
         <file>rts430x_lc_rd_eabi.lib</file>
         <name>exit_gvars.c.obj</name>
      </input_file>
      <input_file id="fl-5a">
         <path>/Applications/ti/ccs1250/ccs/tools/compiler/ti-cgt-msp430_21.6.1.LTS/lib/</path>
         <kind>archive</kind>
         <file>rts430x_lc_rd_eabi.lib</file>
         <name>_lock.c.obj</name>
      </input_file>
      <input_file id="fl-5b">
         <path>/Applications/ti/ccs1250/ccs/tools/compiler/ti-cgt-msp430_21.6.1.LTS/lib/</path>
         <kind>archive</kind>
         <file>rts430x_lc_rd_eabi.lib</file>
         <name>memcpy.c.obj</name>
      </input_file>
      <input_file id="fl-5c">
         <path>/Applications/ti/ccs1250/ccs/tools/compiler/ti-cgt-msp430_21.6.1.LTS/lib/</path>
         <kind>archive</kind>
         <file>rts430x_lc_rd_eabi.lib</file>
         <name>fputs.c.obj</name>
      </input_file>
      <input_file id="fl-5d">
         <path>/Applications/ti/ccs1250/ccs/tools/compiler/ti-cgt-msp430_21.6.1.LTS/lib/</path>
         <kind>archive</kind>
         <file>rts430x_lc_rd_eabi.lib</file>
         <name>fflush.c.obj</name>
      </input_file>
      <input_file id="fl-5e">
         <path>/Applications/ti/ccs1250/ccs/tools/compiler/ti-cgt-msp430_21.6.1.LTS/lib/</path>
         <kind>archive</kind>
         <file>rts430x_lc_rd_eabi.lib</file>
         <name>defs.c.obj</name>
      </input_file>
      <input_file id="fl-5f">
         <path>/Applications/ti/ccs1250/ccs/tools/compiler/ti-cgt-msp430_21.6.1.LTS/lib/</path>
         <kind>archive</kind>
         <file>rts430x_lc_rd_eabi.lib</file>
         <name>_io_perm.c.obj</name>
      </input_file>
      <input_file id="fl-60">
         <path>/Applications/ti/ccs1250/ccs/tools/compiler/ti-cgt-msp430_21.6.1.LTS/lib/</path>
         <kind>archive</kind>
         <file>rts430x_lc_rd_eabi.lib</file>
         <name>fseek.c.obj</name>
      </input_file>
      <input_file id="fl-61">
         <path>/Applications/ti/ccs1250/ccs/tools/compiler/ti-cgt-msp430_21.6.1.LTS/lib/</path>
         <kind>archive</kind>
         <file>rts430x_lc_rd_eabi.lib</file>
         <name>lseek.c.obj</name>
      </input_file>
      <input_file id="fl-62">
         <path>/Applications/ti/ccs1250/ccs/tools/compiler/ti-cgt-msp430_21.6.1.LTS/lib/</path>
         <kind>archive</kind>
         <file>rts430x_lc_rd_eabi.lib</file>
         <name>host_device.c.obj</name>
      </input_file>
      <input_file id="fl-63">
         <path>/Applications/ti/ccs1250/ccs/tools/compiler/ti-cgt-msp430_21.6.1.LTS/lib/</path>
         <kind>archive</kind>
         <file>rts430x_lc_rd_eabi.lib</file>
         <name>hostclose.c.obj</name>
      </input_file>
      <input_file id="fl-64">
         <path>/Applications/ti/ccs1250/ccs/tools/compiler/ti-cgt-msp430_21.6.1.LTS/lib/</path>
         <kind>archive</kind>
         <file>rts430x_lc_rd_eabi.lib</file>
         <name>hostlseek.c.obj</name>
      </input_file>
      <input_file id="fl-65">
         <path>/Applications/ti/ccs1250/ccs/tools/compiler/ti-cgt-msp430_21.6.1.LTS/lib/</path>
         <kind>archive</kind>
         <file>rts430x_lc_rd_eabi.lib</file>
         <name>hostopen.c.obj</name>
      </input_file>
      <input_file id="fl-66">
         <path>/Applications/ti/ccs1250/ccs/tools/compiler/ti-cgt-msp430_21.6.1.LTS/lib/</path>
         <kind>archive</kind>
         <file>rts430x_lc_rd_eabi.lib</file>
         <name>hostread.c.obj</name>
      </input_file>
      <input_file id="fl-67">
         <path>/Applications/ti/ccs1250/ccs/tools/compiler/ti-cgt-msp430_21.6.1.LTS/lib/</path>
         <kind>archive</kind>
         <file>rts430x_lc_rd_eabi.lib</file>
         <name>hostrename.c.obj</name>
      </input_file>
      <input_file id="fl-68">
         <path>/Applications/ti/ccs1250/ccs/tools/compiler/ti-cgt-msp430_21.6.1.LTS/lib/</path>
         <kind>archive</kind>
         <file>rts430x_lc_rd_eabi.lib</file>
         <name>hostunlink.c.obj</name>
      </input_file>
      <input_file id="fl-69">
         <path>/Applications/ti/ccs1250/ccs/tools/compiler/ti-cgt-msp430_21.6.1.LTS/lib/</path>
         <kind>archive</kind>
         <file>rts430x_lc_rd_eabi.lib</file>
         <name>hostwrite.c.obj</name>
      </input_file>
      <input_file id="fl-6a">
         <path>/Applications/ti/ccs1250/ccs/tools/compiler/ti-cgt-msp430_21.6.1.LTS/lib/</path>
         <kind>archive</kind>
         <file>rts430x_lc_rd_eabi.lib</file>
         <name>trgmsg.c.obj</name>
      </input_file>
      <input_file id="fl-6b">
         <path>/Applications/ti/ccs1250/ccs/tools/compiler/ti-cgt-msp430_21.6.1.LTS/lib/</path>
         <kind>archive</kind>
         <file>rts430x_lc_rd_eabi.lib</file>
         <name>memchr.c.obj</name>
      </input_file>
      <input_file id="fl-6c">
         <path>/Applications/ti/ccs1250/ccs/tools/compiler/ti-cgt-msp430_21.6.1.LTS/lib/</path>
         <kind>archive</kind>
         <file>rts430x_lc_rd_eabi.lib</file>
         <name>setvbuf.c.obj</name>
      </input_file>
      <input_file id="fl-6d">
         <path>/Applications/ti/ccs1250/ccs/tools/compiler/ti-cgt-msp430_21.6.1.LTS/lib/</path>
         <kind>archive</kind>
         <file>rts430x_lc_rd_eabi.lib</file>
         <name>fopen.c.obj</name>
      </input_file>
      <input_file id="fl-6e">
         <path>/Applications/ti/ccs1250/ccs/tools/compiler/ti-cgt-msp430_21.6.1.LTS/lib/</path>
         <kind>archive</kind>
         <file>rts430x_lc_rd_eabi.lib</file>
         <name>fclose.c.obj</name>
      </input_file>
      <input_file id="fl-6f">
         <path>/Applications/ti/ccs1250/ccs/tools/compiler/ti-cgt-msp430_21.6.1.LTS/lib/</path>
         <kind>archive</kind>
         <file>rts430x_lc_rd_eabi.lib</file>
         <name>close.c.obj</name>
      </input_file>
      <input_file id="fl-70">
         <path>/Applications/ti/ccs1250/ccs/tools/compiler/ti-cgt-msp430_21.6.1.LTS/lib/</path>
         <kind>archive</kind>
         <file>rts430x_lc_rd_eabi.lib</file>
         <name>memory.c.obj</name>
      </input_file>
      <input_file id="fl-71">
         <path>/Applications/ti/ccs1250/ccs/tools/compiler/ti-cgt-msp430_21.6.1.LTS/lib/</path>
         <kind>archive</kind>
         <file>rts430x_lc_rd_eabi.lib</file>
         <name>div16u.asm.obj</name>
      </input_file>
      <input_file id="fl-72">
         <path>/Applications/ti/ccs1250/ccs/tools/compiler/ti-cgt-msp430_21.6.1.LTS/lib/</path>
         <kind>archive</kind>
         <file>rts430x_lc_rd_eabi.lib</file>
         <name>memset.c.obj</name>
      </input_file>
      <input_file id="fl-73">
         <path>/Applications/ti/ccs1250/ccs/tools/compiler/ti-cgt-msp430_21.6.1.LTS/lib/</path>
         <kind>archive</kind>
         <file>rts430x_lc_rd_eabi.lib</file>
         <name>open.c.obj</name>
      </input_file>
      <input_file id="fl-74">
         <path>/Applications/ti/ccs1250/ccs/tools/compiler/ti-cgt-msp430_21.6.1.LTS/lib/</path>
         <kind>archive</kind>
         <file>rts430x_lc_rd_eabi.lib</file>
         <name>div16s.asm.obj</name>
      </input_file>
      <input_file id="fl-75">
         <path>/Applications/ti/ccs1250/ccs/tools/compiler/ti-cgt-msp430_21.6.1.LTS/lib/</path>
         <kind>archive</kind>
         <file>rts430x_lc_rd_eabi.lib</file>
         <name>getdevice.c.obj</name>
      </input_file>
      <input_file id="fl-76">
         <path>/Applications/ti/ccs1250/ccs/tools/compiler/ti-cgt-msp430_21.6.1.LTS/lib/</path>
         <kind>archive</kind>
         <file>rts430x_lc_rd_eabi.lib</file>
         <name>remove.c.obj</name>
      </input_file>
      <input_file id="fl-77">
         <path>/Applications/ti/ccs1250/ccs/tools/compiler/ti-cgt-msp430_21.6.1.LTS/lib/</path>
         <kind>archive</kind>
         <file>rts430x_lc_rd_eabi.lib</file>
         <name>strchr.c.obj</name>
      </input_file>
      <input_file id="fl-78">
         <path>/Applications/ti/ccs1250/ccs/tools/compiler/ti-cgt-msp430_21.6.1.LTS/lib/</path>
         <kind>archive</kind>
         <file>rts430x_lc_rd_eabi.lib</file>
         <name>strcmp.c.obj</name>
      </input_file>
      <input_file id="fl-79">
         <path>/Applications/ti/ccs1250/ccs/tools/compiler/ti-cgt-msp430_21.6.1.LTS/lib/</path>
         <kind>archive</kind>
         <file>rts430x_lc_rd_eabi.lib</file>
         <name>strcpy.c.obj</name>
      </input_file>
      <input_file id="fl-7a">
         <path>/Applications/ti/ccs1250/ccs/tools/compiler/ti-cgt-msp430_21.6.1.LTS/lib/</path>
         <kind>archive</kind>
         <file>rts430x_lc_rd_eabi.lib</file>
         <name>strlen.c.obj</name>
      </input_file>
      <input_file id="fl-7b">
         <path>/Applications/ti/ccs1250/ccs/tools/compiler/ti-cgt-msp430_21.6.1.LTS/lib/</path>
         <kind>archive</kind>
         <file>rts430x_lc_rd_eabi.lib</file>
         <name>strncpy.c.obj</name>
      </input_file>
      <input_file id="fl-7c">
         <path>/Applications/ti/ccs1250/ccs/tools/compiler/ti-cgt-msp430_21.6.1.LTS/lib/</path>
         <kind>archive</kind>
         <file>rts430x_lc_rd_eabi.lib</file>
         <name>unlink.c.obj</name>
      </input_file>
      <input_file id="fl-7d">
         <path>/Applications/ti/ccs1250/ccs/tools/compiler/ti-cgt-msp430_21.6.1.LTS/lib/</path>
         <kind>archive</kind>
         <file>rts430x_lc_rd_eabi.lib</file>
         <name>write.c.obj</name>
      </input_file>
   </input_file_list>
   <object_component_list>
      <object_component id="oc-575">
         <name>.TI.persistent:FRAM_write</name>
         <load_address>0x4400</load_address>
         <run_address>0x4400</run_address>
         <size>0x2710</size>
         <input_file_ref idref="fl-3"/>
      </object_component>
      <object_component id="oc-6ea">
         <name>.cio</name>
         <load_address>0x6b10</load_address>
         <run_address>0x6b10</run_address>
         <size>0x120</size>
         <input_file_ref idref="fl-6a"/>
      </object_component>
      <object_component id="oc-3b5">
         <name>.sysmem</name>
         <load_address>0x6c30</load_address>
         <run_address>0x6c30</run_address>
         <size>0x8</size>
         <input_file_ref idref="fl-70"/>
      </object_component>
      <object_component id="oc-7af">
         <name>.sysmem</name>
         <load_address>0x6c30</load_address>
         <run_address>0x6c30</run_address>
         <size>0x0</size>
      </object_component>
      <object_component id="oc-7ad">
         <name>.cinit..data.load</name>
         <load_address>0x70a8</load_address>
         <run_address>0x70a8</run_address>
         <size>0x67</size>
      </object_component>
      <object_component id="oc-7aa">
         <name>__TI_handler_table</name>
         <load_address>0x7110</load_address>
         <run_address>0x7110</run_address>
         <size>0xc</size>
      </object_component>
      <object_component id="oc-7ac">
         <name>.cinit..bss.load</name>
         <load_address>0x711c</load_address>
         <run_address>0x711c</run_address>
         <size>0x6</size>
      </object_component>
      <object_component id="oc-7ab">
         <name>__TI_cinit_table</name>
         <load_address>0x7122</load_address>
         <run_address>0x7122</run_address>
         <size>0x10</size>
      </object_component>
      <object_component id="oc-73b">
         <name>.binit</name>
         <load_address>0x4400</load_address>
         <run_address>0x4400</run_address>
         <size>0x0</size>
      </object_component>
      <object_component id="oc-518">
         <name>.const:.string</name>
         <load_address>0x706c</load_address>
         <run_address>0x706c</run_address>
         <size>0x3a</size>
         <input_file_ref idref="fl-3"/>
      </object_component>
      <object_component id="oc-570">
         <name>.const:.string</name>
         <load_address>0x70a6</load_address>
         <run_address>0x70a6</run_address>
         <size>0x2</size>
         <input_file_ref idref="fl-5c"/>
      </object_component>
      <object_component id="oc-3d5">
         <name>.text:_isr:timer_a0_isr</name>
         <load_address>0x7000</load_address>
         <run_address>0x7000</run_address>
         <size>0x44</size>
         <input_file_ref idref="fl-2"/>
      </object_component>
      <object_component id="oc-405">
         <name>.text:_isr:_c_int00_noargs_mpu</name>
         <load_address>0x7044</load_address>
         <run_address>0x7044</run_address>
         <size>0x20</size>
         <input_file_ref idref="fl-50"/>
      </object_component>
      <object_component id="oc-3d0">
         <name>.text:_isr:__TI_ISR_TRAP</name>
         <load_address>0x7064</load_address>
         <run_address>0x7064</run_address>
         <size>0x8</size>
         <input_file_ref idref="fl-2d"/>
      </object_component>
      <object_component id="oc-450">
         <name>.text:main</name>
         <load_address>0x10000</load_address>
         <run_address>0x10000</run_address>
         <size>0x134</size>
         <input_file_ref idref="fl-2"/>
      </object_component>
      <object_component id="oc-651">
         <name>.text:aligned_alloc</name>
         <load_address>0x10134</load_address>
         <run_address>0x10134</run_address>
         <size>0x112</size>
         <input_file_ref idref="fl-70"/>
      </object_component>
      <object_component id="oc-56a">
         <name>.text:fputs</name>
         <load_address>0x10246</load_address>
         <run_address>0x10246</run_address>
         <size>0xf0</size>
         <input_file_ref idref="fl-5c"/>
      </object_component>
      <object_component id="oc-607">
         <name>.text:free</name>
         <load_address>0x10336</load_address>
         <run_address>0x10336</run_address>
         <size>0xe2</size>
         <input_file_ref idref="fl-70"/>
      </object_component>
      <object_component id="oc-5e7">
         <name>.text:setvbuf</name>
         <load_address>0x10418</load_address>
         <run_address>0x10418</run_address>
         <size>0xde</size>
         <input_file_ref idref="fl-6c"/>
      </object_component>
      <object_component id="oc-67c">
         <name>.text:HOSTlseek</name>
         <load_address>0x104f6</load_address>
         <run_address>0x104f6</run_address>
         <size>0x9a</size>
         <input_file_ref idref="fl-64"/>
      </object_component>
      <object_component id="oc-5aa">
         <name>.text:__TI_wrt_ok</name>
         <load_address>0x10590</load_address>
         <run_address>0x10590</run_address>
         <size>0x7e</size>
         <input_file_ref idref="fl-5f"/>
      </object_component>
      <object_component id="oc-76">
         <name>.text:decompress:lzss:__TI_decompress_lzss</name>
         <load_address>0x1060e</load_address>
         <run_address>0x1060e</run_address>
         <size>0x76</size>
         <input_file_ref idref="fl-2a"/>
      </object_component>
      <object_component id="oc-4b3">
         <name>.text:uint32_to_binary</name>
         <load_address>0x10684</load_address>
         <run_address>0x10684</run_address>
         <size>0x76</size>
         <input_file_ref idref="fl-2"/>
      </object_component>
      <object_component id="oc-688">
         <name>.text:HOSTrename</name>
         <load_address>0x106fa</load_address>
         <run_address>0x106fa</run_address>
         <size>0x74</size>
         <input_file_ref idref="fl-67"/>
      </object_component>
      <object_component id="oc-658">
         <name>.text:__TI_closefile</name>
         <load_address>0x1076e</load_address>
         <run_address>0x1076e</run_address>
         <size>0x74</size>
         <input_file_ref idref="fl-6e"/>
      </object_component>
      <object_component id="oc-69d">
         <name>.text:split</name>
         <load_address>0x107e2</load_address>
         <run_address>0x107e2</run_address>
         <size>0x74</size>
         <input_file_ref idref="fl-70"/>
      </object_component>
      <object_component id="oc-664">
         <name>.text:HOSTopen</name>
         <load_address>0x10856</load_address>
         <run_address>0x10856</run_address>
         <size>0x70</size>
         <input_file_ref idref="fl-65"/>
      </object_component>
      <object_component id="oc-676">
         <name>.text:HOSTwrite</name>
         <load_address>0x108c6</load_address>
         <run_address>0x108c6</run_address>
         <size>0x6c</size>
         <input_file_ref idref="fl-69"/>
      </object_component>
      <object_component id="oc-670">
         <name>.text:HOSTread</name>
         <load_address>0x10932</load_address>
         <run_address>0x10932</run_address>
         <size>0x6a</size>
         <input_file_ref idref="fl-66"/>
      </object_component>
      <object_component id="oc-5e1">
         <name>.text:fseeko</name>
         <load_address>0x1099c</load_address>
         <run_address>0x1099c</run_address>
         <size>0x6a</size>
         <input_file_ref idref="fl-60"/>
      </object_component>
      <object_component id="oc-5bc">
         <name>.text:__TI_doflush</name>
         <load_address>0x10a06</load_address>
         <run_address>0x10a06</run_address>
         <size>0x64</size>
         <input_file_ref idref="fl-5d"/>
      </object_component>
      <object_component id="oc-6a4">
         <name>.text:close</name>
         <load_address>0x10a6a</load_address>
         <run_address>0x10a6a</run_address>
         <size>0x5a</size>
         <input_file_ref idref="fl-6f"/>
      </object_component>
      <object_component id="oc-6de">
         <name>.text:getdevice</name>
         <load_address>0x10ac4</load_address>
         <run_address>0x10ac4</run_address>
         <size>0x5a</size>
         <input_file_ref idref="fl-75"/>
      </object_component>
      <object_component id="oc-4e3">
         <name>.text:__TI_auto_init_nobinit_nopinit_hold_wdt:__TI_auto_init_nobinit_nopinit_hold_wdt</name>
         <load_address>0x10b1e</load_address>
         <run_address>0x10b1e</run_address>
         <size>0x54</size>
         <input_file_ref idref="fl-53"/>
      </object_component>
      <object_component id="oc-4a0">
         <name>.text:generate_data</name>
         <load_address>0x10b72</load_address>
         <run_address>0x10b72</run_address>
         <size>0x50</size>
         <input_file_ref idref="fl-3"/>
      </object_component>
      <object_component id="oc-66a">
         <name>.text:HOSTclose</name>
         <load_address>0x10bc2</load_address>
         <run_address>0x10bc2</run_address>
         <size>0x4e</size>
         <input_file_ref idref="fl-63"/>
      </object_component>
      <object_component id="oc-4c5">
         <name>.text:exit</name>
         <load_address>0x10c10</load_address>
         <run_address>0x10c10</run_address>
         <size>0x4a</size>
         <input_file_ref idref="fl-58"/>
      </object_component>
      <object_component id="oc-682">
         <name>.text:HOSTunlink</name>
         <load_address>0x10c5a</load_address>
         <run_address>0x10c5a</run_address>
         <size>0x46</size>
         <input_file_ref idref="fl-68"/>
      </object_component>
      <object_component id="oc-4ad">
         <name>.text:l_lsl_const</name>
         <load_address>0x10ca0</load_address>
         <run_address>0x10ca0</run_address>
         <size>0x3e</size>
         <input_file_ref idref="fl-4e"/>
      </object_component>
      <object_component id="oc-5fa">
         <name>.text:lseek</name>
         <load_address>0x10cde</load_address>
         <run_address>0x10cde</run_address>
         <size>0x3e</size>
         <input_file_ref idref="fl-61"/>
      </object_component>
      <object_component id="oc-5c2">
         <name>.text:write</name>
         <load_address>0x10d1c</load_address>
         <run_address>0x10d1c</run_address>
         <size>0x3c</size>
         <input_file_ref idref="fl-7d"/>
      </object_component>
      <object_component id="oc-613">
         <name>.text:__TI_cleanup</name>
         <load_address>0x10d58</load_address>
         <run_address>0x10d58</run_address>
         <size>0x36</size>
         <input_file_ref idref="fl-6d"/>
      </object_component>
      <object_component id="oc-6b8">
         <name>.text:__TI_writemsg</name>
         <load_address>0x10d8e</load_address>
         <run_address>0x10d8e</run_address>
         <size>0x36</size>
         <input_file_ref idref="fl-6a"/>
      </object_component>
      <object_component id="oc-6be">
         <name>.text:__TI_readmsg</name>
         <load_address>0x10dc4</load_address>
         <run_address>0x10dc4</run_address>
         <size>0x32</size>
         <input_file_ref idref="fl-6a"/>
      </object_component>
      <object_component id="oc-706">
         <name>.text:strncpy</name>
         <load_address>0x10df6</load_address>
         <run_address>0x10df6</run_address>
         <size>0x32</size>
         <input_file_ref idref="fl-7b"/>
      </object_component>
      <object_component id="oc-4a7">
         <name>.text:add_header</name>
         <load_address>0x10e28</load_address>
         <run_address>0x10e28</run_address>
         <size>0x30</size>
         <input_file_ref idref="fl-3"/>
      </object_component>
      <object_component id="oc-6ab">
         <name>.text:unlink</name>
         <load_address>0x10e58</load_address>
         <run_address>0x10e58</run_address>
         <size>0x30</size>
         <input_file_ref idref="fl-7c"/>
      </object_component>
      <object_component id="oc-70c">
         <name>.text:finddevice</name>
         <load_address>0x10e88</load_address>
         <run_address>0x10e88</run_address>
         <size>0x2e</size>
         <input_file_ref idref="fl-75"/>
      </object_component>
      <object_component id="oc-522">
         <name>.text:generate_sample</name>
         <load_address>0x10eb6</load_address>
         <run_address>0x10eb6</run_address>
         <size>0x2e</size>
         <input_file_ref idref="fl-3"/>
      </object_component>
      <object_component id="oc-45f">
         <name>.text:__mpu_init</name>
         <load_address>0x10ee4</load_address>
         <run_address>0x10ee4</run_address>
         <size>0x2c</size>
         <input_file_ref idref="fl-51"/>
      </object_component>
      <object_component id="oc-64a">
         <name>.text:free_list_insert</name>
         <load_address>0x10f10</load_address>
         <run_address>0x10f10</run_address>
         <size>0x2c</size>
         <input_file_ref idref="fl-70"/>
      </object_component>
      <object_component id="oc-644">
         <name>.text:free_list_remove</name>
         <load_address>0x10f3c</load_address>
         <run_address>0x10f3c</run_address>
         <size>0x2a</size>
         <input_file_ref idref="fl-70"/>
      </object_component>
      <object_component id="oc-3db">
         <name>.text:decompress:ZI:__TI_zero_init_nomemset:__TI_zero_init_nomemset</name>
         <load_address>0x10f66</load_address>
         <run_address>0x10f66</run_address>
         <size>0x24</size>
         <input_file_ref idref="fl-45"/>
      </object_component>
      <object_component id="oc-519">
         <name>.text:puts</name>
         <load_address>0x10f8a</load_address>
         <run_address>0x10f8a</run_address>
         <size>0x20</size>
         <input_file_ref idref="fl-5c"/>
      </object_component>
      <object_component id="oc-494">
         <name>.text:set_cpu_freq</name>
         <load_address>0x10faa</load_address>
         <run_address>0x10faa</run_address>
         <size>0x1e</size>
         <input_file_ref idref="fl-2"/>
      </object_component>
      <object_component id="oc-700">
         <name>.text:strchr</name>
         <load_address>0x10fc8</load_address>
         <run_address>0x10fc8</run_address>
         <size>0x1c</size>
         <input_file_ref idref="fl-77"/>
      </object_component>
      <object_component id="oc-725">
         <name>.text:strcmp</name>
         <load_address>0x10fe4</load_address>
         <run_address>0x10fe4</run_address>
         <size>0x1c</size>
         <input_file_ref idref="fl-78"/>
      </object_component>
      <object_component id="oc-43b">
         <name>.text:msp430_timer_stop</name>
         <load_address>0x11000</load_address>
         <run_address>0x11000</run_address>
         <size>0x1a</size>
         <input_file_ref idref="fl-2"/>
      </object_component>
      <object_component id="oc-59a">
         <name>.text</name>
         <load_address>0x1101a</load_address>
         <run_address>0x1101a</run_address>
         <size>0x18</size>
         <input_file_ref idref="fl-48"/>
      </object_component>
      <object_component id="oc-63e">
         <name>.text:heap_start</name>
         <load_address>0x11032</load_address>
         <run_address>0x11032</run_address>
         <size>0x16</size>
         <input_file_ref idref="fl-70"/>
      </object_component>
      <object_component id="oc-5b6">
         <name>.text:memchr</name>
         <load_address>0x11048</load_address>
         <run_address>0x11048</run_address>
         <size>0x16</size>
         <input_file_ref idref="fl-6b"/>
      </object_component>
      <object_component id="oc-3c3">
         <name>.text:memcpy</name>
         <load_address>0x1105e</load_address>
         <run_address>0x1105e</run_address>
         <size>0x14</size>
         <input_file_ref idref="fl-5b"/>
      </object_component>
      <object_component id="oc-7c">
         <name>.text:decompress:none:__TI_decompress_none</name>
         <load_address>0x11072</load_address>
         <run_address>0x11072</run_address>
         <size>0x12</size>
         <input_file_ref idref="fl-2b"/>
      </object_component>
      <object_component id="oc-49a">
         <name>.text:packet_hdr_template</name>
         <load_address>0x11084</load_address>
         <run_address>0x11084</run_address>
         <size>0x12</size>
         <input_file_ref idref="fl-3"/>
      </object_component>
      <object_component id="oc-6cf">
         <name>.text:strcpy</name>
         <load_address>0x11096</load_address>
         <run_address>0x11096</run_address>
         <size>0x12</size>
         <input_file_ref idref="fl-79"/>
      </object_component>
      <object_component id="oc-5b0">
         <name>.text:strlen</name>
         <load_address>0x110a8</load_address>
         <run_address>0x110a8</run_address>
         <size>0xe</size>
         <input_file_ref idref="fl-7a"/>
      </object_component>
      <object_component id="oc-435">
         <name>.text:disable_signal</name>
         <load_address>0x110b6</load_address>
         <run_address>0x110b6</run_address>
         <size>0xc</size>
         <input_file_ref idref="fl-2"/>
      </object_component>
      <object_component id="oc-4b9">
         <name>.text:delay_ns</name>
         <load_address>0x110c2</load_address>
         <run_address>0x110c2</run_address>
         <size>0xa</size>
         <input_file_ref idref="fl-2"/>
      </object_component>
      <object_component id="oc-60d">
         <name>.text:malloc</name>
         <load_address>0x110cc</load_address>
         <run_address>0x110cc</run_address>
         <size>0x8</size>
         <input_file_ref idref="fl-70"/>
      </object_component>
      <object_component id="oc-4bf">
         <name>.text:abort</name>
         <load_address>0x110d4</load_address>
         <run_address>0x110d4</run_address>
         <size>0x6</size>
         <input_file_ref idref="fl-58"/>
      </object_component>
      <object_component id="oc-44a">
         <name>.text:_system_pre_init</name>
         <load_address>0x110da</load_address>
         <run_address>0x110da</run_address>
         <size>0x4</size>
         <input_file_ref idref="fl-55"/>
      </object_component>
      <object_component id="oc-57b">
         <name>.text:_nop</name>
         <load_address>0x110de</load_address>
         <run_address>0x110de</run_address>
         <size>0x2</size>
         <input_file_ref idref="fl-5a"/>
      </object_component>
      <object_component id="oc-540">
         <name>.text:_system_post_cinit</name>
         <load_address>0x110e0</load_address>
         <run_address>0x110e0</run_address>
         <size>0x2</size>
         <input_file_ref idref="fl-54"/>
      </object_component>
      <object_component id="oc-695">
         <name>.bss</name>
         <uninitialized>true</uninitialized>
         <run_address>0x2010</run_address>
         <size>0x4</size>
         <input_file_ref idref="fl-70"/>
      </object_component>
      <object_component id="oc-52b">
         <name>.common:txbit</name>
         <uninitialized>true</uninitialized>
         <run_address>0x2014</run_address>
         <size>0x1</size>
      </object_component>
      <object_component id="oc-6aa">
         <name>.common:__TI_tmpnams</name>
         <uninitialized>true</uninitialized>
         <run_address>0x1f68</run_address>
         <size>0xa0</size>
      </object_component>
      <object_component id="oc-6b5">
         <name>.common:parmbuf</name>
         <uninitialized>true</uninitialized>
         <run_address>0x2008</run_address>
         <size>0x8</size>
      </object_component>
      <object_component id="oc-42c">
         <name>.data</name>
         <load_address>0x1f4c</load_address>
         <run_address>0x1f4c</run_address>
         <size>0x5</size>
         <input_file_ref idref="fl-2"/>
      </object_component>
      <object_component id="oc-432">
         <name>.data:arr_dump</name>
         <load_address>0x1c00</load_address>
         <run_address>0x1c00</run_address>
         <size>0x180</size>
         <input_file_ref idref="fl-2"/>
      </object_component>
      <object_component id="oc-4a6">
         <name>.data:message$2</name>
         <load_address>0x1efc</load_address>
         <run_address>0x1efc</run_address>
         <size>0x1c</size>
         <input_file_ref idref="fl-2"/>
      </object_component>
      <object_component id="oc-4b2">
         <name>.data:buffer$3</name>
         <load_address>0x1f18</load_address>
         <run_address>0x1f18</run_address>
         <size>0x18</size>
         <input_file_ref idref="fl-2"/>
      </object_component>
      <object_component id="oc-51f">
         <name>.data</name>
         <load_address>0x1f44</load_address>
         <run_address>0x1f44</run_address>
         <size>0x8</size>
         <input_file_ref idref="fl-3"/>
      </object_component>
      <object_component id="oc-510">
         <name>.data:packet_hdr_2500</name>
         <load_address>0x1f3a</load_address>
         <run_address>0x1f3a</run_address>
         <size>0xa</size>
         <input_file_ref idref="fl-3"/>
      </object_component>
      <object_component id="oc-513">
         <name>.data:packet_hdr_1352</name>
         <load_address>0x1f30</load_address>
         <run_address>0x1f30</run_address>
         <size>0xa</size>
         <input_file_ref idref="fl-3"/>
      </object_component>
      <object_component id="oc-52f">
         <name>.data</name>
         <load_address>0x1f64</load_address>
         <run_address>0x1f64</run_address>
         <size>0x2</size>
         <input_file_ref idref="fl-58"/>
      </object_component>
      <object_component id="oc-538">
         <name>.data:__TI_cleanup_ptr</name>
         <load_address>0x1f52</load_address>
         <run_address>0x1f52</run_address>
         <size>0x4</size>
         <input_file_ref idref="fl-59"/>
      </object_component>
      <object_component id="oc-535">
         <name>.data:__TI_dtors_ptr</name>
         <load_address>0x1f56</load_address>
         <run_address>0x1f56</run_address>
         <size>0x4</size>
         <input_file_ref idref="fl-59"/>
      </object_component>
      <object_component id="oc-532">
         <name>.data:_lock</name>
         <load_address>0x1f5a</load_address>
         <run_address>0x1f5a</run_address>
         <size>0x4</size>
         <input_file_ref idref="fl-5a"/>
      </object_component>
      <object_component id="oc-53b">
         <name>.data:_unlock</name>
         <load_address>0x1f5e</load_address>
         <run_address>0x1f5e</run_address>
         <size>0x4</size>
         <input_file_ref idref="fl-5a"/>
      </object_component>
      <object_component id="oc-567">
         <name>.data:_ftable</name>
         <load_address>0x1d80</load_address>
         <run_address>0x1d80</run_address>
         <size>0xc8</size>
         <input_file_ref idref="fl-5e"/>
      </object_component>
      <object_component id="oc-65e">
         <name>.data</name>
         <load_address>0x1f62</load_address>
         <run_address>0x1f62</run_address>
         <size>0x2</size>
         <input_file_ref idref="fl-5e"/>
      </object_component>
      <object_component id="oc-628">
         <name>.data:_device</name>
         <load_address>0x1e48</load_address>
         <run_address>0x1e48</run_address>
         <size>0x78</size>
         <input_file_ref idref="fl-62"/>
      </object_component>
      <object_component id="oc-5f5">
         <name>.data:_stream</name>
         <load_address>0x1ec0</load_address>
         <run_address>0x1ec0</run_address>
         <size>0x3c</size>
         <input_file_ref idref="fl-62"/>
      </object_component>
      <object_component id="oc-69a">
         <name>.data</name>
         <load_address>0x1f66</load_address>
         <run_address>0x1f66</run_address>
         <size>0x2</size>
         <input_file_ref idref="fl-70"/>
      </object_component>
      <object_component id="oc-3b1">
         <name>.stack</name>
         <uninitialized>true</uninitialized>
         <run_address>0x2360</run_address>
         <size>0x4</size>
         <input_file_ref idref="fl-50"/>
      </object_component>
      <object_component id="oc-7ae">
         <name>.stack</name>
         <uninitialized>true</uninitialized>
         <run_address>0x2360</run_address>
         <size>0x0</size>
      </object_component>
      <object_component id="oc-82">
         <name>.int30</name>
         <load_address>0xffcc</load_address>
         <run_address>0xffcc</run_address>
         <size>0x2</size>
         <input_file_ref idref="fl-2c"/>
      </object_component>
      <object_component id="oc-83">
         <name>.int31</name>
         <load_address>0xffce</load_address>
         <run_address>0xffce</run_address>
         <size>0x2</size>
         <input_file_ref idref="fl-2e"/>
      </object_component>
      <object_component id="oc-84">
         <name>.int32</name>
         <load_address>0xffd0</load_address>
         <run_address>0xffd0</run_address>
         <size>0x2</size>
         <input_file_ref idref="fl-2f"/>
      </object_component>
      <object_component id="oc-85">
         <name>.int33</name>
         <load_address>0xffd2</load_address>
         <run_address>0xffd2</run_address>
         <size>0x2</size>
         <input_file_ref idref="fl-30"/>
      </object_component>
      <object_component id="oc-86">
         <name>.int34</name>
         <load_address>0xffd4</load_address>
         <run_address>0xffd4</run_address>
         <size>0x2</size>
         <input_file_ref idref="fl-31"/>
      </object_component>
      <object_component id="oc-87">
         <name>.int35</name>
         <load_address>0xffd6</load_address>
         <run_address>0xffd6</run_address>
         <size>0x2</size>
         <input_file_ref idref="fl-32"/>
      </object_component>
      <object_component id="oc-88">
         <name>.int36</name>
         <load_address>0xffd8</load_address>
         <run_address>0xffd8</run_address>
         <size>0x2</size>
         <input_file_ref idref="fl-33"/>
      </object_component>
      <object_component id="oc-89">
         <name>.int37</name>
         <load_address>0xffda</load_address>
         <run_address>0xffda</run_address>
         <size>0x2</size>
         <input_file_ref idref="fl-34"/>
      </object_component>
      <object_component id="oc-8a">
         <name>.int38</name>
         <load_address>0xffdc</load_address>
         <run_address>0xffdc</run_address>
         <size>0x2</size>
         <input_file_ref idref="fl-35"/>
      </object_component>
      <object_component id="oc-8b">
         <name>.int39</name>
         <load_address>0xffde</load_address>
         <run_address>0xffde</run_address>
         <size>0x2</size>
         <input_file_ref idref="fl-36"/>
      </object_component>
      <object_component id="oc-8c">
         <name>.int40</name>
         <load_address>0xffe0</load_address>
         <run_address>0xffe0</run_address>
         <size>0x2</size>
         <input_file_ref idref="fl-37"/>
      </object_component>
      <object_component id="oc-8d">
         <name>.int41</name>
         <load_address>0xffe2</load_address>
         <run_address>0xffe2</run_address>
         <size>0x2</size>
         <input_file_ref idref="fl-38"/>
      </object_component>
      <object_component id="oc-8e">
         <name>.int42</name>
         <load_address>0xffe4</load_address>
         <run_address>0xffe4</run_address>
         <size>0x2</size>
         <input_file_ref idref="fl-39"/>
      </object_component>
      <object_component id="oc-8f">
         <name>.int43</name>
         <load_address>0xffe6</load_address>
         <run_address>0xffe6</run_address>
         <size>0x2</size>
         <input_file_ref idref="fl-3a"/>
      </object_component>
      <object_component id="oc-90">
         <name>.int44</name>
         <load_address>0xffe8</load_address>
         <run_address>0xffe8</run_address>
         <size>0x2</size>
         <input_file_ref idref="fl-3b"/>
      </object_component>
      <object_component id="oc-91">
         <name>.int45</name>
         <load_address>0xffea</load_address>
         <run_address>0xffea</run_address>
         <size>0x2</size>
         <input_file_ref idref="fl-2"/>
      </object_component>
      <object_component id="oc-92">
         <name>.int46</name>
         <load_address>0xffec</load_address>
         <run_address>0xffec</run_address>
         <size>0x2</size>
         <input_file_ref idref="fl-3c"/>
      </object_component>
      <object_component id="oc-93">
         <name>.int47</name>
         <load_address>0xffee</load_address>
         <run_address>0xffee</run_address>
         <size>0x2</size>
         <input_file_ref idref="fl-3d"/>
      </object_component>
      <object_component id="oc-94">
         <name>.int48</name>
         <load_address>0xfff0</load_address>
         <run_address>0xfff0</run_address>
         <size>0x2</size>
         <input_file_ref idref="fl-3e"/>
      </object_component>
      <object_component id="oc-95">
         <name>.int49</name>
         <load_address>0xfff2</load_address>
         <run_address>0xfff2</run_address>
         <size>0x2</size>
         <input_file_ref idref="fl-3f"/>
      </object_component>
      <object_component id="oc-96">
         <name>.int50</name>
         <load_address>0xfff4</load_address>
         <run_address>0xfff4</run_address>
         <size>0x2</size>
         <input_file_ref idref="fl-40"/>
      </object_component>
      <object_component id="oc-97">
         <name>.int51</name>
         <load_address>0xfff6</load_address>
         <run_address>0xfff6</run_address>
         <size>0x2</size>
         <input_file_ref idref="fl-41"/>
      </object_component>
      <object_component id="oc-98">
         <name>.int52</name>
         <load_address>0xfff8</load_address>
         <run_address>0xfff8</run_address>
         <size>0x2</size>
         <input_file_ref idref="fl-42"/>
      </object_component>
      <object_component id="oc-99">
         <name>.int53</name>
         <load_address>0xfffa</load_address>
         <run_address>0xfffa</run_address>
         <size>0x2</size>
         <input_file_ref idref="fl-43"/>
      </object_component>
      <object_component id="oc-9a">
         <name>.int54</name>
         <load_address>0xfffc</load_address>
         <run_address>0xfffc</run_address>
         <size>0x2</size>
         <input_file_ref idref="fl-44"/>
      </object_component>
      <object_component id="oc-3b4">
         <name>.reset</name>
         <load_address>0xfffe</load_address>
         <run_address>0xfffe</run_address>
         <size>0x2</size>
         <input_file_ref idref="fl-50"/>
      </object_component>
      <object_component id="oc-484">
         <name>.debug_info</name>
         <load_address>0x0</load_address>
         <run_address>0x0</run_address>
         <size>0x5c7</size>
         <input_file_ref idref="fl-2"/>
      </object_component>
      <object_component id="oc-430">
         <name>.debug_info</name>
         <load_address>0x5c7</load_address>
         <run_address>0x5c7</run_address>
         <size>0xf3</size>
         <input_file_ref idref="fl-2"/>
      </object_component>
      <object_component id="oc-433">
         <name>.debug_info</name>
         <load_address>0x6ba</load_address>
         <run_address>0x6ba</run_address>
         <size>0xdc</size>
         <input_file_ref idref="fl-2"/>
      </object_component>
      <object_component id="oc-4b4">
         <name>.debug_info</name>
         <load_address>0x796</load_address>
         <run_address>0x796</run_address>
         <size>0x169</size>
         <input_file_ref idref="fl-2"/>
      </object_component>
      <object_component id="oc-436">
         <name>.debug_info</name>
         <load_address>0x8ff</load_address>
         <run_address>0x8ff</run_address>
         <size>0x112</size>
         <input_file_ref idref="fl-2"/>
      </object_component>
      <object_component id="oc-43c">
         <name>.debug_info</name>
         <load_address>0xa11</load_address>
         <run_address>0xa11</run_address>
         <size>0x149</size>
         <input_file_ref idref="fl-2"/>
      </object_component>
      <object_component id="oc-3d6">
         <name>.debug_info</name>
         <load_address>0xb5a</load_address>
         <run_address>0xb5a</run_address>
         <size>0x13c</size>
         <input_file_ref idref="fl-2"/>
      </object_component>
      <object_component id="oc-495">
         <name>.debug_info</name>
         <load_address>0xc96</load_address>
         <run_address>0xc96</run_address>
         <size>0x10e</size>
         <input_file_ref idref="fl-2"/>
      </object_component>
      <object_component id="oc-4ba">
         <name>.debug_info</name>
         <load_address>0xda4</load_address>
         <run_address>0xda4</run_address>
         <size>0x120</size>
         <input_file_ref idref="fl-2"/>
      </object_component>
      <object_component id="oc-42d">
         <name>.debug_info</name>
         <load_address>0xec4</load_address>
         <run_address>0xec4</run_address>
         <size>0x240</size>
         <input_file_ref idref="fl-2"/>
      </object_component>
      <object_component id="oc-500">
         <name>.debug_info</name>
         <load_address>0x1104</load_address>
         <run_address>0x1104</run_address>
         <size>0x26b</size>
         <input_file_ref idref="fl-2"/>
      </object_component>
      <object_component id="oc-47f">
         <name>.debug_info</name>
         <load_address>0x136f</load_address>
         <run_address>0x136f</run_address>
         <size>0x8b</size>
         <input_file_ref idref="fl-2"/>
      </object_component>
      <object_component id="oc-50a">
         <name>.debug_info</name>
         <load_address>0x13fa</load_address>
         <run_address>0x13fa</run_address>
         <size>0x282</size>
         <input_file_ref idref="fl-2"/>
      </object_component>
      <object_component id="oc-486">
         <name>.debug_info</name>
         <load_address>0x167c</load_address>
         <run_address>0x167c</run_address>
         <size>0xbb</size>
         <input_file_ref idref="fl-2"/>
      </object_component>
      <object_component id="oc-505">
         <name>.debug_info</name>
         <load_address>0x1737</load_address>
         <run_address>0x1737</run_address>
         <size>0x35</size>
         <input_file_ref idref="fl-2"/>
      </object_component>
      <object_component id="oc-517">
         <name>.debug_info</name>
         <load_address>0x176c</load_address>
         <run_address>0x176c</run_address>
         <size>0x1ac</size>
         <input_file_ref idref="fl-3"/>
      </object_component>
      <object_component id="oc-520">
         <name>.debug_info</name>
         <load_address>0x1918</load_address>
         <run_address>0x1918</run_address>
         <size>0x130</size>
         <input_file_ref idref="fl-3"/>
      </object_component>
      <object_component id="oc-576">
         <name>.debug_info</name>
         <load_address>0x1a48</load_address>
         <run_address>0x1a48</run_address>
         <size>0xe6</size>
         <input_file_ref idref="fl-3"/>
      </object_component>
      <object_component id="oc-511">
         <name>.debug_info</name>
         <load_address>0x1b2e</load_address>
         <run_address>0x1b2e</run_address>
         <size>0xf0</size>
         <input_file_ref idref="fl-3"/>
      </object_component>
      <object_component id="oc-514">
         <name>.debug_info</name>
         <load_address>0x1c1e</load_address>
         <run_address>0x1c1e</run_address>
         <size>0xf0</size>
         <input_file_ref idref="fl-3"/>
      </object_component>
      <object_component id="oc-49e">
         <name>.debug_info</name>
         <load_address>0x1d0e</load_address>
         <run_address>0x1d0e</run_address>
         <size>0x164</size>
         <input_file_ref idref="fl-3"/>
      </object_component>
      <object_component id="oc-526">
         <name>.debug_info</name>
         <load_address>0x1e72</load_address>
         <run_address>0x1e72</run_address>
         <size>0x12a</size>
         <input_file_ref idref="fl-3"/>
      </object_component>
      <object_component id="oc-4a4">
         <name>.debug_info</name>
         <load_address>0x1f9c</load_address>
         <run_address>0x1f9c</run_address>
         <size>0x1fd</size>
         <input_file_ref idref="fl-3"/>
      </object_component>
      <object_component id="oc-4ab">
         <name>.debug_info</name>
         <load_address>0x2199</load_address>
         <run_address>0x2199</run_address>
         <size>0x1c3</size>
         <input_file_ref idref="fl-3"/>
      </object_component>
      <object_component id="oc-421">
         <name>.debug_info</name>
         <load_address>0x235c</load_address>
         <run_address>0x235c</run_address>
         <size>0x17b</size>
         <input_file_ref idref="fl-2a"/>
      </object_component>
      <object_component id="oc-77">
         <name>.debug_info</name>
         <load_address>0x24d7</load_address>
         <run_address>0x24d7</run_address>
         <size>0x250</size>
         <input_file_ref idref="fl-2a"/>
      </object_component>
      <object_component id="oc-3be">
         <name>.debug_info</name>
         <load_address>0x2727</load_address>
         <run_address>0x2727</run_address>
         <size>0x84</size>
         <input_file_ref idref="fl-2a"/>
      </object_component>
      <object_component id="oc-3b9">
         <name>.debug_info</name>
         <load_address>0x27ab</load_address>
         <run_address>0x27ab</run_address>
         <size>0x60</size>
         <input_file_ref idref="fl-2a"/>
      </object_component>
      <object_component id="oc-475">
         <name>.debug_info</name>
         <load_address>0x280b</load_address>
         <run_address>0x280b</run_address>
         <size>0x46</size>
         <input_file_ref idref="fl-2a"/>
      </object_component>
      <object_component id="oc-41c">
         <name>.debug_info</name>
         <load_address>0x2851</load_address>
         <run_address>0x2851</run_address>
         <size>0x39</size>
         <input_file_ref idref="fl-2a"/>
      </object_component>
      <object_component id="oc-3cf">
         <name>.debug_info</name>
         <load_address>0x288a</load_address>
         <run_address>0x288a</run_address>
         <size>0x18f</size>
         <input_file_ref idref="fl-2b"/>
      </object_component>
      <object_component id="oc-7e">
         <name>.debug_info</name>
         <load_address>0x2a19</load_address>
         <run_address>0x2a19</run_address>
         <size>0x1d3</size>
         <input_file_ref idref="fl-2b"/>
      </object_component>
      <object_component id="oc-3ca">
         <name>.debug_info</name>
         <load_address>0x2bec</load_address>
         <run_address>0x2bec</run_address>
         <size>0x46</size>
         <input_file_ref idref="fl-2b"/>
      </object_component>
      <object_component id="oc-3d2">
         <name>.debug_info</name>
         <load_address>0x2c32</load_address>
         <run_address>0x2c32</run_address>
         <size>0x10f</size>
         <input_file_ref idref="fl-2d"/>
      </object_component>
      <object_component id="oc-448">
         <name>.debug_info</name>
         <load_address>0x2d41</load_address>
         <run_address>0x2d41</run_address>
         <size>0x17f</size>
         <input_file_ref idref="fl-45"/>
      </object_component>
      <object_component id="oc-3dc">
         <name>.debug_info</name>
         <load_address>0x2ec0</load_address>
         <run_address>0x2ec0</run_address>
         <size>0x1d7</size>
         <input_file_ref idref="fl-45"/>
      </object_component>
      <object_component id="oc-443">
         <name>.debug_info</name>
         <load_address>0x3097</load_address>
         <run_address>0x3097</run_address>
         <size>0x46</size>
         <input_file_ref idref="fl-45"/>
      </object_component>
      <object_component id="oc-59b">
         <name>.debug_info</name>
         <load_address>0x30dd</load_address>
         <run_address>0x30dd</run_address>
         <size>0x130</size>
         <input_file_ref idref="fl-48"/>
      </object_component>
      <object_component id="oc-4ae">
         <name>.debug_info</name>
         <load_address>0x320d</load_address>
         <run_address>0x320d</run_address>
         <size>0x126</size>
         <input_file_ref idref="fl-4e"/>
      </object_component>
      <object_component id="oc-3b2">
         <name>.debug_info</name>
         <load_address>0x3333</load_address>
         <run_address>0x3333</run_address>
         <size>0x100</size>
         <input_file_ref idref="fl-50"/>
      </object_component>
      <object_component id="oc-406">
         <name>.debug_info</name>
         <load_address>0x3433</load_address>
         <run_address>0x3433</run_address>
         <size>0x193</size>
         <input_file_ref idref="fl-50"/>
      </object_component>
      <object_component id="oc-460">
         <name>.debug_info</name>
         <load_address>0x35c6</load_address>
         <run_address>0x35c6</run_address>
         <size>0xf2</size>
         <input_file_ref idref="fl-51"/>
      </object_component>
      <object_component id="oc-547">
         <name>.debug_info</name>
         <load_address>0x36b8</load_address>
         <run_address>0x36b8</run_address>
         <size>0x3fc</size>
         <input_file_ref idref="fl-53"/>
      </object_component>
      <object_component id="oc-4e5">
         <name>.debug_info</name>
         <load_address>0x3ab4</load_address>
         <run_address>0x3ab4</run_address>
         <size>0x230</size>
         <input_file_ref idref="fl-53"/>
      </object_component>
      <object_component id="oc-590">
         <name>.debug_info</name>
         <load_address>0x3ce4</load_address>
         <run_address>0x3ce4</run_address>
         <size>0x39</size>
         <input_file_ref idref="fl-53"/>
      </object_component>
      <object_component id="oc-5a1">
         <name>.debug_info</name>
         <load_address>0x3d1d</load_address>
         <run_address>0x3d1d</run_address>
         <size>0x2c</size>
         <input_file_ref idref="fl-53"/>
      </object_component>
      <object_component id="oc-552">
         <name>.debug_info</name>
         <load_address>0x3d49</load_address>
         <run_address>0x3d49</run_address>
         <size>0x2c</size>
         <input_file_ref idref="fl-53"/>
      </object_component>
      <object_component id="oc-595">
         <name>.debug_info</name>
         <load_address>0x3d75</load_address>
         <run_address>0x3d75</run_address>
         <size>0xcd</size>
         <input_file_ref idref="fl-53"/>
      </object_component>
      <object_component id="oc-541">
         <name>.debug_info</name>
         <load_address>0x3e42</load_address>
         <run_address>0x3e42</run_address>
         <size>0x150</size>
         <input_file_ref idref="fl-54"/>
      </object_component>
      <object_component id="oc-44b">
         <name>.debug_info</name>
         <load_address>0x3f92</load_address>
         <run_address>0x3f92</run_address>
         <size>0x153</size>
         <input_file_ref idref="fl-55"/>
      </object_component>
      <object_component id="oc-424">
         <name>.debug_info</name>
         <load_address>0x40e5</load_address>
         <run_address>0x40e5</run_address>
         <size>0x2c</size>
         <input_file_ref idref="fl-56"/>
      </object_component>
      <object_component id="oc-53f">
         <name>.debug_info</name>
         <load_address>0x4111</load_address>
         <run_address>0x4111</run_address>
         <size>0x233</size>
         <input_file_ref idref="fl-58"/>
      </object_component>
      <object_component id="oc-530">
         <name>.debug_info</name>
         <load_address>0x4344</load_address>
         <run_address>0x4344</run_address>
         <size>0x132</size>
         <input_file_ref idref="fl-58"/>
      </object_component>
      <object_component id="oc-4c0">
         <name>.debug_info</name>
         <load_address>0x4476</load_address>
         <run_address>0x4476</run_address>
         <size>0x122</size>
         <input_file_ref idref="fl-58"/>
      </object_component>
      <object_component id="oc-4c6">
         <name>.debug_info</name>
         <load_address>0x4598</load_address>
         <run_address>0x4598</run_address>
         <size>0x197</size>
         <input_file_ref idref="fl-58"/>
      </object_component>
      <object_component id="oc-586">
         <name>.debug_info</name>
         <load_address>0x472f</load_address>
         <run_address>0x472f</run_address>
         <size>0x103</size>
         <input_file_ref idref="fl-59"/>
      </object_component>
      <object_component id="oc-539">
         <name>.debug_info</name>
         <load_address>0x4832</load_address>
         <run_address>0x4832</run_address>
         <size>0x11a</size>
         <input_file_ref idref="fl-59"/>
      </object_component>
      <object_component id="oc-536">
         <name>.debug_info</name>
         <load_address>0x494c</load_address>
         <run_address>0x494c</run_address>
         <size>0x116</size>
         <input_file_ref idref="fl-59"/>
      </object_component>
      <object_component id="oc-583">
         <name>.debug_info</name>
         <load_address>0x4a62</load_address>
         <run_address>0x4a62</run_address>
         <size>0x168</size>
         <input_file_ref idref="fl-5a"/>
      </object_component>
      <object_component id="oc-533">
         <name>.debug_info</name>
         <load_address>0x4bca</load_address>
         <run_address>0x4bca</run_address>
         <size>0xff</size>
         <input_file_ref idref="fl-5a"/>
      </object_component>
      <object_component id="oc-53c">
         <name>.debug_info</name>
         <load_address>0x4cc9</load_address>
         <run_address>0x4cc9</run_address>
         <size>0x103</size>
         <input_file_ref idref="fl-5a"/>
      </object_component>
      <object_component id="oc-57c">
         <name>.debug_info</name>
         <load_address>0x4dcc</load_address>
         <run_address>0x4dcc</run_address>
         <size>0x12e</size>
         <input_file_ref idref="fl-5a"/>
      </object_component>
      <object_component id="oc-423">
         <name>.debug_info</name>
         <load_address>0x4efa</load_address>
         <run_address>0x4efa</run_address>
         <size>0x19a</size>
         <input_file_ref idref="fl-5b"/>
      </object_component>
      <object_component id="oc-3c4">
         <name>.debug_info</name>
         <load_address>0x5094</load_address>
         <run_address>0x5094</run_address>
         <size>0x17a</size>
         <input_file_ref idref="fl-5b"/>
      </object_component>
      <object_component id="oc-572">
         <name>.debug_info</name>
         <load_address>0x520e</load_address>
         <run_address>0x520e</run_address>
         <size>0x2f2</size>
         <input_file_ref idref="fl-5c"/>
      </object_component>
      <object_component id="oc-56c">
         <name>.debug_info</name>
         <load_address>0x5500</load_address>
         <run_address>0x5500</run_address>
         <size>0x2c7</size>
         <input_file_ref idref="fl-5c"/>
      </object_component>
      <object_component id="oc-51b">
         <name>.debug_info</name>
         <load_address>0x57c7</load_address>
         <run_address>0x57c7</run_address>
         <size>0x16e</size>
         <input_file_ref idref="fl-5c"/>
      </object_component>
      <object_component id="oc-5cb">
         <name>.debug_info</name>
         <load_address>0x5935</load_address>
         <run_address>0x5935</run_address>
         <size>0xb2</size>
         <input_file_ref idref="fl-5c"/>
      </object_component>
      <object_component id="oc-5f4">
         <name>.debug_info</name>
         <load_address>0x59e7</load_address>
         <run_address>0x59e7</run_address>
         <size>0x229</size>
         <input_file_ref idref="fl-5d"/>
      </object_component>
      <object_component id="oc-5bd">
         <name>.debug_info</name>
         <load_address>0x5c10</load_address>
         <run_address>0x5c10</run_address>
         <size>0x184</size>
         <input_file_ref idref="fl-5d"/>
      </object_component>
      <object_component id="oc-5a8">
         <name>.debug_info</name>
         <load_address>0x5d94</load_address>
         <run_address>0x5d94</run_address>
         <size>0x13e</size>
         <input_file_ref idref="fl-5e"/>
      </object_component>
      <object_component id="oc-568">
         <name>.debug_info</name>
         <load_address>0x5ed2</load_address>
         <run_address>0x5ed2</run_address>
         <size>0x102</size>
         <input_file_ref idref="fl-5e"/>
      </object_component>
      <object_component id="oc-65f">
         <name>.debug_info</name>
         <load_address>0x5fd4</load_address>
         <run_address>0x5fd4</run_address>
         <size>0x10a</size>
         <input_file_ref idref="fl-5e"/>
      </object_component>
      <object_component id="oc-5ee">
         <name>.debug_info</name>
         <load_address>0x60de</load_address>
         <run_address>0x60de</run_address>
         <size>0x1e7</size>
         <input_file_ref idref="fl-5f"/>
      </object_component>
      <object_component id="oc-5ac">
         <name>.debug_info</name>
         <load_address>0x62c5</load_address>
         <run_address>0x62c5</run_address>
         <size>0x196</size>
         <input_file_ref idref="fl-5f"/>
      </object_component>
      <object_component id="oc-61b">
         <name>.debug_info</name>
         <load_address>0x645b</load_address>
         <run_address>0x645b</run_address>
         <size>0xbf</size>
         <input_file_ref idref="fl-5f"/>
      </object_component>
      <object_component id="oc-601">
         <name>.debug_info</name>
         <load_address>0x651a</load_address>
         <run_address>0x651a</run_address>
         <size>0x206</size>
         <input_file_ref idref="fl-60"/>
      </object_component>
      <object_component id="oc-5e2">
         <name>.debug_info</name>
         <load_address>0x6720</load_address>
         <run_address>0x6720</run_address>
         <size>0x1eb</size>
         <input_file_ref idref="fl-60"/>
      </object_component>
      <object_component id="oc-602">
         <name>.debug_info</name>
         <load_address>0x690b</load_address>
         <run_address>0x690b</run_address>
         <size>0xbf</size>
         <input_file_ref idref="fl-60"/>
      </object_component>
      <object_component id="oc-63b">
         <name>.debug_info</name>
         <load_address>0x69ca</load_address>
         <run_address>0x69ca</run_address>
         <size>0x283</size>
         <input_file_ref idref="fl-61"/>
      </object_component>
      <object_component id="oc-5fb">
         <name>.debug_info</name>
         <load_address>0x6c4d</load_address>
         <run_address>0x6c4d</run_address>
         <size>0x1c2</size>
         <input_file_ref idref="fl-61"/>
      </object_component>
      <object_component id="oc-630">
         <name>.debug_info</name>
         <load_address>0x6e0f</load_address>
         <run_address>0x6e0f</run_address>
         <size>0x120</size>
         <input_file_ref idref="fl-61"/>
      </object_component>
      <object_component id="oc-635">
         <name>.debug_info</name>
         <load_address>0x6f2f</load_address>
         <run_address>0x6f2f</run_address>
         <size>0x2c</size>
         <input_file_ref idref="fl-61"/>
      </object_component>
      <object_component id="oc-62d">
         <name>.debug_info</name>
         <load_address>0x6f5b</load_address>
         <run_address>0x6f5b</run_address>
         <size>0x33c</size>
         <input_file_ref idref="fl-62"/>
      </object_component>
      <object_component id="oc-629">
         <name>.debug_info</name>
         <load_address>0x7297</load_address>
         <run_address>0x7297</run_address>
         <size>0x109</size>
         <input_file_ref idref="fl-62"/>
      </object_component>
      <object_component id="oc-5f6">
         <name>.debug_info</name>
         <load_address>0x73a0</load_address>
         <run_address>0x73a0</run_address>
         <size>0x109</size>
         <input_file_ref idref="fl-62"/>
      </object_component>
      <object_component id="oc-6c6">
         <name>.debug_info</name>
         <load_address>0x74a9</load_address>
         <run_address>0x74a9</run_address>
         <size>0x25a</size>
         <input_file_ref idref="fl-63"/>
      </object_component>
      <object_component id="oc-66b">
         <name>.debug_info</name>
         <load_address>0x7703</load_address>
         <run_address>0x7703</run_address>
         <size>0x1bc</size>
         <input_file_ref idref="fl-63"/>
      </object_component>
      <object_component id="oc-6cc">
         <name>.debug_info</name>
         <load_address>0x78bf</load_address>
         <run_address>0x78bf</run_address>
         <size>0x264</size>
         <input_file_ref idref="fl-64"/>
      </object_component>
      <object_component id="oc-67d">
         <name>.debug_info</name>
         <load_address>0x7b23</load_address>
         <run_address>0x7b23</run_address>
         <size>0x235</size>
         <input_file_ref idref="fl-64"/>
      </object_component>
      <object_component id="oc-6b6">
         <name>.debug_info</name>
         <load_address>0x7d58</load_address>
         <run_address>0x7d58</run_address>
         <size>0x294</size>
         <input_file_ref idref="fl-65"/>
      </object_component>
      <object_component id="oc-665">
         <name>.debug_info</name>
         <load_address>0x7fec</load_address>
         <run_address>0x7fec</run_address>
         <size>0x20c</size>
         <input_file_ref idref="fl-65"/>
      </object_component>
      <object_component id="oc-6c8">
         <name>.debug_info</name>
         <load_address>0x81f8</load_address>
         <run_address>0x81f8</run_address>
         <size>0x263</size>
         <input_file_ref idref="fl-66"/>
      </object_component>
      <object_component id="oc-671">
         <name>.debug_info</name>
         <load_address>0x845b</load_address>
         <run_address>0x845b</run_address>
         <size>0x1fb</size>
         <input_file_ref idref="fl-66"/>
      </object_component>
      <object_component id="oc-6d6">
         <name>.debug_info</name>
         <load_address>0x8656</load_address>
         <run_address>0x8656</run_address>
         <size>0x2c6</size>
         <input_file_ref idref="fl-67"/>
      </object_component>
      <object_component id="oc-689">
         <name>.debug_info</name>
         <load_address>0x891c</load_address>
         <run_address>0x891c</run_address>
         <size>0x236</size>
         <input_file_ref idref="fl-67"/>
      </object_component>
      <object_component id="oc-6ce">
         <name>.debug_info</name>
         <load_address>0x8b52</load_address>
         <run_address>0x8b52</run_address>
         <size>0x27d</size>
         <input_file_ref idref="fl-68"/>
      </object_component>
      <object_component id="oc-686">
         <name>.debug_info</name>
         <load_address>0x8dcf</load_address>
         <run_address>0x8dcf</run_address>
         <size>0x1c6</size>
         <input_file_ref idref="fl-68"/>
      </object_component>
      <object_component id="oc-6ca">
         <name>.debug_info</name>
         <load_address>0x8f95</load_address>
         <run_address>0x8f95</run_address>
         <size>0x264</size>
         <input_file_ref idref="fl-69"/>
      </object_component>
      <object_component id="oc-677">
         <name>.debug_info</name>
         <load_address>0x91f9</load_address>
         <run_address>0x91f9</run_address>
         <size>0x200</size>
         <input_file_ref idref="fl-69"/>
      </object_component>
      <object_component id="oc-6ee">
         <name>.debug_info</name>
         <load_address>0x93f9</load_address>
         <run_address>0x93f9</run_address>
         <size>0x1a7</size>
         <input_file_ref idref="fl-6a"/>
      </object_component>
      <object_component id="oc-6eb">
         <name>.debug_info</name>
         <load_address>0x95a0</load_address>
         <run_address>0x95a0</run_address>
         <size>0x106</size>
         <input_file_ref idref="fl-6a"/>
      </object_component>
      <object_component id="oc-6bb">
         <name>.debug_info</name>
         <load_address>0x96a6</load_address>
         <run_address>0x96a6</run_address>
         <size>0x1df</size>
         <input_file_ref idref="fl-6a"/>
      </object_component>
      <object_component id="oc-6c1">
         <name>.debug_info</name>
         <load_address>0x9885</load_address>
         <run_address>0x9885</run_address>
         <size>0x19a</size>
         <input_file_ref idref="fl-6a"/>
      </object_component>
      <object_component id="oc-5f2">
         <name>.debug_info</name>
         <load_address>0x9a1f</load_address>
[...]
      </symbol>
      <symbol id="sm-31f">
         <name>__TI_prof_data_start</name>
         <value>0xffffffff</value>
      </symbol>
      <symbol id="sm-320">
         <name>__TI_prof_data_size</name>
         <value>0xffffffff</value>
      </symbol>
      <symbol id="sm-3ed">
         <name>txbit</name>
         <value>0x2014</value>
      </symbol>
      <symbol id="sm-3ee">
         <name>timer_a0_isr</name>
         <value>0x7000</value>
         <object_component_ref idref="oc-3d5"/>
      </symbol>
      <symbol id="sm-3ef">
         <name>__TI_int45</name>
         <value>0xffea</value>
         <object_component_ref idref="oc-91"/>
      </symbol>
      <symbol id="sm-3f0">
         <name>j</name>
         <value>0x1f4e</value>
         <object_component_ref idref="oc-42c"/>
      </symbol>
      <symbol id="sm-3f1">
         <name>uint32_to_binary</name>
         <value>0x10684</value>
         <object_component_ref idref="oc-4b3"/>
      </symbol>
      <symbol id="sm-3f2">
         <name>disable_signal</name>
         <value>0x110b6</value>
         <object_component_ref idref="oc-435"/>
      </symbol>
      <symbol id="sm-3f3">
         <name>main</name>
         <value>0x10000</value>
         <object_component_ref idref="oc-450"/>
      </symbol>
      <symbol id="sm-3f4">
         <name>set_cpu_freq</name>
         <value>0x10faa</value>
         <object_component_ref idref="oc-494"/>
      </symbol>
      <symbol id="sm-3f5">
         <name>arr_dump</name>
         <value>0x1c00</value>
         <object_component_ref idref="oc-432"/>
      </symbol>
      <symbol id="sm-3f6">
         <name>msp430_timer_stop</name>
         <value>0x11000</value>
         <object_component_ref idref="oc-43b"/>
      </symbol>
      <symbol id="sm-3f7">
         <name>delay_ns</name>
         <value>0x110c2</value>
         <object_component_ref idref="oc-4b9"/>
      </symbol>
      <symbol id="sm-3f8">
         <name>tx_counter</name>
         <value>0x1f4c</value>
         <object_component_ref idref="oc-42c"/>
      </symbol>
      <symbol id="sm-43a">
         <name>generate_data</name>
         <value>0x10b72</value>
         <object_component_ref idref="oc-4a0"/>
      </symbol>
      <symbol id="sm-43b">
         <name>file_position</name>
         <value>0x1f4a</value>
         <object_component_ref idref="oc-51f"/>
      </symbol>
      <symbol id="sm-43c">
         <name>packet_hdr_2500</name>
         <value>0x1f3a</value>
         <object_component_ref idref="oc-510"/>
      </symbol>
      <symbol id="sm-43d">
         <name>add_header</name>
         <value>0x10e28</value>
         <object_component_ref idref="oc-4a7"/>
      </symbol>
      <symbol id="sm-43e">
         <name>seed</name>
         <value>0x1f44</value>
         <object_component_ref idref="oc-51f"/>
      </symbol>
      <symbol id="sm-43f">
         <name>generate_sample</name>
         <value>0x10eb6</value>
         <object_component_ref idref="oc-522"/>
      </symbol>
      <symbol id="sm-440">
         <name>packet_hdr_template</name>
         <value>0x11084</value>
         <object_component_ref idref="oc-49a"/>
      </symbol>
      <symbol id="sm-441">
         <name>packet_hdr_1352</name>
         <value>0x1f30</value>
         <object_component_ref idref="oc-513"/>
      </symbol>
      <symbol id="sm-442">
         <name>image_counter</name>
         <value>0x1f48</value>
         <object_component_ref idref="oc-51f"/>
      </symbol>
      <symbol id="sm-443">
         <name>FRAM_write</name>
         <value>0x4400</value>
         <object_component_ref idref="oc-575"/>
      </symbol>
      <symbol id="sm-46b">
         <name>__TI_decompress_lzss</name>
         <value>0x1060e</value>
         <object_component_ref idref="oc-76"/>
      </symbol>
      <symbol id="sm-47c">
         <name>__TI_decompress_none</name>
         <value>0x11072</value>
         <object_component_ref idref="oc-7c"/>
      </symbol>
      <symbol id="sm-47f">
         <name>__TI_int30</name>
         <value>0xffcc</value>
         <object_component_ref idref="oc-82"/>
      </symbol>
      <symbol id="sm-487">
         <name>__TI_ISR_TRAP</name>
         <value>0x7064</value>
         <object_component_ref idref="oc-3d0"/>
      </symbol>
      <symbol id="sm-48a">
         <name>__TI_int31</name>
         <value>0xffce</value>
         <object_component_ref idref="oc-83"/>
      </symbol>
      <symbol id="sm-48d">
         <name>__TI_int32</name>
         <value>0xffd0</value>
         <object_component_ref idref="oc-84"/>
      </symbol>
      <symbol id="sm-490">
         <name>__TI_int33</name>
         <value>0xffd2</value>
         <object_component_ref idref="oc-85"/>
      </symbol>
      <symbol id="sm-493">
         <name>__TI_int34</name>
         <value>0xffd4</value>
         <object_component_ref idref="oc-86"/>
      </symbol>
      <symbol id="sm-496">
         <name>__TI_int35</name>
         <value>0xffd6</value>
         <object_component_ref idref="oc-87"/>
      </symbol>
      <symbol id="sm-499">
         <name>__TI_int36</name>
         <value>0xffd8</value>
         <object_component_ref idref="oc-88"/>
      </symbol>
      <symbol id="sm-49c">
         <name>__TI_int37</name>
         <value>0xffda</value>
         <object_component_ref idref="oc-89"/>
      </symbol>
      <symbol id="sm-49f">
         <name>__TI_int38</name>
         <value>0xffdc</value>
         <object_component_ref idref="oc-8a"/>
      </symbol>
      <symbol id="sm-4a2">
         <name>__TI_int39</name>
         <value>0xffde</value>
         <object_component_ref idref="oc-8b"/>
      </symbol>
      <symbol id="sm-4a5">
         <name>__TI_int40</name>
         <value>0xffe0</value>
         <object_component_ref idref="oc-8c"/>
      </symbol>
      <symbol id="sm-4a8">
         <name>__TI_int41</name>
         <value>0xffe2</value>
         <object_component_ref idref="oc-8d"/>
      </symbol>
      <symbol id="sm-4ab">
         <name>__TI_int42</name>
         <value>0xffe4</value>
         <object_component_ref idref="oc-8e"/>
      </symbol>
      <symbol id="sm-4ae">
         <name>__TI_int43</name>
         <value>0xffe6</value>
         <object_component_ref idref="oc-8f"/>
      </symbol>
      <symbol id="sm-4b1">
         <name>__TI_int44</name>
         <value>0xffe8</value>
         <object_component_ref idref="oc-90"/>
      </symbol>
      <symbol id="sm-4b4">
         <name>__TI_int46</name>
         <value>0xffec</value>
         <object_component_ref idref="oc-92"/>
      </symbol>
      <symbol id="sm-4b7">
         <name>__TI_int47</name>
         <value>0xffee</value>
         <object_component_ref idref="oc-93"/>
      </symbol>
      <symbol id="sm-4ba">
         <name>__TI_int48</name>
         <value>0xfff0</value>
         <object_component_ref idref="oc-94"/>
      </symbol>
      <symbol id="sm-4bd">
         <name>__TI_int49</name>
         <value>0xfff2</value>
         <object_component_ref idref="oc-95"/>
      </symbol>
      <symbol id="sm-4c0">
         <name>__TI_int50</name>
         <value>0xfff4</value>
         <object_component_ref idref="oc-96"/>
      </symbol>
      <symbol id="sm-4c3">
         <name>__TI_int51</name>
         <value>0xfff6</value>
         <object_component_ref idref="oc-97"/>
      </symbol>
      <symbol id="sm-4c6">
         <name>__TI_int52</name>
         <value>0xfff8</value>
         <object_component_ref idref="oc-98"/>
      </symbol>
      <symbol id="sm-4c9">
         <name>__TI_int53</name>
         <value>0xfffa</value>
         <object_component_ref idref="oc-99"/>
      </symbol>
      <symbol id="sm-4cc">
         <name>__TI_int54</name>
         <value>0xfffc</value>
         <object_component_ref idref="oc-9a"/>
      </symbol>
      <symbol id="sm-4df">
         <name>__TI_zero_init_nomemset</name>
         <value>0x10f66</value>
         <object_component_ref idref="oc-3db"/>
      </symbol>
      <symbol id="sm-4e9">
         <name>__mspabi_mpyi_f5hw</name>
         <value>0x1101a</value>
         <object_component_ref idref="oc-59a"/>
      </symbol>
      <symbol id="sm-4f6">
         <name>__mspabi_slll_9</name>
         <value>0x10cb8</value>
         <object_component_ref idref="oc-4ad"/>
      </symbol>
      <symbol id="sm-4f7">
         <name>__mspabi_slll_8</name>
         <value>0x10cbc</value>
         <object_component_ref idref="oc-4ad"/>
      </symbol>
      <symbol id="sm-4f8">
         <name>__mspabi_slll_7</name>
         <value>0x10cc0</value>
         <object_component_ref idref="oc-4ad"/>
      </symbol>
      <symbol id="sm-4f9">
         <name>__mspabi_slll_6</name>
         <value>0x10cc4</value>
         <object_component_ref idref="oc-4ad"/>
      </symbol>
      <symbol id="sm-4fa">
         <name>__mspabi_slll_5</name>
         <value>0x10cc8</value>
         <object_component_ref idref="oc-4ad"/>
      </symbol>
      <symbol id="sm-4fb">
         <name>__mspabi_slll_4</name>
         <value>0x10ccc</value>
         <object_component_ref idref="oc-4ad"/>
      </symbol>
      <symbol id="sm-4fc">
         <name>__mspabi_slll_3</name>
         <value>0x10cd0</value>
         <object_component_ref idref="oc-4ad"/>
      </symbol>
      <symbol id="sm-4fd">
         <name>__mspabi_slll_2</name>
         <value>0x10cd4</value>
         <object_component_ref idref="oc-4ad"/>
      </symbol>
      <symbol id="sm-4fe">
         <name>__mspabi_slll_1</name>
         <value>0x10cd8</value>
         <object_component_ref idref="oc-4ad"/>
      </symbol>
      <symbol id="sm-4ff">
         <name>__mspabi_slll_15</name>
         <value>0x10ca0</value>
         <object_component_ref idref="oc-4ad"/>
      </symbol>
      <symbol id="sm-500">
         <name>__mspabi_slll_14</name>
         <value>0x10ca4</value>
         <object_component_ref idref="oc-4ad"/>
      </symbol>
      <symbol id="sm-501">
         <name>__mspabi_slll_13</name>
         <value>0x10ca8</value>
         <object_component_ref idref="oc-4ad"/>
      </symbol>
      <symbol id="sm-502">
         <name>__mspabi_slll_12</name>
         <value>0x10cac</value>
         <object_component_ref idref="oc-4ad"/>
      </symbol>
      <symbol id="sm-503">
         <name>__mspabi_slll_11</name>
         <value>0x10cb0</value>
         <object_component_ref idref="oc-4ad"/>
      </symbol>
      <symbol id="sm-504">
         <name>__mspabi_slll_10</name>
         <value>0x10cb4</value>
         <object_component_ref idref="oc-4ad"/>
      </symbol>
      <symbol id="sm-515">
         <name>_c_int00_noargs_mpu</name>
         <value>0x7044</value>
         <object_component_ref idref="oc-405"/>
      </symbol>
      <symbol id="sm-516">
         <name>_stack</name>
         <value>0x2360</value>
         <object_component_ref idref="oc-3b1"/>
      </symbol>
      <symbol id="sm-517">
         <name>_reset_vector</name>
         <value>0xfffe</value>
         <object_component_ref idref="oc-3b4"/>
      </symbol>
      <symbol id="sm-520">
         <name>__mpu_init</name>
         <value>0x10ee4</value>
         <object_component_ref idref="oc-45f"/>
      </symbol>
      <symbol id="sm-544">
         <name>__TI_auto_init_nobinit_nopinit_hold_wdt</name>
         <value>0x10b1e</value>
         <object_component_ref idref="oc-4e3"/>
      </symbol>
      <symbol id="sm-54d">
         <name>_system_post_cinit</name>
         <value>0x110e0</value>
         <object_component_ref idref="oc-540"/>
      </symbol>
      <symbol id="sm-556">
         <name>_system_pre_init</name>
         <value>0x110da</value>
         <object_component_ref idref="oc-44a"/>
      </symbol>
      <symbol id="sm-57a">
         <name>C$$EXIT</name>
         <value>0x110d4</value>
         <object_component_ref idref="oc-4bf"/>
      </symbol>
      <symbol id="sm-57b">
         <name>abort</name>
         <value>0x110d4</value>
         <object_component_ref idref="oc-4bf"/>
      </symbol>
      <symbol id="sm-57c">
         <name>__TI_enable_exit_profile_output</name>
         <value>0x1f64</value>
         <object_component_ref idref="oc-52f"/>
      </symbol>
      <symbol id="sm-57d">
         <name>exit</name>
         <value>0x10c10</value>
         <object_component_ref idref="oc-4c5"/>
      </symbol>
      <symbol id="sm-58c">
         <name>__TI_dtors_ptr</name>
         <value>0x1f56</value>
         <object_component_ref idref="oc-535"/>
      </symbol>
      <symbol id="sm-58d">
         <name>__TI_cleanup_ptr</name>
         <value>0x1f52</value>
         <object_component_ref idref="oc-538"/>
      </symbol>
      <symbol id="sm-5a3">
         <name>_nop</name>
         <value>0x110de</value>
         <object_component_ref idref="oc-57b"/>
      </symbol>
      <symbol id="sm-5a4">
         <name>_lock</name>
         <value>0x1f5a</value>
         <object_component_ref idref="oc-532"/>
      </symbol>
      <symbol id="sm-5a5">
         <name>_unlock</name>
         <value>0x1f5e</value>
         <object_component_ref idref="oc-53b"/>
      </symbol>
      <symbol id="sm-5b3">
         <name>memcpy</name>
         <value>0x1105e</value>
         <object_component_ref idref="oc-3c3"/>
      </symbol>
      <symbol id="sm-5d9">
         <name>puts</name>
         <value>0x10f8a</value>
         <object_component_ref idref="oc-519"/>
      </symbol>
      <symbol id="sm-5da">
         <name>fputs</name>
         <value>0x10246</value>
         <object_component_ref idref="oc-56a"/>
      </symbol>
      <symbol id="sm-5eb">
         <name>__TI_doflush</name>
         <value>0x10a06</value>
         <object_component_ref idref="oc-5bc"/>
      </symbol>
      <symbol id="sm-5fb">
         <name>__TI_tmpnams</name>
         <value>0x1f68</value>
      </symbol>
      <symbol id="sm-5fc">
         <name>_ftable</name>
         <value>0x1d80</value>
         <object_component_ref idref="oc-567"/>
      </symbol>
      <symbol id="sm-5fd">
         <name>__TI_ft_end</name>
         <value>0x1f62</value>
         <object_component_ref idref="oc-65e"/>
      </symbol>
      <symbol id="sm-615">
         <name>__TI_wrt_ok</name>
         <value>0x10590</value>
         <object_component_ref idref="oc-5aa"/>
      </symbol>
      <symbol id="sm-62a">
         <name>fseeko</name>
         <value>0x1099c</value>
         <object_component_ref idref="oc-5e1"/>
      </symbol>
      <symbol id="sm-62b">
         <name>fseek</name>
         <value>0x1099c</value>
         <object_component_ref idref="oc-5e1"/>
      </symbol>
      <symbol id="sm-643">
         <name>lseek</name>
         <value>0x10cde</value>
         <object_component_ref idref="oc-5fa"/>
      </symbol>
      <symbol id="sm-652">
         <name>_stream</name>
         <value>0x1ec0</value>
         <object_component_ref idref="oc-5f5"/>
      </symbol>
      <symbol id="sm-653">
         <name>_device</name>
         <value>0x1e48</value>
         <object_component_ref idref="oc-628"/>
      </symbol>
      <symbol id="sm-65f">
         <name>HOSTclose</name>
         <value>0x10bc2</value>
         <object_component_ref idref="oc-66a"/>
      </symbol>
      <symbol id="sm-66b">
         <name>HOSTlseek</name>
         <value>0x104f6</value>
         <object_component_ref idref="oc-67c"/>
      </symbol>
      <symbol id="sm-679">
         <name>parmbuf</name>
         <value>0x2008</value>
      </symbol>
      <symbol id="sm-67a">
         <name>HOSTopen</name>
         <value>0x10856</value>
         <object_component_ref idref="oc-664"/>
      </symbol>
      <symbol id="sm-687">
         <name>HOSTread</name>
         <value>0x10932</value>
         <object_component_ref idref="oc-670"/>
      </symbol>
      <symbol id="sm-693">
         <name>HOSTrename</name>
         <value>0x106fa</value>
         <object_component_ref idref="oc-688"/>
      </symbol>
      <symbol id="sm-69f">
         <name>HOSTunlink</name>
         <value>0x10c5a</value>
         <object_component_ref idref="oc-682"/>
      </symbol>
      <symbol id="sm-6ac">
         <name>HOSTwrite</name>
         <value>0x108c6</value>
         <object_component_ref idref="oc-676"/>
      </symbol>
      <symbol id="sm-6ca">
         <name>__TI_readmsg</name>
         <value>0x10dc4</value>
         <object_component_ref idref="oc-6be"/>
      </symbol>
      <symbol id="sm-6cb">
         <name>C$$IO$$</name>
         <value>0x10dc0</value>
         <object_component_ref idref="oc-6b8"/>
      </symbol>
      <symbol id="sm-6cc">
         <name>_CIOBUF_</name>
         <value>0x6b10</value>
         <object_component_ref idref="oc-6ea"/>
      </symbol>
      <symbol id="sm-6cd">
         <name>__TI_writemsg</name>
         <value>0x10d8e</value>
         <object_component_ref idref="oc-6b8"/>
      </symbol>
      <symbol id="sm-6dc">
         <name>memchr</name>
         <value>0x11048</value>
         <object_component_ref idref="oc-5b6"/>
      </symbol>
      <symbol id="sm-6f4">
         <name>setvbuf</name>
         <value>0x10418</value>
         <object_component_ref idref="oc-5e7"/>
      </symbol>
      <symbol id="sm-705">
         <name>__TI_cleanup</name>
         <value>0x10d58</value>
         <object_component_ref idref="oc-613"/>
      </symbol>
      <symbol id="sm-716">
         <name>__TI_closefile</name>
         <value>0x1076e</value>
         <object_component_ref idref="oc-658"/>
      </symbol>
      <symbol id="sm-728">
         <name>close</name>
         <value>0x10a6a</value>
         <object_component_ref idref="oc-6a4"/>
      </symbol>
      <symbol id="sm-7a8">
         <name>_sys_memory</name>
         <value>0x6c30</value>
         <object_component_ref idref="oc-3b5"/>
      </symbol>
      <symbol id="sm-7a9">
         <name>free</name>
         <value>0x10336</value>
         <object_component_ref idref="oc-607"/>
      </symbol>
      <symbol id="sm-7aa">
         <name>memalign</name>
         <value>0x10134</value>
         <object_component_ref idref="oc-651"/>
      </symbol>
      <symbol id="sm-7ab">
         <name>malloc</name>
         <value>0x110cc</value>
         <object_component_ref idref="oc-60d"/>
      </symbol>
      <symbol id="sm-7ac">
         <name>aligned_alloc</name>
         <value>0x10134</value>
         <object_component_ref idref="oc-651"/>
      </symbol>
      <symbol id="sm-7d4">
         <name>finddevice</name>
         <value>0x10e88</value>
         <object_component_ref idref="oc-70c"/>
      </symbol>
      <symbol id="sm-7d5">
         <name>getdevice</name>
         <value>0x10ac4</value>
         <object_component_ref idref="oc-6de"/>
      </symbol>
      <symbol id="sm-7e5">
         <name>strchr</name>
         <value>0x10fc8</value>
         <object_component_ref idref="oc-700"/>
      </symbol>
      <symbol id="sm-7f3">
         <name>strcmp</name>
         <value>0x10fe4</value>
         <object_component_ref idref="oc-725"/>
      </symbol>
      <symbol id="sm-800">
         <name>strcpy</name>
         <value>0x11096</value>
         <object_component_ref idref="oc-6cf"/>
      </symbol>
      <symbol id="sm-80d">
         <name>strlen</name>
         <value>0x110a8</value>
         <object_component_ref idref="oc-5b0"/>
      </symbol>
      <symbol id="sm-81d">
         <name>strncpy</name>
         <value>0x10df6</value>
         <object_component_ref idref="oc-706"/>
      </symbol>
      <symbol id="sm-829">
         <name>unlink</name>
         <value>0x10e58</value>
         <object_component_ref idref="oc-6ab"/>
      </symbol>
      <symbol id="sm-837">
         <name>write</name>
         <value>0x10d1c</value>
         <object_component_ref idref="oc-5c2"/>
      </symbol>
      <symbol id="sm-83c">
         <name>remove</name>
         <value>0x10e58</value>
      </symbol>
   </symbol_table>
   <title>Link successful</title>
</link_info>
