******************************************************************************
                  MSP430 Linker Unix v21.6.1                   
******************************************************************************
>> Linked Wed Jan 10 22:44:19 2024

OUTPUT FILE NAME:   <RTOSDemo.out>
ENTRY POINT SYMBOL: "_c_int00_noargs"  address: 000084e2


MEMORY CONFIGURATION

         name            origin    length      used     unused   attr    fill
----------------------  --------  ---------  --------  --------  ----  --------
  SFR                   00000000   00000010  00000000  00000010  RWIX
  PERIPHERALS_8BIT      00000010   000000f0  00000000  000000f0  RWIX
  PERIPHERALS_16BIT     00000100   00000100  00000000  00000100  RWIX
  INFOD                 00001800   00000080  00000000  00000080  RWIX
  INFOC                 00001880   00000080  00000000  00000080  RWIX
  INFOB                 00001900   00000080  00000000  00000080  RWIX
  INFOA                 00001980   00000080  00000000  00000080  RWIX
  RAM                   00001c00   00000800  00000786  0000007a  RWIX
  FRAM                  00004400   0000bb80  00004c6a  00006f16  RWIX
  JTAGSIGNATURE         0000ff80   00000004  00000004  00000000  RWIX  ffff 
  BSLSIGNATURE          0000ff84   00000004  00000004  00000000  RWIX  ffff 
  IPESIGNATURE          0000ff88   00000008  00000008  00000000  RWIX  ffff 
  INT00                 0000ff90   00000002  00000000  00000002  RWIX
  INT01                 0000ff92   00000002  00000000  00000002  RWIX
  INT02                 0000ff94   00000002  00000000  00000002  RWIX
  INT03                 0000ff96   00000002  00000000  00000002  RWIX
  INT04                 0000ff98   00000002  00000000  00000002  RWIX
  INT05                 0000ff9a   00000002  00000000  00000002  RWIX
  INT06                 0000ff9c   00000002  00000000  00000002  RWIX
  INT07                 0000ff9e   00000002  00000000  00000002  RWIX
  INT08                 0000ffa0   00000002  00000000  00000002  RWIX
  INT09                 0000ffa2   00000002  00000000  00000002  RWIX
  INT10                 0000ffa4   00000002  00000000  00000002  RWIX
  INT11                 0000ffa6   00000002  00000000  00000002  RWIX
  INT12                 0000ffa8   00000002  00000000  00000002  RWIX
  INT13                 0000ffaa   00000002  00000000  00000002  RWIX
  INT14                 0000ffac   00000002  00000000  00000002  RWIX
  INT15                 0000ffae   00000002  00000000  00000002  RWIX
  INT16                 0000ffb0   00000002  00000000  00000002  RWIX
  INT17                 0000ffb2   00000002  00000000  00000002  RWIX
  INT18                 0000ffb4   00000002  00000000  00000002  RWIX
  INT19                 0000ffb6   00000002  00000000  00000002  RWIX
  INT20                 0000ffb8   00000002  00000000  00000002  RWIX
  INT21                 0000ffba   00000002  00000000  00000002  RWIX
  INT22                 0000ffbc   00000002  00000000  00000002  RWIX
  INT23                 0000ffbe   00000002  00000000  00000002  RWIX
  INT24                 0000ffc0   00000002  00000000  00000002  RWIX
  INT25                 0000ffc2   00000002  00000000  00000002  RWIX
  INT26                 0000ffc4   00000002  00000000  00000002  RWIX
  INT27                 0000ffc6   00000002  00000000  00000002  RWIX
  INT28                 0000ffc8   00000002  00000000  00000002  RWIX
  INT29                 0000ffca   00000002  00000000  00000002  RWIX
  INT30                 0000ffcc   00000002  00000002  00000000  RWIX
  INT31                 0000ffce   00000002  00000002  00000000  RWIX
  INT32                 0000ffd0   00000002  00000002  00000000  RWIX
  INT33                 0000ffd2   00000002  00000002  00000000  RWIX
  INT34                 0000ffd4   00000002  00000002  00000000  RWIX
  INT35                 0000ffd6   00000002  00000002  00000000  RWIX
  INT36                 0000ffd8   00000002  00000002  00000000  RWIX
  INT37                 0000ffda   00000002  00000002  00000000  RWIX
  INT38                 0000ffdc   00000002  00000002  00000000  RWIX
  INT39                 0000ffde   00000002  00000002  00000000  RWIX
  INT40                 0000ffe0   00000002  00000002  00000000  RWIX
  INT41                 0000ffe2   00000002  00000002  00000000  RWIX
  INT42                 0000ffe4   00000002  00000002  00000000  RWIX
  INT43                 0000ffe6   00000002  00000002  00000000  RWIX
  INT44                 0000ffe8   00000002  00000002  00000000  RWIX
  INT45                 0000ffea   00000002  00000002  00000000  RWIX
  INT46                 0000ffec   00000002  00000002  00000000  RWIX
  INT47                 0000ffee   00000002  00000002  00000000  RWIX
  INT48                 0000fff0   00000002  00000002  00000000  RWIX
  INT49                 0000fff2   00000002  00000002  00000000  RWIX
  INT50                 0000fff4   00000002  00000002  00000000  RWIX
  INT51                 0000fff6   00000002  00000002  00000000  RWIX
  INT52                 0000fff8   00000002  00000002  00000000  RWIX
  INT53                 0000fffa   00000002  00000002  00000000  RWIX
  INT54                 0000fffc   00000002  00000002  00000000  RWIX
  RESET                 0000fffe   00000002  00000002  00000000  RWIX
  FRAM2                 00010000   00004000  00004000  00000000  RWIX


SECTION ALLOCATION MAP

 output                                  attributes/
section   page    origin      length       input sections
--------  ----  ----------  ----------   ----------------
.data      0    00001c00    0000023e     UNINITIALIZED
                  00001c00    000000c8     rts430x_lc_ld_eabi.lib : defs.c.obj (.data:_ftable)
                  00001cc8    00000078                            : host_device.c.obj (.data:_device)
                  00001d40    0000003c                            : host_device.c.obj (.data:_stream)
                  00001d7c    0000002c     tasks.obj (.data)
                  00001da8    0000001c     main_blinky.obj (.data:message$1)
                  00001dc4    00000018     main_blinky.obj (.data:buffer$2)
                  00001ddc    00000014     heap_4.obj (.data)
                  00001df0    0000000c     main_full.obj (.data)
                  00001dfc    0000000a     packet_gen.obj (.data:packet_hdr_1352)
                  00001e06    0000000a     packet_gen.obj (.data:packet_hdr_2500)
                  00001e10    00000008     cs.obj (.data)
                  00001e18    00000006     packet_gen.obj (.data)
                  00001e1e    00000005     main_blinky.obj (.data)
                  00001e23    00000001     --HOLE--
                  00001e24    00000004     rts430x_lc_ld_eabi.lib : exit_gvars.c.obj (.data:__TI_cleanup_ptr)
                  00001e28    00000004                            : exit_gvars.c.obj (.data:__TI_dtors_ptr)
                  00001e2c    00000004                            : _lock.c.obj (.data:_lock)
                  00001e30    00000004                            : _lock.c.obj (.data:_unlock)
                  00001e34    00000002     port.obj (.data)
                  00001e36    00000002     rts430x_lc_ld_eabi.lib : defs.c.obj (.data)
                  00001e38    00000002                            : errno.c.obj (.data)
                  00001e3a    00000002                            : exit.c.obj (.data)
                  00001e3c    00000002                            : memory.c.obj (.data)

.TI.persistent 
*          0    00004400    00003800     
                  00004400    00003800     main.obj (.TI.persistent:ucHeap)

.ipestruct 
*          0    00004400    00000000     UNINITIALIZED

.ipe       0    00004400    00000000     UNINITIALIZED

.ipe:_isr 
*          0    00004400    00000000     UNINITIALIZED

.cio       0    00007c00    00000120     UNINITIALIZED
                  00007c00    00000120     rts430x_lc_ld_eabi.lib : trgmsg.c.obj (.cio)

.sysmem    0    00007d20    00000300     
                  00007d20    00000008     rts430x_lc_ld_eabi.lib : memory.c.obj (.sysmem) [fill = 0]
                  00007d28    000002f8     --HOLE-- [fill = 0]

.cinit     0    00008fde    0000008c     
                  00008fde    0000006a     (.cinit..data.load) [load image, compression = lzss]
                  00009048    0000000c     (__TI_handler_table)
                  00009054    00000006     (.cinit..bss.load) [load image, compression = zero_init]
                  0000905a    00000010     (__TI_cinit_table)

.init_array 
*          0    00004400    00000000     UNINITIALIZED

.text:_isr 
*          0    00008400    0000011a     
                  00008400    00000078     main_blinky.obj (.text:_isr:timer_a_bitbuf)
                  00008478    0000006a     serial.obj (.text:_isr:prvUSCI_A0_ISR)
                  000084e2    0000001c     rts430x_lc_ld_eabi.lib : boot.c.obj (.text:_isr:_c_int00_noargs)
                  000084fe    00000014     main_full.obj (.text:_isr:v4RunTimeStatsTimerOverflow)
                  00008512    00000008     rts430x_lc_ld_eabi.lib : isr_trap.asm.obj (.text:_isr:__TI_ISR_TRAP)

.bss       0    00001e3e    00000148     UNINITIALIZED
                  00001e3e    000000a0     (.common:__TI_tmpnams)
                  00001ede    0000005a     tasks.obj (.bss:pxReadyTasksLists)
                  00001f38    00000012     tasks.obj (.bss:xPendingReadyList)
                  00001f4a    00000012     tasks.obj (.bss:xSuspendedTaskList)
                  00001f5c    00000008     serial.obj (.bss)
                  00001f64    00000008     tasks.obj (.bss)
                  00001f6c    00000008     heap_4.obj (.bss:xStart)
                  00001f74    00000008     (.common:parmbuf)
                  00001f7c    00000004     rts430x_lc_ld_eabi.lib : memory.c.obj (.bss)
                  00001f80    00000004     (.common:queue)
                  00001f84    00000001     (.common:recvd)
                  00001f85    00000001     (.common:txbit)

.stack     0    00002000    00000400     UNINITIALIZED
                  00002000    00000004     rts430x_lc_ld_eabi.lib : boot.c.obj (.stack)
                  00002004    000003fc     --HOLE--

.text.1    0    0000851a    000009e4     
                  0000851a    0000004e     rts430x_lc_ld_eabi.lib : hostclose.c.obj (.text:HOSTclose)
                  00008568    0000004e                            : strncpy.c.obj (.text:strncpy)
                  000085b6    0000004a                            : exit.c.obj (.text:exit)
                  00008600    00000046                            : hostunlink.c.obj (.text:HOSTunlink)
                  00008646    00000046                            : memory.c.obj (.text:free_list_insert)
                  0000868c    00000040                            : asr64.c.obj (.text:__mspabi_srall)
                  000086cc    0000003e                            : asr32.asm.obj (.text:l_asr_const)
                  0000870a    0000003e                            : lsl32.asm.obj (.text:l_lsl_const)
                  00008748    0000003e                            : lsr32.asm.obj (.text:l_lsr_const)
                  00008786    0000003e                            : lseek.c.obj (.text:lseek)
                  000087c4    0000003c                            : memcpy.c.obj (.text:memcpy)
                  00008800    0000003c                            : write.c.obj (.text:write)
                  0000883c    0000003a     cs.obj (.text:CS_turnOnLFXT)
                  00008876    0000003a     rts430x_lc_ld_eabi.lib : lsl64.c.obj (.text:__mspabi_sllll)
                  000088b0    0000003a                            : lsr64.c.obj (.text:__mspabi_srlll)
                  000088ea    0000003a     list.obj (.text:uxListRemove)
                  00008924    00000036     rts430x_lc_ld_eabi.lib : fopen.c.obj (.text:__TI_cleanup)
                  0000895a    00000036                            : trgmsg.c.obj (.text:__TI_writemsg)
                  00008990    00000036                            : getdevice.c.obj (.text:finddevice)
                  000089c6    00000034     gpio.obj (.text:GPIO_setAsOutputPin)
                  000089fa    00000034     queue.obj (.text:prvCopyDataFromQueue)
                  00008a2e    00000032     rts430x_lc_ld_eabi.lib : trgmsg.c.obj (.text:__TI_readmsg)
                  00008a60    00000032                            : subd.c.obj (.text:__mspabi_subd)
                  00008a92    00000030     packet_gen.obj (.text:add_header)
                  00008ac2    00000030     rts430x_lc_ld_eabi.lib : unlink.c.obj (.text:unlink)
                  00008af2    00000030     tasks.obj (.text:vTaskPlaceOnEventList)
                  00008b22    0000002e     queue.obj (.text:prvIsQueueFull)
                  00008b50    0000002c     rts430x_lc_ld_eabi.lib : mult3264_f5hw.asm.obj (.text:__mpyull)
                  00008b7c    0000002c     queue.obj (.text:prvIsQueueEmpty)
                  00008ba8    0000002c     list.obj (.text:vListInitialise)
                  00008bd4    0000002a     rts430x_lc_ld_eabi.lib : memory.c.obj (.text:free_list_remove)
                  00008bfe    0000002a     queue.obj (.text:prvInitialiseNewQueue)
                  00008c28    0000002a     packet_gen.obj (.text:rnd)
                  00008c52    00000028     tasks.obj (.text:prvResetNextTaskUnblockTime)
                  00008c7a    00000026     main.obj (.text:vApplicationSetupTimerInterrupt)
                  00008ca0    00000024     rts430x_lc_ld_eabi.lib : copy_zero_init.c.obj (.text:decompress:ZI:__TI_zero_init_nomemset:__TI_zero_init_nomemset)
                  00008cc4    00000024                            : mult32_f5hw.asm.obj (.text)
                  00008ce8    00000022     main_blinky.obj (.text:set_cpu_freq)
                  00008d0a    00000020     wdt_a.obj (.text:WDT_A_hold)
                  00008d2a    00000020     rts430x_lc_ld_eabi.lib : memchr.c.obj (.text:memchr)
                  00008d4a    00000020                            : fputs.c.obj (.text:puts)
                  00008d6a    0000001c     gpio.obj (.text:GPIO_setOutputLowOnPin)
                  00008d86    0000001c     rts430x_lc_ld_eabi.lib : strchr.c.obj (.text:strchr)
                  00008da2    0000001c                            : strcmp.c.obj (.text:strcmp)
                  00008dbe    00000018                            : mult16_f5hw.asm.obj (.text)
                  00008dd6    00000018     tasks.obj (.text:xTaskGetSchedulerState)
                  00008dee    00000016     rts430x_lc_ld_eabi.lib : copy_decompress_none.c.obj (.text:decompress:none:__TI_decompress_none)
                  00008e04    00000016                            : memory.c.obj (.text:heap_start)
                  00008e1a    00000014     tasks.obj (.text:vTaskInternalSetTimeOutState)
                  00008e2e    00000012     cs.obj (.text:CS_setDCOFreq)
                  00008e40    00000012     cs.obj (.text:CS_setExternalClockSource)
                  00008e52    00000012     packet_gen.obj (.text:packet_hdr_template)
                  00008e64    00000012     rts430x_lc_ld_eabi.lib : strcpy.c.obj (.text:strcpy)
                  00008e76    00000012                            : strlen.c.obj (.text:strlen)
                  00008e88    00000010                            : lsl32.asm.obj (.text:l_lsl)
                  00008e98    00000010                            : lsr32.asm.obj (.text:l_lsr)
                  00008ea8    0000000c     main.obj (.text:_system_pre_init)
                  00008eb4    0000000c     main.obj (.text:main)
                  00008ec0    0000000c     rts430x_lc_ld_eabi.lib : memory.c.obj (.text:malloc)
                  00008ecc    0000000a     main.obj (.text:vApplicationMallocFailedHook)
                  00008ed6    0000000a     main.obj (.text:vApplicationStackOverflowHook)
                  00008ee0    00000006     rts430x_lc_ld_eabi.lib : exit.c.obj (.text:abort)
                  00008ee6    00000006     tasks.obj (.text:uxTaskGetNumberOfTasks)
                  00008eec    00000006     tasks.obj (.text:vTaskMissedYield)
                  00008ef2    00000006     tasks.obj (.text:vTaskSuspendAll)
                  00008ef8    00000002     rts430x_lc_ld_eabi.lib : _lock.c.obj (.text:_nop)
                  00008efa    00000002                            : startup.c.obj (.text:_system_post_cinit)
                  00008efc    00000002     main.obj (.text:vApplicationTickHook)

$fill000   0    0000ff80    00000004     
                  0000ff80    00000004     --HOLE-- [fill = ffff]

$fill001   0    0000ff84    00000004     
                  0000ff84    00000004     --HOLE-- [fill = ffff]

$fill002   0    0000ff88    00000008     
                  0000ff88    00000008     --HOLE-- [fill = ffff]

AES256     0    0000ffcc    00000002     
                  0000ffcc    00000002     rts430x_lc_ld_eabi.lib : int30.asm.obj (.int30)

RTC        0    0000ffce    00000002     
                  0000ffce    00000002     rts430x_lc_ld_eabi.lib : int31.asm.obj (.int31)

PORT4      0    0000ffd0    00000002     
                  0000ffd0    00000002     rts430x_lc_ld_eabi.lib : int32.asm.obj (.int32)

PORT3      0    0000ffd2    00000002     
                  0000ffd2    00000002     rts430x_lc_ld_eabi.lib : int33.asm.obj (.int33)

TIMER3_A1 
*          0    0000ffd4    00000002     
                  0000ffd4    00000002     rts430x_lc_ld_eabi.lib : int34.asm.obj (.int34)

TIMER3_A0 
*          0    0000ffd6    00000002     
                  0000ffd6    00000002     rts430x_lc_ld_eabi.lib : int35.asm.obj (.int35)

PORT2      0    0000ffd8    00000002     
                  0000ffd8    00000002     rts430x_lc_ld_eabi.lib : int36.asm.obj (.int36)

TIMER2_A1 
*          0    0000ffda    00000002     
                  0000ffda    00000002     rts430x_lc_ld_eabi.lib : int37.asm.obj (.int37)

TIMER2_A0 
*          0    0000ffdc    00000002     
                  0000ffdc    00000002     rts430x_lc_ld_eabi.lib : int38.asm.obj (.int38)

PORT1      0    0000ffde    00000002     
                  0000ffde    00000002     rts430x_lc_ld_eabi.lib : int39.asm.obj (.int39)

TIMER1_A1 
*          0    0000ffe0    00000002     
                  0000ffe0    00000002     main_full.obj (.int40)

TIMER1_A0 
*          0    0000ffe2    00000002     
                  0000ffe2    00000002     rts430x_lc_ld_eabi.lib : int41.asm.obj (.int41)

DMA        0    0000ffe4    00000002     
                  0000ffe4    00000002     rts430x_lc_ld_eabi.lib : int42.asm.obj (.int42)

USCI_A1    0    0000ffe6    00000002     
                  0000ffe6    00000002     rts430x_lc_ld_eabi.lib : int43.asm.obj (.int43)

TIMER0_A1 
*          0    0000ffe8    00000002     
                  0000ffe8    00000002     rts430x_lc_ld_eabi.lib : int44.asm.obj (.int44)

TIMER0_A0 
*          0    0000ffea    00000002     
                  0000ffea    00000002     main_blinky.obj (.int45)

ADC12      0    0000ffec    00000002     
                  0000ffec    00000002     rts430x_lc_ld_eabi.lib : int46.asm.obj (.int46)

USCI_B0    0    0000ffee    00000002     
                  0000ffee    00000002     rts430x_lc_ld_eabi.lib : int47.asm.obj (.int47)

USCI_A0    0    0000fff0    00000002     
                  0000fff0    00000002     serial.obj (.int48)

WDT        0    0000fff2    00000002     
                  0000fff2    00000002     rts430x_lc_ld_eabi.lib : int49.asm.obj (.int49)

TIMER0_B1 
*          0    0000fff4    00000002     
                  0000fff4    00000002     rts430x_lc_ld_eabi.lib : int50.asm.obj (.int50)

TIMER0_B0 
*          0    0000fff6    00000002     
                  0000fff6    00000002     rts430x_lc_ld_eabi.lib : int51.asm.obj (.int51)

COMP_E     0    0000fff8    00000002     
                  0000fff8    00000002     rts430x_lc_ld_eabi.lib : int52.asm.obj (.int52)

UNMI       0    0000fffa    00000002     
                  0000fffa    00000002     rts430x_lc_ld_eabi.lib : int53.asm.obj (.int53)

SYSNMI     0    0000fffc    00000002     
                  0000fffc    00000002     rts430x_lc_ld_eabi.lib : int54.asm.obj (.int54)

.reset     0    0000fffe    00000002     
                  0000fffe    00000002     rts430x_lc_ld_eabi.lib : boot.c.obj (.reset)

.const     0    00008efe    000000e0     
                  00008efe    00000088     main_blinky.obj (.const:.string)
                  00008f86    0000003a     packet_gen.obj (.const:.string)
                  00008fc0    0000001c     gpio.obj (.const:GPIO_PORT_TO_BASE)
                  00008fdc    00000002     rts430x_lc_ld_eabi.lib : fputs.c.obj (.const:.string)

.text.2    0    00010000    00004000     
                  00010000    0000072a     rts430x_lc_ld_eabi.lib : addd.c.obj (.text:__mspabi_addd)
                  0001072a    00000628                            : e_log.c.obj (.text:log)
                  00010d52    00000468                            : frcdivd.c.obj (.text:__TI_frcdivd)
                  000111ba    000002dc                            : e_sqrt.c.obj (.text:sqrt)
                  00011496    00000292                            : mpyd.c.obj (.text:__mspabi_mpyd)
                  00011728    0000021c                            : divd.c.obj (.text:__mspabi_divd)
                  00011944    000001d8     tasks.obj (.text:xTaskIncrementTick)
                  00011b1c    000001b6     rts430x_lc_ld_eabi.lib : memory.c.obj (.text:aligned_alloc)
                  00011cd2    00000198     queue.obj (.text:xQueueGenericSend)
                  00011e6a    0000018c     tasks.obj (.text:xTaskResumeAll)
                  00011ff6    00000182     queue.obj (.text:xQueueReceive)
                  00012178    00000164     rts430x_lc_ld_eabi.lib : frcmpyd.c.obj (.text:__TI_frcmpyd)
                  000122dc    0000015a                            : fputs.c.obj (.text:fputs)
                  00012436    0000014c                            : memory.c.obj (.text:free)
                  00012582    0000014c     heap_4.obj (.text:pvPortMalloc)
                  000126ce    0000014c     tasks.obj (.text:xTaskRemoveFromEventList)
                  0001281a    00000142     main_blinky.obj (.text:main_blinky)
                  0001295c    00000132     tasks.obj (.text:vTaskSwitchContext)
                  00012a8e    000000fa     rts430x_lc_ld_eabi.lib : setvbuf.c.obj (.text:setvbuf)
                  00012b88    000000e8     main.obj (.text:prvSetupHardware)
                  00012c70    000000de     queue.obj (.text:xQueueGenericReset)
                  00012d4e    000000d8     rts430x_lc_ld_eabi.lib : cmpd.c.obj (.text:__mspabi_cmpd)
                  00012e26    000000d0     tasks.obj (.text:xTaskPriorityDisinherit)
                  00012ef6    000000c4     tasks.obj (.text:prvAddCurrentTaskToDelayedList)
                  00012fba    000000c2     rts430x_lc_ld_eabi.lib : memory.c.obj (.text:split)
                  0001307c    000000ac     heap_4.obj (.text:prvHeapInit)
                  00013128    000000a6     portext.obj (.text)
                  000131ce    000000a4     tasks.obj (.text:xTaskCheckForTimeOut)
                  00013272    000000a0     queue.obj (.text:prvUnlockQueue)
                  00013312    0000009e     rts430x_lc_ld_eabi.lib : fltlid.c.obj (.text:__mspabi_fltlid)
                  000133b0    0000009e     queue.obj (.text:prvCopyDataToQueue)
                  0001344e    0000009c     queue.obj (.text:xQueueGenericSendFromISR)
                  000134ea    0000009a     rts430x_lc_ld_eabi.lib : hostlseek.c.obj (.text:HOSTlseek)
                  00013584    00000086                            : _io_perm.c.obj (.text:__TI_wrt_ok)
                  0001360a    00000086     queue.obj (.text:xQueueReceiveFromISR)
                  00013690    00000080     rts430x_lc_ld_eabi.lib : fltuld.c.obj (.text:__mspabi_fltuld)
                  00013710    00000078                            : autoinit.c.obj (.text:__TI_auto_init_nobinit_nopinit_hold_wdt:__TI_auto_init_nobinit_nopinit_hold_wdt)
                  00013788    00000076                            : copy_decompress_lzss.c.obj (.text:decompress:lzss:__TI_decompress_lzss)
                  000137fe    00000074                            : hostrename.c.obj (.text:HOSTrename)
                  00013872    00000074                            : fclose.c.obj (.text:__TI_closefile)
                  000138e6    00000072     gpio.obj (.text:GPIO_setAsPeripheralModuleFunctionInputPin)
                  00013958    00000072     gpio.obj (.text:GPIO_setAsPeripheralModuleFunctionOutputPin)
                  000139ca    00000072     heap_4.obj (.text:prvInsertBlockIntoFreeList)
                  00013a3c    00000070     rts430x_lc_ld_eabi.lib : hostopen.c.obj (.text:HOSTopen)
                  00013aac    00000070                            : fseek.c.obj (.text:fseeko)
                  00013b1c    0000006e     packet_gen.obj (.text:generate_sample)
                  00013b8a    0000006e     queue.obj (.text:xQueueGenericCreate)
                  00013bf8    0000006c     rts430x_lc_ld_eabi.lib : hostwrite.c.obj (.text:HOSTwrite)
                  00013c64    0000006a                            : hostread.c.obj (.text:HOSTread)
                  00013cce    00000066     cs.obj (.text:CS_initClockSignal)
                  00013d34    00000062     rts430x_lc_ld_eabi.lib : getdevice.c.obj (.text:getdevice)
                  00013d96    00000060                            : fflush.c.obj (.text:__TI_doflush)
                  00013df6    0000005c                            : mult64_f5hw.asm.obj (.text:__mpyll)
                  00013e52    0000005a                            : close.c.obj (.text:close)
                  00013eac    00000058                            : div32u.asm.obj (.text)
                  00013f04    00000054     list.obj (.text:vListInsert)
                  00013f58    00000052     main_blinky.obj (.text:uint32_to_binary)
                  00013faa    00000050     packet_gen.obj (.text:generate_data)
                  00013ffa    00000006     pmm.obj (.text:PMM_unlockLPM5)

MODULE SUMMARY

       Module                       code    ro data   rw data
       ------                       ----    -------   -------
    ./
       main.obj                     316     0         14336  
    +--+----------------------------+-------+---------+---------+
       Total:                       316     0         14336  
                                                             
    ./Blinky_Demo/
       main_blinky.obj              558     138       63     
       packet_gen.obj               298     58        26     
    +--+----------------------------+-------+---------+---------+
       Total:                       856     196       89     
                                                             
    ./FreeRTOS_Source/
       tasks.obj                    2224    0         178    
       queue.obj                    1918    0         0      
       list.obj                     186     0         0      
    +--+----------------------------+-------+---------+---------+
       Total:                       4328    0         178    
                                                             
    ./FreeRTOS_Source/portable/CCS/MSP430X/
       portext.obj                  166     0         0      
       port.obj                     0       0         2      
    +--+----------------------------+-------+---------+---------+
       Total:                       166     0         2      
                                                             
    ./FreeRTOS_Source/portable/MemMang/
       heap_4.obj                   618     0         28     
    +--+----------------------------+-------+---------+---------+
       Total:                       618     0         28     
                                                             
    ./Full_Demo/
       serial.obj                   106     2         8      
       main_full.obj                20      2         12     
    +--+----------------------------+-------+---------+---------+
       Total:                       126     4         20     
                                                             
    ./driverlib/MSP430FR5xx_6xx/
       gpio.obj                     308     28        0      
       cs.obj                       196     0         8      
       wdt_a.obj                    32      0         0      
       pmm.obj                      6       0         0      
    +--+----------------------------+-------+---------+---------+
       Total:                       542     28        8      
                                                             
    /Applications/ti/ccs1250/ccs/tools/compiler/ti-cgt-msp430_21.6.1.LTS/lib/rts430x_lc_ld_eabi.lib
       addd.c.obj                   1834    0         0      
       e_log.c.obj                  1576    0         0      
       frcdivd.c.obj                1128    0         0      
       memory.c.obj                 1110    0         6      
       e_sqrt.c.obj                 732     0         0      
       mpyd.c.obj                   658     0         0      
       divd.c.obj                   540     0         0      
       trgmsg.c.obj                 104     0         288    
       fputs.c.obj                  378     2         0      
       defs.c.obj                   0       0         362    
       frcmpyd.c.obj                356     0         0      
       setvbuf.c.obj                250     0         0      
       cmpd.c.obj                   216     0         0      
       host_device.c.obj            0       0         180    
       fltlid.c.obj                 158     0         0      
       hostlseek.c.obj              154     0         0      
       getdevice.c.obj              152     0         0      
       _io_perm.c.obj               134     0         0      
       fltuld.c.obj                 128     0         0      
       autoinit.c.obj               120     0         0      
       hostopen.c.obj               112     0         8      
       copy_decompress_lzss.c.obj   118     0         0      
       fclose.c.obj                 116     0         0      
       hostrename.c.obj             116     0         0      
       fseek.c.obj                  112     0         0      
       hostwrite.c.obj              108     0         0      
       hostread.c.obj               106     0         0      
       fflush.c.obj                 96      0         0      
       mult64_f5hw.asm.obj          92      0         0      
       close.c.obj                  90      0         0      
       div32u.asm.obj               88      0         0      
       exit.c.obj                   80      0         2      
       hostclose.c.obj              78      0         0      
       lsl32.asm.obj                78      0         0      
       lsr32.asm.obj                78      0         0      
       strncpy.c.obj                78      0         0      
       hostunlink.c.obj             70      0         0      
       asr64.c.obj                  64      0         0      
       asr32.asm.obj                62      0         0      
       lseek.c.obj                  62      0         0      
       memcpy.c.obj                 60      0         0      
       write.c.obj                  60      0         0      
       lsl64.c.obj                  58      0         0      
       lsr64.c.obj                  58      0         0      
       fopen.c.obj                  54      0         0      
       subd.c.obj                   50      0         0      
       unlink.c.obj                 48      0         0      
       mult3264_f5hw.asm.obj        44      0         0      
       copy_zero_init.c.obj         36      0         0      
       mult32_f5hw.asm.obj          36      0         0      
       memchr.c.obj                 32      0         0      
       boot.c.obj                   28      2         0      
       strchr.c.obj                 28      0         0      
       strcmp.c.obj                 28      0         0      
       mult16_f5hw.asm.obj          24      0         0      
       copy_decompress_none.c.obj   22      0         0      
       strcpy.c.obj                 18      0         0      
       strlen.c.obj                 18      0         0      
       _lock.c.obj                  2       0         8      
       exit_gvars.c.obj             0       0         8      
       isr_trap.asm.obj             8       0         0      
       errno.c.obj                  0       0         2      
       int30.asm.obj                0       2         0      
       int31.asm.obj                0       2         0      
       int32.asm.obj                0       2         0      
       int33.asm.obj                0       2         0      
       int34.asm.obj                0       2         0      
       int35.asm.obj                0       2         0      
       int36.asm.obj                0       2         0      
       int37.asm.obj                0       2         0      
       int38.asm.obj                0       2         0      
       int39.asm.obj                0       2         0      
       int41.asm.obj                0       2         0      
       int42.asm.obj                0       2         0      
       int43.asm.obj                0       2         0      
       int44.asm.obj                0       2         0      
       int46.asm.obj                0       2         0      
       int47.asm.obj                0       2         0      
       int49.asm.obj                0       2         0      
       int50.asm.obj                0       2         0      
       int51.asm.obj                0       2         0      
       int52.asm.obj                0       2         0      
       int53.asm.obj                0       2         0      
       int54.asm.obj                0       2         0      
       startup.c.obj                2       0         0      
    +--+----------------------------+-------+---------+---------+
       Total:                       12246   48        864    
                                                             
       Heap:                        0       0         768    
       Stack:                       0       0         1024   
       Linker Generated:            0       140       0      
    +--+----------------------------+-------+---------+---------+
       Grand Total:                 19198   416       17317  


LINKER GENERATED COPY TABLES

__TI_cinit_table @ 0000905a records: 2, size/record: 8, table size: 16
	.data: load addr=00008fde, load size=0000006a bytes, run addr=00001c00, run size=0000023e bytes, compression=lzss
	.bss: load addr=00009054, load size=00000006 bytes, run addr=00001e3e, run size=00000148 bytes, compression=zero_init


LINKER GENERATED HANDLER TABLE

__TI_handler_table @ 00009048 records: 3, size/record: 4, table size: 12
	index: 0, handler: __TI_zero_init
	index: 1, handler: __TI_decompress_lzss
	index: 2, handler: __TI_decompress_none


GLOBAL SYMBOLS: SORTED ALPHABETICALLY BY Name 

address   name                                       
-------   ----                                       
00000800  ADC12CTL0                                  
00000801  ADC12CTL0_H                                
00000800  ADC12CTL0_L                                
00000802  ADC12CTL1                                  
00000803  ADC12CTL1_H                                
00000802  ADC12CTL1_L                                
00000804  ADC12CTL2                                  
00000805  ADC12CTL2_H                                
00000804  ADC12CTL2_L                                
00000806  ADC12CTL3                                  
00000807  ADC12CTL3_H                                
00000806  ADC12CTL3_L                                
0000080a  ADC12HI                                    
0000080b  ADC12HI_H                                  
0000080a  ADC12HI_L                                  
00000812  ADC12IER0                                  
00000813  ADC12IER0_H                                
00000812  ADC12IER0_L                                
00000814  ADC12IER1                                  
00000815  ADC12IER1_H                                
00000814  ADC12IER1_L                                
00000816  ADC12IER2                                  
00000817  ADC12IER2_H                                
00000816  ADC12IER2_L                                
0000080c  ADC12IFGR0                                 
0000080d  ADC12IFGR0_H                               
0000080c  ADC12IFGR0_L                               
0000080e  ADC12IFGR1                                 
0000080f  ADC12IFGR1_H                               
0000080e  ADC12IFGR1_L                               
00000810  ADC12IFGR2                                 
00000811  ADC12IFGR2_H                               
00000810  ADC12IFGR2_L                               
00000818  ADC12IV                                    
00000819  ADC12IV_H                                  
00000818  ADC12IV_L                                  
00000808  ADC12LO                                    
00000809  ADC12LO_H                                  
00000808  ADC12LO_L                                  
00000820  ADC12MCTL0                                 
00000821  ADC12MCTL0_H                               
00000820  ADC12MCTL0_L                               
00000822  ADC12MCTL1                                 
00000834  ADC12MCTL10                                
00000835  ADC12MCTL10_H                              
00000834  ADC12MCTL10_L                              
00000836  ADC12MCTL11                                
00000837  ADC12MCTL11_H                              
00000836  ADC12MCTL11_L                              
00000838  ADC12MCTL12                                
00000839  ADC12MCTL12_H                              
00000838  ADC12MCTL12_L                              
0000083a  ADC12MCTL13                                
0000083b  ADC12MCTL13_H                              
0000083a  ADC12MCTL13_L                              
0000083c  ADC12MCTL14                                
0000083d  ADC12MCTL14_H                              
0000083c  ADC12MCTL14_L                              
0000083e  ADC12MCTL15                                
0000083f  ADC12MCTL15_H                              
0000083e  ADC12MCTL15_L                              
00000840  ADC12MCTL16                                
00000841  ADC12MCTL16_H                              
00000840  ADC12MCTL16_L                              
00000842  ADC12MCTL17                                
00000843  ADC12MCTL17_H                              
00000842  ADC12MCTL17_L                              
00000844  ADC12MCTL18                                
00000845  ADC12MCTL18_H                              
00000844  ADC12MCTL18_L                              
00000846  ADC12MCTL19                                
00000847  ADC12MCTL19_H                              
00000846  ADC12MCTL19_L                              
00000823  ADC12MCTL1_H                               
00000822  ADC12MCTL1_L                               
00000824  ADC12MCTL2                                 
00000848  ADC12MCTL20                                
00000849  ADC12MCTL20_H                              
00000848  ADC12MCTL20_L                              
0000084a  ADC12MCTL21                                
0000084b  ADC12MCTL21_H                              
0000084a  ADC12MCTL21_L                              
0000084c  ADC12MCTL22                                
0000084d  ADC12MCTL22_H                              
0000084c  ADC12MCTL22_L                              
0000084e  ADC12MCTL23                                
0000084f  ADC12MCTL23_H                              
0000084e  ADC12MCTL23_L                              
00000850  ADC12MCTL24                                
00000851  ADC12MCTL24_H                              
00000850  ADC12MCTL24_L                              
00000852  ADC12MCTL25                                
00000853  ADC12MCTL25_H                              
00000852  ADC12MCTL25_L                              
00000854  ADC12MCTL26                                
00000855  ADC12MCTL26_H                              
00000854  ADC12MCTL26_L                              
00000856  ADC12MCTL27                                
00000857  ADC12MCTL27_H                              
00000856  ADC12MCTL27_L                              
00000858  ADC12MCTL28                                
00000859  ADC12MCTL28_H                              
00000858  ADC12MCTL28_L                              
0000085a  ADC12MCTL29                                
0000085b  ADC12MCTL29_H                              
0000085a  ADC12MCTL29_L                              
00000825  ADC12MCTL2_H                               
00000824  ADC12MCTL2_L                               
00000826  ADC12MCTL3                                 
0000085c  ADC12MCTL30                                
0000085d  ADC12MCTL30_H                              
0000085c  ADC12MCTL30_L                              
0000085e  ADC12MCTL31                                
0000085f  ADC12MCTL31_H                              
0000085e  ADC12MCTL31_L                              
00000827  ADC12MCTL3_H                               
00000826  ADC12MCTL3_L                               
00000828  ADC12MCTL4                                 
00000829  ADC12MCTL4_H                               
00000828  ADC12MCTL4_L                               
0000082a  ADC12MCTL5                                 
0000082b  ADC12MCTL5_H                               
0000082a  ADC12MCTL5_L                               
0000082c  ADC12MCTL6                                 
0000082d  ADC12MCTL6_H                               
0000082c  ADC12MCTL6_L                               
0000082e  ADC12MCTL7                                 
0000082f  ADC12MCTL7_H                               
0000082e  ADC12MCTL7_L                               
00000830  ADC12MCTL8                                 
00000831  ADC12MCTL8_H                               
00000830  ADC12MCTL8_L                               
00000832  ADC12MCTL9                                 
00000833  ADC12MCTL9_H                               
00000832  ADC12MCTL9_L                               
00000860  ADC12MEM0                                  
00000861  ADC12MEM0_H                                
00000860  ADC12MEM0_L                                
00000862  ADC12MEM1                                  
00000874  ADC12MEM10                                 
00000875  ADC12MEM10_H                               
00000874  ADC12MEM10_L                               
00000876  ADC12MEM11                                 
00000877  ADC12MEM11_H                               
00000876  ADC12MEM11_L                               
00000878  ADC12MEM12                                 
00000879  ADC12MEM12_H                               
00000878  ADC12MEM12_L                               
0000087a  ADC12MEM13                                 
0000087b  ADC12MEM13_H                               
0000087a  ADC12MEM13_L                               
0000087c  ADC12MEM14                                 
0000087d  ADC12MEM14_H                               
0000087c  ADC12MEM14_L                               
0000087e  ADC12MEM15                                 
0000087f  ADC12MEM15_H                               
0000087e  ADC12MEM15_L                               
00000880  ADC12MEM16                                 
00000881  ADC12MEM16_H                               
00000880  ADC12MEM16_L                               
00000882  ADC12MEM17                                 
00000883  ADC12MEM17_H                               
00000882  ADC12MEM17_L                               
00000884  ADC12MEM18                                 
00000885  ADC12MEM18_H                               
00000884  ADC12MEM18_L                               
00000886  ADC12MEM19                                 
00000887  ADC12MEM19_H                               
00000886  ADC12MEM19_L                               
00000863  ADC12MEM1_H                                
00000862  ADC12MEM1_L                                
00000864  ADC12MEM2                                  
00000888  ADC12MEM20                                 
00000889  ADC12MEM20_H                               
00000888  ADC12MEM20_L                               
0000088a  ADC12MEM21                                 
0000088b  ADC12MEM21_H                               
0000088a  ADC12MEM21_L                               
0000088c  ADC12MEM22                                 
0000088d  ADC12MEM22_H                               
0000088c  ADC12MEM22_L                               
0000088e  ADC12MEM23                                 
0000088f  ADC12MEM23_H                               
0000088e  ADC12MEM23_L                               
00000890  ADC12MEM24                                 
00000891  ADC12MEM24_H                               
00000890  ADC12MEM24_L                               
00000892  ADC12MEM25                                 
00000893  ADC12MEM25_H                               
00000892  ADC12MEM25_L                               
00000894  ADC12MEM26                                 
00000895  ADC12MEM26_H                               
00000894  ADC12MEM26_L                               
00000896  ADC12MEM27                                 
00000897  ADC12MEM27_H                               
00000896  ADC12MEM27_L                               
00000898  ADC12MEM28                                 
00000899  ADC12MEM28_H                               
00000898  ADC12MEM28_L                               
0000089a  ADC12MEM29                                 
0000089b  ADC12MEM29_H                               
0000089a  ADC12MEM29_L                               
00000865  ADC12MEM2_H                                
00000864  ADC12MEM2_L                                
00000866  ADC12MEM3                                  
0000089c  ADC12MEM30                                 
0000089d  ADC12MEM30_H                               
0000089c  ADC12MEM30_L                               
0000089e  ADC12MEM31                                 
0000089f  ADC12MEM31_H                               
0000089e  ADC12MEM31_L                               
00000867  ADC12MEM3_H                                
00000866  ADC12MEM3_L                                
00000868  ADC12MEM4                                  
00000869  ADC12MEM4_H                                
00000868  ADC12MEM4_L                                
0000086a  ADC12MEM5                                  
0000086b  ADC12MEM5_H                                
0000086a  ADC12MEM5_L                                
0000086c  ADC12MEM6                                  
0000086d  ADC12MEM6_H                                
0000086c  ADC12MEM6_L                                
0000086e  ADC12MEM7                                  
0000086f  ADC12MEM7_H                                
0000086e  ADC12MEM7_L                                
00000870  ADC12MEM8                                  
00000871  ADC12MEM8_H                                
00000870  ADC12MEM8_L                                
00000872  ADC12MEM9                                  
00000873  ADC12MEM9_H                                
00000872  ADC12MEM9_L                                
000009c0  AESACTL0                                   
000009c1  AESACTL0_H                                 
000009c0  AESACTL0_L                                 
000009c2  AESACTL1                                   
000009c3  AESACTL1_H                                 
000009c2  AESACTL1_L                                 
000009c8  AESADIN                                    
000009c9  AESADIN_H                                  
000009c8  AESADIN_L                                  
000009ca  AESADOUT                                   
000009cb  AESADOUT_H                                 
000009ca  AESADOUT_L                                 
000009c6  AESAKEY                                    
000009c7  AESAKEY_H                                  
000009c6  AESAKEY_L                                  
000009c4  AESASTAT                                   
000009c5  AESASTAT_H                                 
000009c4  AESASTAT_L                                 
000009cc  AESAXDIN                                   
000009cd  AESAXDIN_H                                 
000009cc  AESAXDIN_L                                 
000009ce  AESAXIN                                    
000009cf  AESAXIN_H                                  
000009ce  AESAXIN_L                                  
000004be  BCD2BIN                                    
000004bc  BIN2BCD                                    
00008ee0  C$$EXIT                                    
0000898c  C$$IO$$                                    
0000043e  CAPTIO0CTL                                 
0000043f  CAPTIO0CTL_H                               
0000043e  CAPTIO0CTL_L                               
0000047e  CAPTIO1CTL                                 
0000047f  CAPTIO1CTL_H                               
0000047e  CAPTIO1CTL_L                               
000008c0  CECTL0                                     
000008c1  CECTL0_H                                   
000008c0  CECTL0_L                                   
000008c2  CECTL1                                     
000008c3  CECTL1_H                                   
000008c2  CECTL1_L                                   
000008c4  CECTL2                                     
000008c5  CECTL2_H                                   
000008c4  CECTL2_L                                   
000008c6  CECTL3                                     
000008c7  CECTL3_H                                   
000008c6  CECTL3_L                                   
000008cc  CEINT                                      
000008cd  CEINT_H                                    
000008cc  CEINT_L                                    
000008ce  CEIV                                       
000008cf  CEIV_H                                     
000008ce  CEIV_L                                     
00000150  CRCDI                                      
00000152  CRCDIRB                                    
00000153  CRCDIRB_H                                  
00000152  CRCDIRB_L                                  
00000151  CRCDI_H                                    
00000150  CRCDI_L                                    
00000154  CRCINIRES                                  
00000155  CRCINIRES_H                                
00000154  CRCINIRES_L                                
00000156  CRCRESR                                    
00000157  CRCRESR_H                                  
00000156  CRCRESR_L                                  
00000160  CSCTL0                                     
00000161  CSCTL0_H                                   
00000160  CSCTL0_L                                   
00000162  CSCTL1                                     
00000163  CSCTL1_H                                   
00000162  CSCTL1_L                                   
00000164  CSCTL2                                     
00000165  CSCTL2_H                                   
00000164  CSCTL2_L                                   
00000166  CSCTL3                                     
00000167  CSCTL3_H                                   
00000166  CSCTL3_L                                   
00000168  CSCTL4                                     
00000169  CSCTL4_H                                   
00000168  CSCTL4_L                                   
0000016a  CSCTL5                                     
0000016b  CSCTL5_H                                   
0000016a  CSCTL5_L                                   
0000016c  CSCTL6                                     
0000016d  CSCTL6_H                                   
0000016c  CSCTL6_L                                   
00013cce  CS_initClockSignal                         
00008e2e  CS_setDCOFreq                              
00008e40  CS_setExternalClockSource                  
0000883c  CS_turnOnLFXT                              
00000510  DMA0CTL                                    
00000516  DMA0DA                                     
00000518  DMA0DAH                                    
00000516  DMA0DAL                                    
00000512  DMA0SA                                     
00000514  DMA0SAH                                    
00000512  DMA0SAL                                    
0000051a  DMA0SZ                                     
00000520  DMA1CTL                                    
00000526  DMA1DA                                     
00000528  DMA1DAH                                    
00000526  DMA1DAL                                    
00000522  DMA1SA                                     
00000524  DMA1SAH                                    
00000522  DMA1SAL                                    
0000052a  DMA1SZ                                     
00000530  DMA2CTL                                    
00000536  DMA2DA                                     
00000538  DMA2DAH                                    
00000536  DMA2DAL                                    
00000532  DMA2SA                                     
00000534  DMA2SAH                                    
00000532  DMA2SAL                                    
0000053a  DMA2SZ                                     
00000500  DMACTL0                                    
00000502  DMACTL1                                    
00000504  DMACTL2                                    
00000506  DMACTL3                                    
00000508  DMACTL4                                    
0000050e  DMAIV                                      
00000140  FRCTL0                                     
00000141  FRCTL0_H                                   
00000140  FRCTL0_L                                   
00000144  GCCTL0                                     
00000145  GCCTL0_H                                   
00000144  GCCTL0_L                                   
00000146  GCCTL1                                     
00000147  GCCTL1_H                                   
00000146  GCCTL1_L                                   
000089c6  GPIO_setAsOutputPin                        
000138e6  GPIO_setAsPeripheralModuleFunctionInputPin 
00013958  GPIO_setAsPeripheralModuleFunctionOutputPin
00008d6a  GPIO_setOutputLowOnPin                     
0000851a  HOSTclose                                  
000134ea  HOSTlseek                                  
00013a3c  HOSTopen                                   
00013c64  HOSTread                                   
000137fe  HOSTrename                                 
00008600  HOSTunlink                                 
00013bf8  HOSTwrite                                  
000004c4  MAC                                        
000004da  MAC32H                                     
000004db  MAC32H_H                                   
000004da  MAC32H_L                                   
000004d8  MAC32L                                     
000004d9  MAC32L_H                                   
000004d8  MAC32L_L                                   
000004c6  MACS                                       
000004de  MACS32H                                    
000004df  MACS32H_H                                  
000004de  MACS32H_L                                  
000004dc  MACS32L                                    
000004dd  MACS32L_H                                  
000004dc  MACS32L_L                                  
000004c7  MACS_H                                     
000004c6  MACS_L                                     
000004c5  MAC_H                                      
000004c4  MAC_L                                      
000005a0  MPUCTL0                                    
000005a1  MPUCTL0_H                                  
000005a0  MPUCTL0_L                                  
000005a2  MPUCTL1                                    
000005a3  MPUCTL1_H                                  
000005a2  MPUCTL1_L                                  
000005aa  MPUIPC0                                    
000005ab  MPUIPC0_H                                  
000005aa  MPUIPC0_L                                  
000005ae  MPUIPSEGB1                                 
000005af  MPUIPSEGB1_H                               
000005ae  MPUIPSEGB1_L                               
000005ac  MPUIPSEGB2                                 
000005ad  MPUIPSEGB2_H                               
000005ac  MPUIPSEGB2_L                               
000005a8  MPUSAM                                     
000005a9  MPUSAM_H                                   
000005a8  MPUSAM_L                                   
000005a6  MPUSEGB1                                   
000005a7  MPUSEGB1_H                                 
000005a6  MPUSEGB1_L                                 
000005a4  MPUSEGB2                                   
000005a5  MPUSEGB2_H                                 
000005a4  MPUSEGB2_L                                 
000004c0  MPY                                        
000004ec  MPY32CTL0                                  
000004ed  MPY32CTL0_H                                
000004ec  MPY32CTL0_L                                
000004d2  MPY32H                                     
000004d3  MPY32H_H                                   
000004d2  MPY32H_L                                   
000004d0  MPY32L                                     
000004d1  MPY32L_H                                   
000004d0  MPY32L_L                                   
000004c2  MPYS                                       
000004d6  MPYS32H                                    
000004d7  MPYS32H_H                                  
000004d6  MPYS32H_L                                  
000004d4  MPYS32L                                    
000004d5  MPYS32L_H                                  
000004d4  MPYS32L_L                                  
000004c3  MPYS_H                                     
000004c2  MPYS_L                                     
000004c1  MPY_H                                      
000004c0  MPY_L                                      
000004c8  OP2                                        
000004e2  OP2H                                       
000004e3  OP2H_H                                     
000004e2  OP2H_L                                     
000004e0  OP2L                                       
000004e1  OP2L_H                                     
000004e0  OP2L_L                                     
000004c9  OP2_H                                      
000004c8  OP2_L                                      
0000020e  P1IV                                       
0000021e  P2IV                                       
0000022e  P3IV                                       
0000023e  P4IV                                       
00000204  PADIR                                      
00000205  PADIR_H                                    
00000204  PADIR_L                                    
0000021a  PAIE                                       
00000218  PAIES                                      
00000219  PAIES_H                                    
00000218  PAIES_L                                    
0000021b  PAIE_H                                     
0000021a  PAIE_L                                     
0000021c  PAIFG                                      
0000021d  PAIFG_H                                    
0000021c  PAIFG_L                                    
00000200  PAIN                                       
00000201  PAIN_H                                     
00000200  PAIN_L                                     
00000202  PAOUT                                      
00000203  PAOUT_H                                    
00000202  PAOUT_L                                    
00000206  PAREN                                      
00000207  PAREN_H                                    
00000206  PAREN_L                                    
0000020a  PASEL0                                     
0000020b  PASEL0_H                                   
0000020a  PASEL0_L                                   
0000020c  PASEL1                                     
0000020d  PASEL1_H                                   
0000020c  PASEL1_L                                   
00000216  PASELC                                     
00000217  PASELC_H                                   
00000216  PASELC_L                                   
00000224  PBDIR                                      
00000225  PBDIR_H                                    
00000224  PBDIR_L                                    
0000023a  PBIE                                       
00000238  PBIES                                      
00000239  PBIES_H                                    
00000238  PBIES_L                                    
0000023b  PBIE_H                                     
0000023a  PBIE_L                                     
0000023c  PBIFG                                      
0000023d  PBIFG_H                                    
0000023c  PBIFG_L                                    
00000220  PBIN                                       
00000221  PBIN_H                                     
00000220  PBIN_L                                     
00000222  PBOUT                                      
00000223  PBOUT_H                                    
00000222  PBOUT_L                                    
00000226  PBREN                                      
00000227  PBREN_H                                    
00000226  PBREN_L                                    
0000022a  PBSEL0                                     
0000022b  PBSEL0_H                                   
0000022a  PBSEL0_L                                   
0000022c  PBSEL1                                     
0000022d  PBSEL1_H                                   
0000022c  PBSEL1_L                                   
00000236  PBSELC                                     
00000237  PBSELC_H                                   
00000236  PBSELC_L                                   
00000324  PJDIR                                      
00000325  PJDIR_H                                    
00000324  PJDIR_L                                    
00000320  PJIN                                       
00000321  PJIN_H                                     
00000320  PJIN_L                                     
00000322  PJOUT                                      
00000323  PJOUT_H                                    
00000322  PJOUT_L                                    
00000326  PJREN                                      
00000327  PJREN_H                                    
00000326  PJREN_L                                    
0000032a  PJSEL0                                     
0000032b  PJSEL0_H                                   
0000032a  PJSEL0_L                                   
0000032c  PJSEL1                                     
0000032d  PJSEL1_H                                   
0000032c  PJSEL1_L                                   
00000336  PJSELC                                     
00000337  PJSELC_H                                   
00000336  PJSELC_L                                   
00000130  PM5CTL0                                    
00000131  PM5CTL0_H                                  
00000130  PM5CTL0_L                                  
00000120  PMMCTL0                                    
00000121  PMMCTL0_H                                  
00000120  PMMCTL0_L                                  
0000012a  PMMIFG                                     
0000012b  PMMIFG_H                                   
0000012a  PMMIFG_L                                   
00013ffa  PMM_unlockLPM5                             
000001b0  REFCTL0                                    
000001b1  REFCTL0_H                                  
000001b0  REFCTL0_L                                  
000004e4  RES0                                       
000004e5  RES0_H                                     
000004e4  RES0_L                                     
000004e6  RES1                                       
000004e7  RES1_H                                     
000004e6  RES1_L                                     
000004e8  RES2                                       
000004e9  RES2_H                                     
000004e8  RES2_L                                     
000004ea  RES3                                       
000004eb  RES3_H                                     
000004ea  RES3_L                                     
000004cc  RESHI                                      
000004cd  RESHI_H                                    
000004cc  RESHI_L                                    
000004ca  RESLO                                      
000004cb  RESLO_H                                    
000004ca  RESLO_L                                    
000004ba  RTCADOWDAY                                 
000004bb  RTCADOWDAY_H                               
000004ba  RTCADOWDAY_L                               
000004b8  RTCAMINHR                                  
000004b9  RTCAMINHR_H                                
000004b8  RTCAMINHR_L                                
000004a0  RTCCTL01                                   
000004a1  RTCCTL01_H                                 
000004a0  RTCCTL01_L                                 
000004a2  RTCCTL23                                   
000004a3  RTCCTL23_H                                 
000004a2  RTCCTL23_L                                 
000004b4  RTCDATE                                    
000004b5  RTCDATE_H                                  
000004b4  RTCDATE_L                                  
000004ae  RTCIV                                      
000004ac  RTCPS                                      
000004a8  RTCPS0CTL                                  
000004a9  RTCPS0CTL_H                                
000004a8  RTCPS0CTL_L                                
000004aa  RTCPS1CTL                                  
000004ab  RTCPS1CTL_H                                
000004aa  RTCPS1CTL_L                                
000004ad  RTCPS_H                                    
000004ac  RTCPS_L                                    
000004b0  RTCTIM0                                    
000004b1  RTCTIM0_H                                  
000004b0  RTCTIM0_L                                  
000004b2  RTCTIM1                                    
000004b3  RTCTIM1_H                                  
000004b2  RTCTIM1_L                                  
000004b6  RTCYEAR                                    
000004b7  RTCYEAR_H                                  
000004b6  RTCYEAR_L                                  
00000100  SFRIE1                                     
00000101  SFRIE1_H                                   
00000100  SFRIE1_L                                   
00000102  SFRIFG1                                    
00000103  SFRIFG1_H                                  
00000102  SFRIFG1_L                                  
00000104  SFRRPCR                                    
00000105  SFRRPCR_H                                  
00000104  SFRRPCR_L                                  
000004ce  SUMEXT                                     
000004cf  SUMEXT_H                                   
000004ce  SUMEXT_L                                   
00000180  SYSCTL                                     
00000181  SYSCTL_H                                   
00000180  SYSCTL_L                                   
00000186  SYSJMBC                                    
00000187  SYSJMBC_H                                  
00000186  SYSJMBC_L                                  
00000188  SYSJMBI0                                   
00000189  SYSJMBI0_H                                 
00000188  SYSJMBI0_L                                 
0000018a  SYSJMBI1                                   
0000018b  SYSJMBI1_H                                 
0000018a  SYSJMBI1_L                                 
0000018c  SYSJMBO0                                   
0000018d  SYSJMBO0_H                                 
0000018c  SYSJMBO0_L                                 
0000018e  SYSJMBO1                                   
0000018f  SYSJMBO1_H                                 
0000018e  SYSJMBO1_L                                 
0000019e  SYSRSTIV                                   
0000019f  SYSRSTIV_H                                 
0000019e  SYSRSTIV_L                                 
0000019c  SYSSNIV                                    
0000019d  SYSSNIV_H                                  
0000019c  SYSSNIV_L                                  
0000019a  SYSUNIV                                    
0000019b  SYSUNIV_H                                  
0000019a  SYSUNIV_L                                  
00000352  TA0CCR0                                    
00000354  TA0CCR1                                    
00000356  TA0CCR2                                    
00000342  TA0CCTL0                                   
00000344  TA0CCTL1                                   
00000346  TA0CCTL2                                   
00000340  TA0CTL                                     
00000360  TA0EX0                                     
0000036e  TA0IV                                      
00000350  TA0R                                       
00000392  TA1CCR0                                    
00000394  TA1CCR1                                    
00000396  TA1CCR2                                    
00000382  TA1CCTL0                                   
00000384  TA1CCTL1                                   
00000386  TA1CCTL2                                   
00000380  TA1CTL                                     
000003a0  TA1EX0                                     
000003ae  TA1IV                                      
00000390  TA1R                                       
00000412  TA2CCR0                                    
00000414  TA2CCR1                                    
00000402  TA2CCTL0                                   
00000404  TA2CCTL1                                   
00000400  TA2CTL                                     
00000420  TA2EX0                                     
0000042e  TA2IV                                      
00000410  TA2R                                       
00000452  TA3CCR0                                    
00000454  TA3CCR1                                    
00000442  TA3CCTL0                                   
00000444  TA3CCTL1                                   
00000440  TA3CTL                                     
00000460  TA3EX0                                     
0000046e  TA3IV                                      
00000450  TA3R                                       
000003d2  TB0CCR0                                    
000003d4  TB0CCR1                                    
000003d6  TB0CCR2                                    
000003d8  TB0CCR3                                    
000003da  TB0CCR4                                    
000003dc  TB0CCR5                                    
000003de  TB0CCR6                                    
000003c2  TB0CCTL0                                   
000003c4  TB0CCTL1                                   
000003c6  TB0CCTL2                                   
000003c8  TB0CCTL3                                   
000003ca  TB0CCTL4                                   
000003cc  TB0CCTL5                                   
000003ce  TB0CCTL6                                   
000003c0  TB0CTL                                     
000003e0  TB0EX0                                     
000003ee  TB0IV                                      
000003d0  TB0R                                       
000005d0  UCA0ABCTL                                  
000005c6  UCA0BRW                                    
000005c7  UCA0BRW_H                                  
000005c6  UCA0BRW_L                                  
000005c0  UCA0CTLW0                                  
000005c1  UCA0CTLW0_H                                
000005c0  UCA0CTLW0_L                                
000005c2  UCA0CTLW1                                  
000005c3  UCA0CTLW1_H                                
000005c2  UCA0CTLW1_L                                
000005da  UCA0IE                                     
000005db  UCA0IE_H                                   
000005da  UCA0IE_L                                   
000005dc  UCA0IFG                                    
000005dd  UCA0IFG_H                                  
000005dc  UCA0IFG_L                                  
000005d2  UCA0IRCTL                                  
000005d3  UCA0IRCTL_H                                
000005d2  UCA0IRCTL_L                                
000005de  UCA0IV                                     
000005c8  UCA0MCTLW                                  
000005c9  UCA0MCTLW_H                                
000005c8  UCA0MCTLW_L                                
000005cc  UCA0RXBUF                                  
000005cd  UCA0RXBUF_H                                
000005cc  UCA0RXBUF_L                                
000005ca  UCA0STATW                                  
000005ce  UCA0TXBUF                                  
000005cf  UCA0TXBUF_H                                
000005ce  UCA0TXBUF_L                                
000005f0  UCA1ABCTL                                  
000005e6  UCA1BRW                                    
000005e7  UCA1BRW_H                                  
000005e6  UCA1BRW_L                                  
000005e0  UCA1CTLW0                                  
000005e1  UCA1CTLW0_H                                
000005e0  UCA1CTLW0_L                                
000005e2  UCA1CTLW1                                  
000005e3  UCA1CTLW1_H                                
000005e2  UCA1CTLW1_L                                
000005fa  UCA1IE                                     
000005fb  UCA1IE_H                                   
000005fa  UCA1IE_L                                   
000005fc  UCA1IFG                                    
000005fd  UCA1IFG_H                                  
000005fc  UCA1IFG_L                                  
000005f2  UCA1IRCTL                                  
000005f3  UCA1IRCTL_H                                
000005f2  UCA1IRCTL_L                                
000005fe  UCA1IV                                     
000005e8  UCA1MCTLW                                  
000005e9  UCA1MCTLW_H                                
000005e8  UCA1MCTLW_L                                
000005ec  UCA1RXBUF                                  
000005ed  UCA1RXBUF_H                                
000005ec  UCA1RXBUF_L                                
000005ea  UCA1STATW                                  
000005ee  UCA1TXBUF                                  
000005ef  UCA1TXBUF_H                                
000005ee  UCA1TXBUF_L                                
0000065e  UCB0ADDMASK                                
0000065f  UCB0ADDMASK_H                              
0000065e  UCB0ADDMASK_L                              
0000065c  UCB0ADDRX                                  
0000065d  UCB0ADDRX_H                                
0000065c  UCB0ADDRX_L                                
00000646  UCB0BRW                                    
00000647  UCB0BRW_H                                  
00000646  UCB0BRW_L                                  
00000640  UCB0CTLW0                                  
00000641  UCB0CTLW0_H                                
00000640  UCB0CTLW0_L                                
00000642  UCB0CTLW1                                  
00000643  UCB0CTLW1_H                                
00000642  UCB0CTLW1_L                                
00000654  UCB0I2COA0                                 
00000655  UCB0I2COA0_H                               
00000654  UCB0I2COA0_L                               
00000656  UCB0I2COA1                                 
00000657  UCB0I2COA1_H                               
00000656  UCB0I2COA1_L                               
00000658  UCB0I2COA2                                 
00000659  UCB0I2COA2_H                               
00000658  UCB0I2COA2_L                               
0000065a  UCB0I2COA3                                 
0000065b  UCB0I2COA3_H                               
0000065a  UCB0I2COA3_L                               
00000660  UCB0I2CSA                                  
00000661  UCB0I2CSA_H                                
00000660  UCB0I2CSA_L                                
0000066a  UCB0IE                                     
0000066b  UCB0IE_H                                   
0000066a  UCB0IE_L                                   
0000066c  UCB0IFG                                    
0000066d  UCB0IFG_H                                  
0000066c  UCB0IFG_L                                  
0000066e  UCB0IV                                     
0000064c  UCB0RXBUF                                  
0000064d  UCB0RXBUF_H                                
0000064c  UCB0RXBUF_L                                
00000648  UCB0STATW                                  
00000649  UCB0STATW_H                                
00000648  UCB0STATW_L                                
0000064a  UCB0TBCNT                                  
0000064b  UCB0TBCNT_H                                
0000064a  UCB0TBCNT_L                                
0000064e  UCB0TXBUF                                  
0000064f  UCB0TXBUF_H                                
0000064e  UCB0TXBUF_L                                
0000015c  WDTCTL                                     
0000015d  WDTCTL_H                                   
0000015c  WDTCTL_L                                   
00008d0a  WDT_A_hold                                 
00007c00  _CIOBUF_                                   
00002400  __STACK_END                                
00000400  __STACK_SIZE                               
00000300  __SYSMEM_SIZE                              
0000905a  __TI_CINIT_Base                            
0000906a  __TI_CINIT_Limit                           
0000906a  __TI_CINIT_Warm                            
00009048  __TI_Handler_Table_Base                    
00009054  __TI_Handler_Table_Limit                   
00008512  __TI_ISR_TRAP                              
00013710  __TI_auto_init_nobinit_nopinit_hold_wdt    
00008924  __TI_cleanup                               
00001e24  __TI_cleanup_ptr                           
00013872  __TI_closefile                             
00013788  __TI_decompress_lzss                       
00008dee  __TI_decompress_none                       
00013d96  __TI_doflush                               
00001e28  __TI_dtors_ptr                             
00001e3a  __TI_enable_exit_profile_output            
00010d52  __TI_frcdivd                               
00012178  __TI_frcmpyd                               
00001e36  __TI_ft_end                                
0000ffcc  __TI_int30                                 
0000ffce  __TI_int31                                 
0000ffd0  __TI_int32                                 
0000ffd2  __TI_int33                                 
0000ffd4  __TI_int34                                 
[...]
00000866  ADC12MEM3                                  
00000866  ADC12MEM3_L                                
00000867  ADC12MEM3_H                                
00000868  ADC12MEM4                                  
00000868  ADC12MEM4_L                                
00000869  ADC12MEM4_H                                
0000086a  ADC12MEM5                                  
0000086a  ADC12MEM5_L                                
0000086b  ADC12MEM5_H                                
0000086c  ADC12MEM6                                  
0000086c  ADC12MEM6_L                                
0000086d  ADC12MEM6_H                                
0000086e  ADC12MEM7                                  
0000086e  ADC12MEM7_L                                
0000086f  ADC12MEM7_H                                
00000870  ADC12MEM8                                  
00000870  ADC12MEM8_L                                
00000871  ADC12MEM8_H                                
00000872  ADC12MEM9                                  
00000872  ADC12MEM9_L                                
00000873  ADC12MEM9_H                                
00000874  ADC12MEM10                                 
00000874  ADC12MEM10_L                               
00000875  ADC12MEM10_H                               
00000876  ADC12MEM11                                 
00000876  ADC12MEM11_L                               
00000877  ADC12MEM11_H                               
00000878  ADC12MEM12                                 
00000878  ADC12MEM12_L                               
00000879  ADC12MEM12_H                               
0000087a  ADC12MEM13                                 
0000087a  ADC12MEM13_L                               
0000087b  ADC12MEM13_H                               
0000087c  ADC12MEM14                                 
0000087c  ADC12MEM14_L                               
0000087d  ADC12MEM14_H                               
0000087e  ADC12MEM15                                 
0000087e  ADC12MEM15_L                               
0000087f  ADC12MEM15_H                               
00000880  ADC12MEM16                                 
00000880  ADC12MEM16_L                               
00000881  ADC12MEM16_H                               
00000882  ADC12MEM17                                 
00000882  ADC12MEM17_L                               
00000883  ADC12MEM17_H                               
00000884  ADC12MEM18                                 
00000884  ADC12MEM18_L                               
00000885  ADC12MEM18_H                               
00000886  ADC12MEM19                                 
00000886  ADC12MEM19_L                               
00000887  ADC12MEM19_H                               
00000888  ADC12MEM20                                 
00000888  ADC12MEM20_L                               
00000889  ADC12MEM20_H                               
0000088a  ADC12MEM21                                 
0000088a  ADC12MEM21_L                               
0000088b  ADC12MEM21_H                               
0000088c  ADC12MEM22                                 
0000088c  ADC12MEM22_L                               
0000088d  ADC12MEM22_H                               
0000088e  ADC12MEM23                                 
0000088e  ADC12MEM23_L                               
0000088f  ADC12MEM23_H                               
00000890  ADC12MEM24                                 
00000890  ADC12MEM24_L                               
00000891  ADC12MEM24_H                               
00000892  ADC12MEM25                                 
00000892  ADC12MEM25_L                               
00000893  ADC12MEM25_H                               
00000894  ADC12MEM26                                 
00000894  ADC12MEM26_L                               
00000895  ADC12MEM26_H                               
00000896  ADC12MEM27                                 
00000896  ADC12MEM27_L                               
00000897  ADC12MEM27_H                               
00000898  ADC12MEM28                                 
00000898  ADC12MEM28_L                               
00000899  ADC12MEM28_H                               
0000089a  ADC12MEM29                                 
0000089a  ADC12MEM29_L                               
0000089b  ADC12MEM29_H                               
0000089c  ADC12MEM30                                 
0000089c  ADC12MEM30_L                               
0000089d  ADC12MEM30_H                               
0000089e  ADC12MEM31                                 
0000089e  ADC12MEM31_L                               
0000089f  ADC12MEM31_H                               
000008c0  CECTL0                                     
000008c0  CECTL0_L                                   
000008c1  CECTL0_H                                   
000008c2  CECTL1                                     
000008c2  CECTL1_L                                   
000008c3  CECTL1_H                                   
000008c4  CECTL2                                     
000008c4  CECTL2_L                                   
000008c5  CECTL2_H                                   
000008c6  CECTL3                                     
000008c6  CECTL3_L                                   
000008c7  CECTL3_H                                   
000008cc  CEINT                                      
000008cc  CEINT_L                                    
000008cd  CEINT_H                                    
000008ce  CEIV                                       
000008ce  CEIV_L                                     
000008cf  CEIV_H                                     
000009c0  AESACTL0                                   
000009c0  AESACTL0_L                                 
000009c1  AESACTL0_H                                 
000009c2  AESACTL1                                   
000009c2  AESACTL1_L                                 
000009c3  AESACTL1_H                                 
000009c4  AESASTAT                                   
000009c4  AESASTAT_L                                 
000009c5  AESASTAT_H                                 
000009c6  AESAKEY                                    
000009c6  AESAKEY_L                                  
000009c7  AESAKEY_H                                  
000009c8  AESADIN                                    
000009c8  AESADIN_L                                  
000009c9  AESADIN_H                                  
000009ca  AESADOUT                                   
000009ca  AESADOUT_L                                 
000009cb  AESADOUT_H                                 
000009cc  AESAXDIN                                   
000009cc  AESAXDIN_L                                 
000009cd  AESAXDIN_H                                 
000009ce  AESAXIN                                    
000009ce  AESAXIN_L                                  
000009cf  AESAXIN_H                                  
00001c00  _ftable                                    
00001cc8  _device                                    
00001d40  _stream                                    
00001d7c  pxCurrentTCB                               
00001df0  usRegTest1LoopCounter                      
00001df2  usRegTest2LoopCounter                      
00001df4  ulRunTimeCounterOverflows                  
00001dfc  packet_hdr_1352                            
00001e06  packet_hdr_2500                            
00001e18  seed                                       
00001e1c  file_position                              
00001e1e  tx_counter                                 
00001e20  txflag                                     
00001e21  enableflag                                 
00001e24  __TI_cleanup_ptr                           
00001e28  __TI_dtors_ptr                             
00001e2c  _lock                                      
00001e30  _unlock                                    
00001e34  usCriticalNesting                          
00001e36  __TI_ft_end                                
00001e38  errno                                      
00001e3a  __TI_enable_exit_profile_output            
00001e3e  __TI_tmpnams                               
00001f74  parmbuf                                    
00001f80  queue                                      
00001f84  recvd                                      
00001f85  txbit                                      
00002000  _stack                                     
00002400  __STACK_END                                
00004400  fram_ipe_end                               
00004400  fram_ipe_start                             
00004400  ucHeap                                     
00007c00  _CIOBUF_                                   
00007d20  _sys_memory                                
00008400  fram_rx_start                              
00008400  timer_a_bitbuf                             
00008478  prvUSCI_A0_ISR                             
000084e2  _c_int00_noargs                            
000084fe  v4RunTimeStatsTimerOverflow                
00008512  __TI_ISR_TRAP                              
0000851a  HOSTclose                                  
00008568  strncpy                                    
000085b6  exit                                       
00008600  HOSTunlink                                 
0000868c  __mspabi_srall                             
000086cc  __mspabi_sral_15                           
000086d0  __mspabi_sral_14                           
000086d4  __mspabi_sral_13                           
000086d8  __mspabi_sral_12                           
000086dc  __mspabi_sral_11                           
000086e0  __mspabi_sral_10                           
000086e4  __mspabi_sral_9                            
000086e8  __mspabi_sral_8                            
000086ec  __mspabi_sral_7                            
000086f0  __mspabi_sral_6                            
000086f4  __mspabi_sral_5                            
000086f8  __mspabi_sral_4                            
000086fc  __mspabi_sral_3                            
00008700  __mspabi_sral_2                            
00008704  __mspabi_sral_1                            
0000870a  __mspabi_slll_15                           
0000870e  __mspabi_slll_14                           
00008712  __mspabi_slll_13                           
00008716  __mspabi_slll_12                           
0000871a  __mspabi_slll_11                           
0000871e  __mspabi_slll_10                           
00008722  __mspabi_slll_9                            
00008726  __mspabi_slll_8                            
0000872a  __mspabi_slll_7                            
0000872e  __mspabi_slll_6                            
00008732  __mspabi_slll_5                            
00008736  __mspabi_slll_4                            
0000873a  __mspabi_slll_3                            
0000873e  __mspabi_slll_2                            
00008742  __mspabi_slll_1                            
00008748  __mspabi_srll_15                           
0000874c  __mspabi_srll_14                           
00008750  __mspabi_srll_13                           
00008754  __mspabi_srll_12                           
00008758  __mspabi_srll_11                           
0000875c  __mspabi_srll_10                           
00008760  __mspabi_srll_9                            
00008764  __mspabi_srll_8                            
00008768  __mspabi_srll_7                            
0000876c  __mspabi_srll_6                            
00008770  __mspabi_srll_5                            
00008774  __mspabi_srll_4                            
00008778  __mspabi_srll_3                            
0000877c  __mspabi_srll_2                            
00008780  __mspabi_srll_1                            
00008786  lseek                                      
000087c4  memcpy                                     
00008800  write                                      
0000883c  CS_turnOnLFXT                              
00008876  __mspabi_sllll                             
000088b0  __mspabi_srlll                             
000088ea  uxListRemove                               
00008924  __TI_cleanup                               
0000895a  __TI_writemsg                              
0000898c  C$$IO$$                                    
00008990  finddevice                                 
000089c6  GPIO_setAsOutputPin                        
00008a2e  __TI_readmsg                               
00008a60  __mspabi_subd                              
00008a92  add_header                                 
00008ac2  remove                                     
00008ac2  unlink                                     
00008af2  vTaskPlaceOnEventList                      
00008b50  __mspabi_mpyull_f5hw                       
00008ba8  vListInitialise                            
00008c28  rnd                                        
00008c7a  vApplicationSetupTimerInterrupt            
00008c7a  vPortSetupTimerInterrupt                   
00008ca0  __TI_zero_init_nomemset                    
00008cc4  __mspabi_mpyl_f5hw                         
00008ce8  set_cpu_freq                               
00008d0a  WDT_A_hold                                 
00008d2a  memchr                                     
00008d4a  puts                                       
00008d6a  GPIO_setOutputLowOnPin                     
00008d86  strchr                                     
00008da2  strcmp                                     
00008dbe  __mspabi_mpyi_f5hw                         
00008dd6  xTaskGetSchedulerState                     
00008dee  __TI_decompress_none                       
00008e1a  vTaskInternalSetTimeOutState               
00008e2e  CS_setDCOFreq                              
00008e40  CS_setExternalClockSource                  
00008e52  packet_hdr_template                        
00008e64  strcpy                                     
00008e76  strlen                                     
00008e88  __mspabi_slll                              
00008e98  __mspabi_srll                              
00008ea8  _system_pre_init                           
00008eb4  main                                       
00008ec0  malloc                                     
00008ecc  vApplicationMallocFailedHook               
00008ed6  vApplicationStackOverflowHook              
00008ee0  C$$EXIT                                    
00008ee0  abort                                      
00008ee6  uxTaskGetNumberOfTasks                     
00008eec  vTaskMissedYield                           
00008ef2  vTaskSuspendAll                            
00008ef8  _nop                                       
00008efa  _system_post_cinit                         
00008efc  vApplicationTickHook                       
00009048  __TI_Handler_Table_Base                    
00009054  __TI_Handler_Table_Limit                   
0000905a  __TI_CINIT_Base                            
0000906a  __TI_CINIT_Limit                           
0000906a  __TI_CINIT_Warm                            
0000ffcc  __TI_int30                                 
0000ffce  __TI_int31                                 
0000ffd0  __TI_int32                                 
0000ffd2  __TI_int33                                 
0000ffd4  __TI_int34                                 
0000ffd6  __TI_int35                                 
0000ffd8  __TI_int36                                 
0000ffda  __TI_int37                                 
0000ffdc  __TI_int38                                 
0000ffde  __TI_int39                                 
0000ffe0  __TI_int40                                 
0000ffe2  __TI_int41                                 
0000ffe4  __TI_int42                                 
0000ffe6  __TI_int43                                 
0000ffe8  __TI_int44                                 
0000ffea  __TI_int45                                 
0000ffec  __TI_int46                                 
0000ffee  __TI_int47                                 
0000fff0  __TI_int48                                 
0000fff2  __TI_int49                                 
0000fff4  __TI_int50                                 
0000fff6  __TI_int51                                 
0000fff8  __TI_int52                                 
0000fffa  __TI_int53                                 
0000fffc  __TI_int54                                 
0000fffe  _reset_vector                              
00010000  __mspabi_addd                              
0001072a  log                                        
0001072a  logl                                       
00010d52  __TI_frcdivd                               
000111ba  sqrt                                       
000111ba  sqrtl                                      
00011496  __mspabi_mpyd                              
00011728  __mspabi_divd                              
00011944  xTaskIncrementTick                         
00011b1c  aligned_alloc                              
00011b1c  memalign                                   
00011cd2  xQueueGenericSend                          
00011e6a  xTaskResumeAll                             
00011ff6  xQueueReceive                              
00012178  __TI_frcmpyd                               
000122dc  fputs                                      
00012436  free                                       
00012582  pvPortMalloc                               
000126ce  xTaskRemoveFromEventList                   
0001281a  main_blinky                                
0001295c  vTaskSwitchContext                         
00012a8e  setvbuf                                    
00012c70  xQueueGenericReset                         
00012d4e  __mspabi_cmpd                              
00012e26  xTaskPriorityDisinherit                    
00013128  vPortPreemptiveTickISR                     
00013158  vPortCooperativeTickISR                    
00013184  vPortYield                                 
000131b4  xPortStartScheduler                        
000131ce  xTaskCheckForTimeOut                       
00013312  __mspabi_fltlid                            
0001344e  xQueueGenericSendFromISR                   
000134ea  HOSTlseek                                  
00013584  __TI_wrt_ok                                
0001360a  xQueueReceiveFromISR                       
00013690  __mspabi_fltuld                            
00013710  __TI_auto_init_nobinit_nopinit_hold_wdt    
00013788  __TI_decompress_lzss                       
000137fe  HOSTrename                                 
00013872  __TI_closefile                             
000138e6  GPIO_setAsPeripheralModuleFunctionInputPin 
00013958  GPIO_setAsPeripheralModuleFunctionOutputPin
00013a3c  HOSTopen                                   
00013aac  fseek                                      
00013aac  fseeko                                     
00013b1c  generate_sample                            
00013b8a  xQueueGenericCreate                        
00013bf8  HOSTwrite                                  
00013c64  HOSTread                                   
00013cce  CS_initClockSignal                         
00013d34  getdevice                                  
00013d96  __TI_doflush                               
00013df6  __mspabi_mpyll_f5hw                        
00013e52  close                                      
00013eac  __mspabi_divul                             
00013eac  __mspabi_remul                             
00013f04  vListInsert                                
00013f58  uint32_to_binary                           
00013faa  generate_data                              
00013ffa  PMM_unlockLPM5                             
ffffffff  __TI_pprof_out_hndl                        
ffffffff  __TI_prof_data_size                        
ffffffff  __TI_prof_data_start                       
ffffffff  __c_args__                                 

[1022 symbols]
