<?xml version="1.0" encoding="ISO-8859-1" ?>
<link_info>
   <banner>MSP430 Linker Unix v21.6.1.LTS</banner>
   <copyright>Copyright (c) 2003-2018 Texas Instruments Incorporated</copyright>
   <link_time>0x65c596b5</link_time>
   <link_errors>0x0</link_errors>
   <output_file>firmware_mimo.c.out</output_file>
   <entry_point>
      <name>_c_int00_noargs_mpu</name>
      <address>0x4864</address>
   </entry_point>
   <input_file_list>
      <input_file id="fl-2">
         <path>./</path>
         <kind>object</kind>
         <file>main.obj</file>
         <name>main.obj</name>
      </input_file>
      <input_file id="fl-3">
         <path>./</path>
         <kind>object</kind>
         <file>packet_gen.obj</file>
         <name>packet_gen.obj</name>
      </input_file>
      <input_file id="fl-a">
         <kind>object</kind>
         <file>&lt;internal&gt;</file>
         <name>&lt;internal&gt;</name>
      </input_file>
      <input_file id="fl-2a">
         <path>/Applications/ti/ccs1250/ccs/tools/compiler/ti-cgt-msp430_21.6.1.LTS/lib/</path>
         <kind>archive</kind>
         <file>rts430x_lc_rd_eabi.lib</file>
         <name>copy_decompress_lzss.c.obj</name>
      </input_file>
      <input_file id="fl-2b">
         <path>/Applications/ti/ccs1250/ccs/tools/compiler/ti-cgt-msp430_21.6.1.LTS/lib/</path>
         <kind>archive</kind>
         <file>rts430x_lc_rd_eabi.lib</file>
         <name>copy_decompress_none.c.obj</name>
      </input_file>
      <input_file id="fl-2c">
         <path>/Applications/ti/ccs1250/ccs/tools/compiler/ti-cgt-msp430_21.6.1.LTS/lib/</path>
         <kind>archive</kind>
         <file>rts430x_lc_rd_eabi.lib</file>
         <name>int30.asm.obj</name>
      </input_file>
      <input_file id="fl-2d">
         <path>/Applications/ti/ccs1250/ccs/tools/compiler/ti-cgt-msp430_21.6.1.LTS/lib/</path>
         <kind>archive</kind>
         <file>rts430x_lc_rd_eabi.lib</file>
         <name>isr_trap.asm.obj</name>
      </input_file>
      <input_file id="fl-2e">
         <path>/Applications/ti/ccs1250/ccs/tools/compiler/ti-cgt-msp430_21.6.1.LTS/lib/</path>
         <kind>archive</kind>
         <file>rts430x_lc_rd_eabi.lib</file>
         <name>int31.asm.obj</name>
      </input_file>
      <input_file id="fl-2f">
         <path>/Applications/ti/ccs1250/ccs/tools/compiler/ti-cgt-msp430_21.6.1.LTS/lib/</path>
         <kind>archive</kind>
         <file>rts430x_lc_rd_eabi.lib</file>
         <name>int32.asm.obj</name>
      </input_file>
      <input_file id="fl-30">
         <path>/Applications/ti/ccs1250/ccs/tools/compiler/ti-cgt-msp430_21.6.1.LTS/lib/</path>
         <kind>archive</kind>
         <file>rts430x_lc_rd_eabi.lib</file>
         <name>int33.asm.obj</name>
      </input_file>
      <input_file id="fl-31">
         <path>/Applications/ti/ccs1250/ccs/tools/compiler/ti-cgt-msp430_21.6.1.LTS/lib/</path>
         <kind>archive</kind>
         <file>rts430x_lc_rd_eabi.lib</file>
         <name>int34.asm.obj</name>
      </input_file>
      <input_file id="fl-32">
         <path>/Applications/ti/ccs1250/ccs/tools/compiler/ti-cgt-msp430_21.6.1.LTS/lib/</path>
         <kind>archive</kind>
         <file>rts430x_lc_rd_eabi.lib</file>
         <name>int35.asm.obj</name>
      </input_file>
      <input_file id="fl-33">
         <path>/Applications/ti/ccs1250/ccs/tools/compiler/ti-cgt-msp430_21.6.1.LTS/lib/</path>
         <kind>archive</kind>
         <file>rts430x_lc_rd_eabi.lib</file>
         <name>int36.asm.obj</name>
      </input_file>
      <input_file id="fl-34">
         <path>/Applications/ti/ccs1250/ccs/tools/compiler/ti-cgt-msp430_21.6.1.LTS/lib/</path>
         <kind>archive</kind>
         <file>rts430x_lc_rd_eabi.lib</file>
         <name>int37.asm.obj</name>
      </input_file>
      <input_file id="fl-35">
         <path>/Applications/ti/ccs1250/ccs/tools/compiler/ti-cgt-msp430_21.6.1.LTS/lib/</path>
         <kind>archive</kind>
         <file>rts430x_lc_rd_eabi.lib</file>
         <name>int38.asm.obj</name>
      </input_file>
      <input_file id="fl-36">
         <path>/Applications/ti/ccs1250/ccs/tools/compiler/ti-cgt-msp430_21.6.1.LTS/lib/</path>
         <kind>archive</kind>
         <file>rts430x_lc_rd_eabi.lib</file>
         <name>int39.asm.obj</name>
      </input_file>
      <input_file id="fl-37">
         <path>/Applications/ti/ccs1250/ccs/tools/compiler/ti-cgt-msp430_21.6.1.LTS/lib/</path>
         <kind>archive</kind>
         <file>rts430x_lc_rd_eabi.lib</file>
         <name>int40.asm.obj</name>
      </input_file>
      <input_file id="fl-38">
         <path>/Applications/ti/ccs1250/ccs/tools/compiler/ti-cgt-msp430_21.6.1.LTS/lib/</path>
         <kind>archive</kind>
         <file>rts430x_lc_rd_eabi.lib</file>
         <name>int41.asm.obj</name>
      </input_file>
      <input_file id="fl-39">
         <path>/Applications/ti/ccs1250/ccs/tools/compiler/ti-cgt-msp430_21.6.1.LTS/lib/</path>
         <kind>archive</kind>
         <file>rts430x_lc_rd_eabi.lib</file>
         <name>int42.asm.obj</name>
      </input_file>
      <input_file id="fl-3a">
         <path>/Applications/ti/ccs1250/ccs/tools/compiler/ti-cgt-msp430_21.6.1.LTS/lib/</path>
         <kind>archive</kind>
         <file>rts430x_lc_rd_eabi.lib</file>
         <name>int43.asm.obj</name>
      </input_file>
      <input_file id="fl-3b">
         <path>/Applications/ti/ccs1250/ccs/tools/compiler/ti-cgt-msp430_21.6.1.LTS/lib/</path>
         <kind>archive</kind>
         <file>rts430x_lc_rd_eabi.lib</file>
         <name>int44.asm.obj</name>
      </input_file>
      <input_file id="fl-3c">
         <path>/Applications/ti/ccs1250/ccs/tools/compiler/ti-cgt-msp430_21.6.1.LTS/lib/</path>
         <kind>archive</kind>
         <file>rts430x_lc_rd_eabi.lib</file>
         <name>int46.asm.obj</name>
      </input_file>
      <input_file id="fl-3d">
         <path>/Applications/ti/ccs1250/ccs/tools/compiler/ti-cgt-msp430_21.6.1.LTS/lib/</path>
         <kind>archive</kind>
         <file>rts430x_lc_rd_eabi.lib</file>
         <name>int47.asm.obj</name>
      </input_file>
      <input_file id="fl-3e">
         <path>/Applications/ti/ccs1250/ccs/tools/compiler/ti-cgt-msp430_21.6.1.LTS/lib/</path>
         <kind>archive</kind>
         <file>rts430x_lc_rd_eabi.lib</file>
         <name>int48.asm.obj</name>
      </input_file>
      <input_file id="fl-3f">
         <path>/Applications/ti/ccs1250/ccs/tools/compiler/ti-cgt-msp430_21.6.1.LTS/lib/</path>
         <kind>archive</kind>
         <file>rts430x_lc_rd_eabi.lib</file>
         <name>int49.asm.obj</name>
      </input_file>
      <input_file id="fl-40">
         <path>/Applications/ti/ccs1250/ccs/tools/compiler/ti-cgt-msp430_21.6.1.LTS/lib/</path>
         <kind>archive</kind>
         <file>rts430x_lc_rd_eabi.lib</file>
         <name>int50.asm.obj</name>
      </input_file>
      <input_file id="fl-41">
         <path>/Applications/ti/ccs1250/ccs/tools/compiler/ti-cgt-msp430_21.6.1.LTS/lib/</path>
         <kind>archive</kind>
         <file>rts430x_lc_rd_eabi.lib</file>
         <name>int51.asm.obj</name>
      </input_file>
      <input_file id="fl-42">
         <path>/Applications/ti/ccs1250/ccs/tools/compiler/ti-cgt-msp430_21.6.1.LTS/lib/</path>
         <kind>archive</kind>
         <file>rts430x_lc_rd_eabi.lib</file>
         <name>int52.asm.obj</name>
      </input_file>
      <input_file id="fl-43">
         <path>/Applications/ti/ccs1250/ccs/tools/compiler/ti-cgt-msp430_21.6.1.LTS/lib/</path>
         <kind>archive</kind>
         <file>rts430x_lc_rd_eabi.lib</file>
         <name>int53.asm.obj</name>
      </input_file>
      <input_file id="fl-44">
         <path>/Applications/ti/ccs1250/ccs/tools/compiler/ti-cgt-msp430_21.6.1.LTS/lib/</path>
         <kind>archive</kind>
         <file>rts430x_lc_rd_eabi.lib</file>
         <name>int54.asm.obj</name>
      </input_file>
      <input_file id="fl-45">
         <path>/Applications/ti/ccs1250/ccs/tools/compiler/ti-cgt-msp430_21.6.1.LTS/lib/</path>
         <kind>archive</kind>
         <file>rts430x_lc_rd_eabi.lib</file>
         <name>copy_zero_init.c.obj</name>
      </input_file>
      <input_file id="fl-46">
         <path>/Applications/ti/ccs1250/ccs/tools/compiler/ti-cgt-msp430_21.6.1.LTS/lib/</path>
         <kind>archive</kind>
         <file>rts430x_lc_rd_eabi.lib</file>
         <name>mult16_f5hw.asm.obj</name>
      </input_file>
      <input_file id="fl-47">
         <path>/Applications/ti/ccs1250/ccs/tools/compiler/ti-cgt-msp430_21.6.1.LTS/lib/</path>
         <kind>archive</kind>
         <file>rts430x_lc_rd_eabi.lib</file>
         <name>mult32.asm.obj</name>
      </input_file>
      <input_file id="fl-48">
         <path>/Applications/ti/ccs1250/ccs/tools/compiler/ti-cgt-msp430_21.6.1.LTS/lib/</path>
         <kind>archive</kind>
         <file>rts430x_lc_rd_eabi.lib</file>
         <name>mult32_f5hw.asm.obj</name>
      </input_file>
      <input_file id="fl-49">
         <path>/Applications/ti/ccs1250/ccs/tools/compiler/ti-cgt-msp430_21.6.1.LTS/lib/</path>
         <kind>archive</kind>
         <file>rts430x_lc_rd_eabi.lib</file>
         <name>mult64_f5hw.asm.obj</name>
      </input_file>
      <input_file id="fl-4a">
         <path>/Applications/ti/ccs1250/ccs/tools/compiler/ti-cgt-msp430_21.6.1.LTS/lib/</path>
         <kind>archive</kind>
         <file>rts430x_lc_rd_eabi.lib</file>
         <name>mult1632_f5hw.asm.obj</name>
      </input_file>
      <input_file id="fl-4b">
         <path>/Applications/ti/ccs1250/ccs/tools/compiler/ti-cgt-msp430_21.6.1.LTS/lib/</path>
         <kind>archive</kind>
         <file>rts430x_lc_rd_eabi.lib</file>
         <name>mult3264_f5hw.asm.obj</name>
      </input_file>
      <input_file id="fl-4c">
         <path>/Applications/ti/ccs1250/ccs/tools/compiler/ti-cgt-msp430_21.6.1.LTS/lib/</path>
         <kind>archive</kind>
         <file>rts430x_lc_rd_eabi.lib</file>
         <name>lsl32.asm.obj</name>
      </input_file>
      <input_file id="fl-4d">
         <path>/Applications/ti/ccs1250/ccs/tools/compiler/ti-cgt-msp430_21.6.1.LTS/lib/</path>
         <kind>archive</kind>
         <file>rts430x_lc_rd_eabi.lib</file>
         <name>lsr64.c.obj</name>
      </input_file>
      <input_file id="fl-4e">
         <path>/Applications/ti/ccs1250/ccs/tools/compiler/ti-cgt-msp430_21.6.1.LTS/lib/</path>
         <kind>archive</kind>
         <file>rts430x_lc_rd_eabi.lib</file>
         <name>boot.c.obj</name>
      </input_file>
      <input_file id="fl-4f">
         <path>/Applications/ti/ccs1250/ccs/ccs_base/msp430/lib/FR59xx/</path>
         <kind>archive</kind>
         <file>MSPMPU_INIT_LIB_CCS_msp430_large_code_restricted_data.lib</file>
         <name>mpu_init.o</name>
      </input_file>
      <input_file id="fl-50">
         <path>/Applications/ti/ccs1250/ccs/tools/compiler/ti-cgt-msp430_21.6.1.LTS/lib/</path>
         <kind>archive</kind>
         <file>rts430x_lc_rd_eabi.lib</file>
         <name>args_main.c.obj</name>
      </input_file>
      <input_file id="fl-51">
         <path>/Applications/ti/ccs1250/ccs/tools/compiler/ti-cgt-msp430_21.6.1.LTS/lib/</path>
         <kind>archive</kind>
         <file>rts430x_lc_rd_eabi.lib</file>
         <name>autoinit.c.obj</name>
      </input_file>
      <input_file id="fl-52">
         <path>/Applications/ti/ccs1250/ccs/tools/compiler/ti-cgt-msp430_21.6.1.LTS/lib/</path>
         <kind>archive</kind>
         <file>rts430x_lc_rd_eabi.lib</file>
         <name>startup.c.obj</name>
      </input_file>
      <input_file id="fl-53">
         <path>/Applications/ti/ccs1250/ccs/tools/compiler/ti-cgt-msp430_21.6.1.LTS/lib/</path>
         <kind>archive</kind>
         <file>rts430x_lc_rd_eabi.lib</file>
         <name>pre_init.c.obj</name>
      </input_file>
      <input_file id="fl-54">
         <path>/Applications/ti/ccs1250/ccs/tools/compiler/ti-cgt-msp430_21.6.1.LTS/lib/</path>
         <kind>archive</kind>
         <file>rts430x_lc_rd_eabi.lib</file>
         <name>cpy_tbl.c.obj</name>
      </input_file>
      <input_file id="fl-55">
         <path>/Applications/ti/ccs1250/ccs/tools/compiler/ti-cgt-msp430_21.6.1.LTS/lib/</path>
         <kind>archive</kind>
         <file>rts430x_lc_rd_eabi.lib</file>
         <name>mult16.asm.obj</name>
      </input_file>
      <input_file id="fl-56">
         <path>/Applications/ti/ccs1250/ccs/tools/compiler/ti-cgt-msp430_21.6.1.LTS/lib/</path>
         <kind>archive</kind>
         <file>rts430x_lc_rd_eabi.lib</file>
         <name>exit.c.obj</name>
      </input_file>
      <input_file id="fl-57">
         <path>/Applications/ti/ccs1250/ccs/tools/compiler/ti-cgt-msp430_21.6.1.LTS/lib/</path>
         <kind>archive</kind>
         <file>rts430x_lc_rd_eabi.lib</file>
         <name>exit_gvars.c.obj</name>
      </input_file>
      <input_file id="fl-58">
         <path>/Applications/ti/ccs1250/ccs/tools/compiler/ti-cgt-msp430_21.6.1.LTS/lib/</path>
         <kind>archive</kind>
         <file>rts430x_lc_rd_eabi.lib</file>
         <name>_lock.c.obj</name>
      </input_file>
      <input_file id="fl-59">
         <path>/Applications/ti/ccs1250/ccs/tools/compiler/ti-cgt-msp430_21.6.1.LTS/lib/</path>
         <kind>archive</kind>
         <file>rts430x_lc_rd_eabi.lib</file>
         <name>memcpy.c.obj</name>
      </input_file>
      <input_file id="fl-5a">
         <path>/Applications/ti/ccs1250/ccs/tools/compiler/ti-cgt-msp430_21.6.1.LTS/lib/</path>
         <kind>archive</kind>
         <file>rts430x_lc_rd_eabi.lib</file>
         <name>fputs.c.obj</name>
      </input_file>
      <input_file id="fl-5b">
         <path>/Applications/ti/ccs1250/ccs/tools/compiler/ti-cgt-msp430_21.6.1.LTS/lib/</path>
         <kind>archive</kind>
         <file>rts430x_lc_rd_eabi.lib</file>
         <name>fflush.c.obj</name>
      </input_file>
      <input_file id="fl-5c">
         <path>/Applications/ti/ccs1250/ccs/tools/compiler/ti-cgt-msp430_21.6.1.LTS/lib/</path>
         <kind>archive</kind>
         <file>rts430x_lc_rd_eabi.lib</file>
         <name>defs.c.obj</name>
      </input_file>
      <input_file id="fl-5d">
         <path>/Applications/ti/ccs1250/ccs/tools/compiler/ti-cgt-msp430_21.6.1.LTS/lib/</path>
         <kind>archive</kind>
         <file>rts430x_lc_rd_eabi.lib</file>
         <name>_io_perm.c.obj</name>
      </input_file>
      <input_file id="fl-5e">
         <path>/Applications/ti/ccs1250/ccs/tools/compiler/ti-cgt-msp430_21.6.1.LTS/lib/</path>
         <kind>archive</kind>
         <file>rts430x_lc_rd_eabi.lib</file>
         <name>fseek.c.obj</name>
      </input_file>
      <input_file id="fl-5f">
         <path>/Applications/ti/ccs1250/ccs/tools/compiler/ti-cgt-msp430_21.6.1.LTS/lib/</path>
         <kind>archive</kind>
         <file>rts430x_lc_rd_eabi.lib</file>
         <name>lseek.c.obj</name>
      </input_file>
      <input_file id="fl-60">
         <path>/Applications/ti/ccs1250/ccs/tools/compiler/ti-cgt-msp430_21.6.1.LTS/lib/</path>
         <kind>archive</kind>
         <file>rts430x_lc_rd_eabi.lib</file>
         <name>host_device.c.obj</name>
      </input_file>
      <input_file id="fl-61">
         <path>/Applications/ti/ccs1250/ccs/tools/compiler/ti-cgt-msp430_21.6.1.LTS/lib/</path>
         <kind>archive</kind>
         <file>rts430x_lc_rd_eabi.lib</file>
         <name>hostclose.c.obj</name>
      </input_file>
      <input_file id="fl-62">
         <path>/Applications/ti/ccs1250/ccs/tools/compiler/ti-cgt-msp430_21.6.1.LTS/lib/</path>
         <kind>archive</kind>
         <file>rts430x_lc_rd_eabi.lib</file>
         <name>hostlseek.c.obj</name>
      </input_file>
      <input_file id="fl-63">
         <path>/Applications/ti/ccs1250/ccs/tools/compiler/ti-cgt-msp430_21.6.1.LTS/lib/</path>
         <kind>archive</kind>
         <file>rts430x_lc_rd_eabi.lib</file>
         <name>hostopen.c.obj</name>
      </input_file>
      <input_file id="fl-64">
         <path>/Applications/ti/ccs1250/ccs/tools/compiler/ti-cgt-msp430_21.6.1.LTS/lib/</path>
         <kind>archive</kind>
         <file>rts430x_lc_rd_eabi.lib</file>
         <name>hostread.c.obj</name>
      </input_file>
      <input_file id="fl-65">
         <path>/Applications/ti/ccs1250/ccs/tools/compiler/ti-cgt-msp430_21.6.1.LTS/lib/</path>
         <kind>archive</kind>
         <file>rts430x_lc_rd_eabi.lib</file>
         <name>hostrename.c.obj</name>
      </input_file>
      <input_file id="fl-66">
         <path>/Applications/ti/ccs1250/ccs/tools/compiler/ti-cgt-msp430_21.6.1.LTS/lib/</path>
         <kind>archive</kind>
         <file>rts430x_lc_rd_eabi.lib</file>
         <name>hostunlink.c.obj</name>
      </input_file>
      <input_file id="fl-67">
         <path>/Applications/ti/ccs1250/ccs/tools/compiler/ti-cgt-msp430_21.6.1.LTS/lib/</path>
         <kind>archive</kind>
         <file>rts430x_lc_rd_eabi.lib</file>
         <name>hostwrite.c.obj</name>
      </input_file>
      <input_file id="fl-68">
         <path>/Applications/ti/ccs1250/ccs/tools/compiler/ti-cgt-msp430_21.6.1.LTS/lib/</path>
         <kind>archive</kind>
         <file>rts430x_lc_rd_eabi.lib</file>
         <name>trgmsg.c.obj</name>
      </input_file>
      <input_file id="fl-69">
         <path>/Applications/ti/ccs1250/ccs/tools/compiler/ti-cgt-msp430_21.6.1.LTS/lib/</path>
         <kind>archive</kind>
         <file>rts430x_lc_rd_eabi.lib</file>
         <name>memchr.c.obj</name>
      </input_file>
      <input_file id="fl-6a">
         <path>/Applications/ti/ccs1250/ccs/tools/compiler/ti-cgt-msp430_21.6.1.LTS/lib/</path>
         <kind>archive</kind>
         <file>rts430x_lc_rd_eabi.lib</file>
         <name>setvbuf.c.obj</name>
      </input_file>
      <input_file id="fl-6b">
         <path>/Applications/ti/ccs1250/ccs/tools/compiler/ti-cgt-msp430_21.6.1.LTS/lib/</path>
         <kind>archive</kind>
         <file>rts430x_lc_rd_eabi.lib</file>
         <name>fopen.c.obj</name>
      </input_file>
      <input_file id="fl-6c">
         <path>/Applications/ti/ccs1250/ccs/tools/compiler/ti-cgt-msp430_21.6.1.LTS/lib/</path>
         <kind>archive</kind>
         <file>rts430x_lc_rd_eabi.lib</file>
         <name>fclose.c.obj</name>
      </input_file>
      <input_file id="fl-6d">
         <path>/Applications/ti/ccs1250/ccs/tools/compiler/ti-cgt-msp430_21.6.1.LTS/lib/</path>
         <kind>archive</kind>
         <file>rts430x_lc_rd_eabi.lib</file>
         <name>close.c.obj</name>
      </input_file>
      <input_file id="fl-6e">
         <path>/Applications/ti/ccs1250/ccs/tools/compiler/ti-cgt-msp430_21.6.1.LTS/lib/</path>
         <kind>archive</kind>
         <file>rts430x_lc_rd_eabi.lib</file>
         <name>memory.c.obj</name>
      </input_file>
      <input_file id="fl-6f">
         <path>/Applications/ti/ccs1250/ccs/tools/compiler/ti-cgt-msp430_21.6.1.LTS/lib/</path>
         <kind>archive</kind>
         <file>rts430x_lc_rd_eabi.lib</file>
         <name>div16u.asm.obj</name>
      </input_file>
      <input_file id="fl-70">
         <path>/Applications/ti/ccs1250/ccs/tools/compiler/ti-cgt-msp430_21.6.1.LTS/lib/</path>
         <kind>archive</kind>
         <file>rts430x_lc_rd_eabi.lib</file>
         <name>memset.c.obj</name>
      </input_file>
      <input_file id="fl-71">
         <path>/Applications/ti/ccs1250/ccs/tools/compiler/ti-cgt-msp430_21.6.1.LTS/lib/</path>
         <kind>archive</kind>
         <file>rts430x_lc_rd_eabi.lib</file>
         <name>open.c.obj</name>
      </input_file>
      <input_file id="fl-72">
         <path>/Applications/ti/ccs1250/ccs/tools/compiler/ti-cgt-msp430_21.6.1.LTS/lib/</path>
         <kind>archive</kind>
         <file>rts430x_lc_rd_eabi.lib</file>
         <name>div16s.asm.obj</name>
      </input_file>
      <input_file id="fl-73">
         <path>/Applications/ti/ccs1250/ccs/tools/compiler/ti-cgt-msp430_21.6.1.LTS/lib/</path>
         <kind>archive</kind>
         <file>rts430x_lc_rd_eabi.lib</file>
         <name>getdevice.c.obj</name>
      </input_file>
      <input_file id="fl-74">
         <path>/Applications/ti/ccs1250/ccs/tools/compiler/ti-cgt-msp430_21.6.1.LTS/lib/</path>
         <kind>archive</kind>
         <file>rts430x_lc_rd_eabi.lib</file>
         <name>remove.c.obj</name>
      </input_file>
      <input_file id="fl-75">
         <path>/Applications/ti/ccs1250/ccs/tools/compiler/ti-cgt-msp430_21.6.1.LTS/lib/</path>
         <kind>archive</kind>
         <file>rts430x_lc_rd_eabi.lib</file>
         <name>strchr.c.obj</name>
      </input_file>
      <input_file id="fl-76">
         <path>/Applications/ti/ccs1250/ccs/tools/compiler/ti-cgt-msp430_21.6.1.LTS/lib/</path>
         <kind>archive</kind>
         <file>rts430x_lc_rd_eabi.lib</file>
         <name>strcmp.c.obj</name>
      </input_file>
      <input_file id="fl-77">
         <path>/Applications/ti/ccs1250/ccs/tools/compiler/ti-cgt-msp430_21.6.1.LTS/lib/</path>
         <kind>archive</kind>
         <file>rts430x_lc_rd_eabi.lib</file>
         <name>strcpy.c.obj</name>
      </input_file>
      <input_file id="fl-78">
         <path>/Applications/ti/ccs1250/ccs/tools/compiler/ti-cgt-msp430_21.6.1.LTS/lib/</path>
         <kind>archive</kind>
         <file>rts430x_lc_rd_eabi.lib</file>
         <name>strlen.c.obj</name>
      </input_file>
      <input_file id="fl-79">
         <path>/Applications/ti/ccs1250/ccs/tools/compiler/ti-cgt-msp430_21.6.1.LTS/lib/</path>
         <kind>archive</kind>
         <file>rts430x_lc_rd_eabi.lib</file>
         <name>strncpy.c.obj</name>
      </input_file>
      <input_file id="fl-7a">
         <path>/Applications/ti/ccs1250/ccs/tools/compiler/ti-cgt-msp430_21.6.1.LTS/lib/</path>
         <kind>archive</kind>
         <file>rts430x_lc_rd_eabi.lib</file>
         <name>unlink.c.obj</name>
      </input_file>
      <input_file id="fl-7b">
         <path>/Applications/ti/ccs1250/ccs/tools/compiler/ti-cgt-msp430_21.6.1.LTS/lib/</path>
         <kind>archive</kind>
         <file>rts430x_lc_rd_eabi.lib</file>
         <name>write.c.obj</name>
      </input_file>
   </input_file_list>
   <object_component_list>
      <object_component id="oc-701">
         <name>.cio</name>
         <uninitialized>true</uninitialized>
         <run_address>0x4400</run_address>
         <size>0x120</size>
         <input_file_ref idref="fl-68"/>
      </object_component>
      <object_component id="oc-3b5">
         <name>.sysmem</name>
         <uninitialized>true</uninitialized>
         <run_address>0x4520</run_address>
         <size>0x8</size>
         <input_file_ref idref="fl-6e"/>
      </object_component>
      <object_component id="oc-7c6">
         <name>.sysmem</name>
         <uninitialized>true</uninitialized>
         <run_address>0x4520</run_address>
         <size>0x0</size>
      </object_component>
      <object_component id="oc-7c4">
         <name>.cinit..data.load</name>
         <load_address>0x48c8</load_address>
         <run_address>0x48c8</run_address>
         <size>0x67</size>
      </object_component>
      <object_component id="oc-7c1">
         <name>__TI_handler_table</name>
         <load_address>0x4930</load_address>
         <run_address>0x4930</run_address>
         <size>0xc</size>
      </object_component>
      <object_component id="oc-7c3">
         <name>.cinit..bss.load</name>
         <load_address>0x493c</load_address>
         <run_address>0x493c</run_address>
         <size>0x6</size>
      </object_component>
      <object_component id="oc-7c2">
         <name>__TI_cinit_table</name>
         <load_address>0x4942</load_address>
         <run_address>0x4942</run_address>
         <size>0x10</size>
      </object_component>
      <object_component id="oc-752">
         <name>.binit</name>
         <load_address>0x4400</load_address>
         <run_address>0x4400</run_address>
         <size>0x0</size>
      </object_component>
      <object_component id="oc-52b">
         <name>.const:.string</name>
         <load_address>0x488c</load_address>
         <run_address>0x488c</run_address>
         <size>0x3a</size>
         <input_file_ref idref="fl-3"/>
      </object_component>
      <object_component id="oc-58b">
         <name>.const:.string</name>
         <load_address>0x48c6</load_address>
         <run_address>0x48c6</run_address>
         <size>0x2</size>
         <input_file_ref idref="fl-5a"/>
      </object_component>
      <object_component id="oc-3d5">
         <name>.text:_isr:timer_a0_isr</name>
         <load_address>0x4800</load_address>
         <run_address>0x4800</run_address>
         <size>0x64</size>
         <input_file_ref idref="fl-2"/>
      </object_component>
      <object_component id="oc-405">
         <name>.text:_isr:_c_int00_noargs_mpu</name>
         <load_address>0x4864</load_address>
         <run_address>0x4864</run_address>
         <size>0x20</size>
         <input_file_ref idref="fl-4e"/>
      </object_component>
      <object_component id="oc-3d0">
         <name>.text:_isr:__TI_ISR_TRAP</name>
         <load_address>0x4884</load_address>
         <run_address>0x4884</run_address>
         <size>0x8</size>
         <input_file_ref idref="fl-2d"/>
      </object_component>
      <object_component id="oc-453">
         <name>.text:main</name>
         <load_address>0x10000</load_address>
         <run_address>0x10000</run_address>
         <size>0x17a</size>
         <input_file_ref idref="fl-2"/>
      </object_component>
      <object_component id="oc-668">
         <name>.text:aligned_alloc</name>
         <load_address>0x1017a</load_address>
         <run_address>0x1017a</run_address>
         <size>0x112</size>
         <input_file_ref idref="fl-6e"/>
      </object_component>
      <object_component id="oc-585">
         <name>.text:fputs</name>
         <load_address>0x1028c</load_address>
         <run_address>0x1028c</run_address>
         <size>0xf0</size>
         <input_file_ref idref="fl-5a"/>
      </object_component>
      <object_component id="oc-61e">
         <name>.text:free</name>
         <load_address>0x1037c</load_address>
         <run_address>0x1037c</run_address>
         <size>0xe2</size>
         <input_file_ref idref="fl-6e"/>
      </object_component>
      <object_component id="oc-5fe">
         <name>.text:setvbuf</name>
         <load_address>0x1045e</load_address>
         <run_address>0x1045e</run_address>
         <size>0xde</size>
         <input_file_ref idref="fl-6a"/>
      </object_component>
      <object_component id="oc-693">
         <name>.text:HOSTlseek</name>
         <load_address>0x1053c</load_address>
         <run_address>0x1053c</run_address>
         <size>0x9a</size>
         <input_file_ref idref="fl-62"/>
      </object_component>
      <object_component id="oc-5c3">
         <name>.text:__TI_wrt_ok</name>
         <load_address>0x105d6</load_address>
         <run_address>0x105d6</run_address>
         <size>0x7e</size>
         <input_file_ref idref="fl-5d"/>
      </object_component>
      <object_component id="oc-76">
         <name>.text:decompress:lzss:__TI_decompress_lzss</name>
         <load_address>0x10654</load_address>
         <run_address>0x10654</run_address>
         <size>0x76</size>
         <input_file_ref idref="fl-2a"/>
      </object_component>
      <object_component id="oc-69f">
         <name>.text:HOSTrename</name>
         <load_address>0x106ca</load_address>
         <run_address>0x106ca</run_address>
         <size>0x74</size>
         <input_file_ref idref="fl-65"/>
      </object_component>
      <object_component id="oc-66f">
         <name>.text:__TI_closefile</name>
         <load_address>0x1073e</load_address>
         <run_address>0x1073e</run_address>
         <size>0x74</size>
         <input_file_ref idref="fl-6c"/>
      </object_component>
      <object_component id="oc-6b4">
         <name>.text:split</name>
         <load_address>0x107b2</load_address>
         <run_address>0x107b2</run_address>
         <size>0x74</size>
         <input_file_ref idref="fl-6e"/>
      </object_component>
      <object_component id="oc-67b">
         <name>.text:HOSTopen</name>
         <load_address>0x10826</load_address>
         <run_address>0x10826</run_address>
         <size>0x70</size>
         <input_file_ref idref="fl-63"/>
      </object_component>
      <object_component id="oc-68d">
         <name>.text:HOSTwrite</name>
         <load_address>0x10896</load_address>
         <run_address>0x10896</run_address>
         <size>0x6c</size>
         <input_file_ref idref="fl-67"/>
      </object_component>
      <object_component id="oc-687">
         <name>.text:HOSTread</name>
         <load_address>0x10902</load_address>
         <run_address>0x10902</run_address>
         <size>0x6a</size>
         <input_file_ref idref="fl-64"/>
      </object_component>
      <object_component id="oc-5f8">
         <name>.text:fseeko</name>
         <load_address>0x1096c</load_address>
         <run_address>0x1096c</run_address>
         <size>0x6a</size>
         <input_file_ref idref="fl-5e"/>
      </object_component>
      <object_component id="oc-5d5">
         <name>.text:__TI_doflush</name>
         <load_address>0x109d6</load_address>
         <run_address>0x109d6</run_address>
         <size>0x64</size>
         <input_file_ref idref="fl-5b"/>
      </object_component>
      <object_component id="oc-6bb">
         <name>.text:close</name>
         <load_address>0x10a3a</load_address>
         <run_address>0x10a3a</run_address>
         <size>0x5a</size>
         <input_file_ref idref="fl-6d"/>
      </object_component>
      <object_component id="oc-6f5">
         <name>.text:getdevice</name>
         <load_address>0x10a94</load_address>
         <run_address>0x10a94</run_address>
         <size>0x5a</size>
         <input_file_ref idref="fl-73"/>
      </object_component>
      <object_component id="oc-4ba">
         <name>.text:uint32_to_binary_1</name>
         <load_address>0x10aee</load_address>
         <run_address>0x10aee</run_address>
         <size>0x5a</size>
         <input_file_ref idref="fl-2"/>
      </object_component>
      <object_component id="oc-4c1">
         <name>.text:uint32_to_binary_2</name>
         <load_address>0x10b48</load_address>
         <run_address>0x10b48</run_address>
         <size>0x5a</size>
         <input_file_ref idref="fl-2"/>
      </object_component>
      <object_component id="oc-4a5">
         <name>.text:generate_data_1</name>
         <load_address>0x10ba2</load_address>
         <run_address>0x10ba2</run_address>
         <size>0x58</size>
         <input_file_ref idref="fl-3"/>
      </object_component>
      <object_component id="oc-4ab">
         <name>.text:generate_data_2</name>
         <load_address>0x10bfa</load_address>
         <run_address>0x10bfa</run_address>
         <size>0x58</size>
         <input_file_ref idref="fl-3"/>
      </object_component>
      <object_component id="oc-4f6">
         <name>.text:__TI_auto_init_nobinit_nopinit_hold_wdt:__TI_auto_init_nobinit_nopinit_hold_wdt</name>
         <load_address>0x10c52</load_address>
         <run_address>0x10c52</run_address>
         <size>0x54</size>
         <input_file_ref idref="fl-51"/>
      </object_component>
      <object_component id="oc-681">
         <name>.text:HOSTclose</name>
         <load_address>0x10ca6</load_address>
         <run_address>0x10ca6</run_address>
         <size>0x4e</size>
         <input_file_ref idref="fl-61"/>
      </object_component>
      <object_component id="oc-4d8">
         <name>.text:exit</name>
         <load_address>0x10cf4</load_address>
         <run_address>0x10cf4</run_address>
         <size>0x4a</size>
         <input_file_ref idref="fl-56"/>
      </object_component>
      <object_component id="oc-699">
         <name>.text:HOSTunlink</name>
         <load_address>0x10d3e</load_address>
         <run_address>0x10d3e</run_address>
         <size>0x46</size>
         <input_file_ref idref="fl-66"/>
      </object_component>
      <object_component id="oc-4cd">
         <name>.text:l_lsl_const</name>
         <load_address>0x10d84</load_address>
         <run_address>0x10d84</run_address>
         <size>0x3e</size>
         <input_file_ref idref="fl-4c"/>
      </object_component>
      <object_component id="oc-611">
         <name>.text:lseek</name>
         <load_address>0x10dc2</load_address>
         <run_address>0x10dc2</run_address>
         <size>0x3e</size>
         <input_file_ref idref="fl-5f"/>
      </object_component>
      <object_component id="oc-5db">
         <name>.text:write</name>
         <load_address>0x10e00</load_address>
         <run_address>0x10e00</run_address>
         <size>0x3c</size>
         <input_file_ref idref="fl-7b"/>
      </object_component>
      <object_component id="oc-62a">
         <name>.text:__TI_cleanup</name>
         <load_address>0x10e3c</load_address>
         <run_address>0x10e3c</run_address>
         <size>0x36</size>
         <input_file_ref idref="fl-6b"/>
      </object_component>
      <object_component id="oc-6cf">
         <name>.text:__TI_writemsg</name>
         <load_address>0x10e72</load_address>
         <run_address>0x10e72</run_address>
         <size>0x36</size>
         <input_file_ref idref="fl-68"/>
      </object_component>
      <object_component id="oc-6d5">
         <name>.text:__TI_readmsg</name>
         <load_address>0x10ea8</load_address>
         <run_address>0x10ea8</run_address>
         <size>0x32</size>
         <input_file_ref idref="fl-68"/>
      </object_component>
      <object_component id="oc-71d">
         <name>.text:strncpy</name>
         <load_address>0x10eda</load_address>
         <run_address>0x10eda</run_address>
         <size>0x32</size>
         <input_file_ref idref="fl-79"/>
      </object_component>
      <object_component id="oc-6c2">
         <name>.text:unlink</name>
         <load_address>0x10f0c</load_address>
         <run_address>0x10f0c</run_address>
         <size>0x30</size>
         <input_file_ref idref="fl-7a"/>
      </object_component>
      <object_component id="oc-723">
         <name>.text:finddevice</name>
         <load_address>0x10f3c</load_address>
         <run_address>0x10f3c</run_address>
         <size>0x2e</size>
         <input_file_ref idref="fl-73"/>
      </object_component>
      <object_component id="oc-462">
         <name>.text:__mpu_init</name>
         <load_address>0x10f6a</load_address>
         <run_address>0x10f6a</run_address>
         <size>0x2c</size>
         <input_file_ref idref="fl-4f"/>
      </object_component>
      <object_component id="oc-661">
         <name>.text:free_list_insert</name>
         <load_address>0x10f96</load_address>
         <run_address>0x10f96</run_address>
         <size>0x2c</size>
         <input_file_ref idref="fl-6e"/>
      </object_component>
      <object_component id="oc-65b">
         <name>.text:free_list_remove</name>
         <load_address>0x10fc2</load_address>
         <run_address>0x10fc2</run_address>
         <size>0x2a</size>
         <input_file_ref idref="fl-6e"/>
      </object_component>
      <object_component id="oc-3db">
         <name>.text:decompress:ZI:__TI_zero_init_nomemset:__TI_zero_init_nomemset</name>
         <load_address>0x10fec</load_address>
         <run_address>0x10fec</run_address>
         <size>0x24</size>
         <input_file_ref idref="fl-45"/>
      </object_component>
      <object_component id="oc-52c">
         <name>.text:puts</name>
         <load_address>0x11010</load_address>
         <run_address>0x11010</run_address>
         <size>0x20</size>
         <input_file_ref idref="fl-5a"/>
      </object_component>
      <object_component id="oc-499">
         <name>.text:set_cpu_freq</name>
         <load_address>0x11030</load_address>
         <run_address>0x11030</run_address>
         <size>0x1e</size>
         <input_file_ref idref="fl-2"/>
      </object_component>
      <object_component id="oc-4b2">
         <name>.text:add_header</name>
         <load_address>0x1104e</load_address>
         <run_address>0x1104e</run_address>
         <size>0x1c</size>
         <input_file_ref idref="fl-3"/>
      </object_component>
      <object_component id="oc-717">
         <name>.text:strchr</name>
         <load_address>0x1106a</load_address>
         <run_address>0x1106a</run_address>
         <size>0x1c</size>
         <input_file_ref idref="fl-75"/>
      </object_component>
      <object_component id="oc-73c">
         <name>.text:strcmp</name>
         <load_address>0x11086</load_address>
         <run_address>0x11086</run_address>
         <size>0x1c</size>
         <input_file_ref idref="fl-76"/>
      </object_component>
      <object_component id="oc-43e">
         <name>.text:msp430_timer_stop</name>
         <load_address>0x110a2</load_address>
         <run_address>0x110a2</run_address>
         <size>0x1a</size>
         <input_file_ref idref="fl-2"/>
      </object_component>
      <object_component id="oc-535">
         <name>.text:generate_sample_1</name>
         <load_address>0x110bc</load_address>
         <run_address>0x110bc</run_address>
         <size>0x18</size>
         <input_file_ref idref="fl-3"/>
      </object_component>
      <object_component id="oc-53c">
         <name>.text:generate_sample_2</name>
         <load_address>0x110d4</load_address>
         <run_address>0x110d4</run_address>
         <size>0x18</size>
         <input_file_ref idref="fl-3"/>
      </object_component>
      <object_component id="oc-5b3">
         <name>.text</name>
         <load_address>0x110ec</load_address>
         <run_address>0x110ec</run_address>
         <size>0x18</size>
         <input_file_ref idref="fl-46"/>
      </object_component>
      <object_component id="oc-4c7">
         <name>.text:delay_us</name>
         <load_address>0x11104</load_address>
         <run_address>0x11104</run_address>
         <size>0x16</size>
         <input_file_ref idref="fl-2"/>
      </object_component>
      <object_component id="oc-655">
         <name>.text:heap_start</name>
         <load_address>0x1111a</load_address>
         <run_address>0x1111a</run_address>
         <size>0x16</size>
         <input_file_ref idref="fl-6e"/>
      </object_component>
      <object_component id="oc-5cf">
         <name>.text:memchr</name>
         <load_address>0x11130</load_address>
         <run_address>0x11130</run_address>
         <size>0x16</size>
         <input_file_ref idref="fl-69"/>
      </object_component>
      <object_component id="oc-3c3">
         <name>.text:memcpy</name>
         <load_address>0x11146</load_address>
         <run_address>0x11146</run_address>
         <size>0x14</size>
         <input_file_ref idref="fl-59"/>
      </object_component>
      <object_component id="oc-7c">
         <name>.text:decompress:none:__TI_decompress_none</name>
         <load_address>0x1115a</load_address>
         <run_address>0x1115a</run_address>
         <size>0x12</size>
         <input_file_ref idref="fl-2b"/>
      </object_component>
      <object_component id="oc-438">
         <name>.text:disable_signal</name>
         <load_address>0x1116c</load_address>
         <run_address>0x1116c</run_address>
         <size>0x12</size>
         <input_file_ref idref="fl-2"/>
      </object_component>
      <object_component id="oc-49f">
         <name>.text:packet_hdr_template</name>
         <load_address>0x1117e</load_address>
         <run_address>0x1117e</run_address>
         <size>0x12</size>
         <input_file_ref idref="fl-3"/>
      </object_component>
      <object_component id="oc-6e6">
         <name>.text:strcpy</name>
         <load_address>0x11190</load_address>
         <run_address>0x11190</run_address>
         <size>0x12</size>
         <input_file_ref idref="fl-77"/>
      </object_component>
      <object_component id="oc-5c9">
         <name>.text:strlen</name>
         <load_address>0x111a2</load_address>
         <run_address>0x111a2</run_address>
         <size>0xe</size>
         <input_file_ref idref="fl-78"/>
      </object_component>
      <object_component id="oc-624">
         <name>.text:malloc</name>
         <load_address>0x111b0</load_address>
         <run_address>0x111b0</run_address>
         <size>0x8</size>
         <input_file_ref idref="fl-6e"/>
      </object_component>
      <object_component id="oc-4d2">
         <name>.text:abort</name>
         <load_address>0x111b8</load_address>
         <run_address>0x111b8</run_address>
         <size>0x6</size>
         <input_file_ref idref="fl-56"/>
      </object_component>
      <object_component id="oc-44d">
         <name>.text:_system_pre_init</name>
         <load_address>0x111be</load_address>
         <run_address>0x111be</run_address>
         <size>0x4</size>
         <input_file_ref idref="fl-53"/>
      </object_component>
      <object_component id="oc-594">
         <name>.text:_nop</name>
         <load_address>0x111c2</load_address>
         <run_address>0x111c2</run_address>
         <size>0x2</size>
         <input_file_ref idref="fl-58"/>
      </object_component>
      <object_component id="oc-55b">
         <name>.text:_system_post_cinit</name>
         <load_address>0x111c4</load_address>
         <run_address>0x111c4</run_address>
         <size>0x2</size>
         <input_file_ref idref="fl-52"/>
      </object_component>
      <object_component id="oc-6ac">
         <name>.bss</name>
         <uninitialized>true</uninitialized>
         <run_address>0x21c4</run_address>
         <size>0x4</size>
         <input_file_ref idref="fl-6e"/>
      </object_component>
      <object_component id="oc-544">
         <name>.common:txbit</name>
         <uninitialized>true</uninitialized>
         <run_address>0x21c8</run_address>
         <size>0x1</size>
      </object_component>
      <object_component id="oc-6c1">
         <name>.common:__TI_tmpnams</name>
         <uninitialized>true</uninitialized>
         <run_address>0x211c</run_address>
         <size>0xa0</size>
      </object_component>
      <object_component id="oc-6cc">
         <name>.common:parmbuf</name>
         <uninitialized>true</uninitialized>
         <run_address>0x21bc</run_address>
         <size>0x8</size>
      </object_component>
      <object_component id="oc-42c">
         <name>.data</name>
         <load_address>0x2100</load_address>
         <run_address>0x2100</run_address>
         <size>0x5</size>
         <input_file_ref idref="fl-2"/>
      </object_component>
      <object_component id="oc-432">
         <name>.data:arr_dump_1</name>
         <load_address>0x1c00</load_address>
         <run_address>0x1c00</run_address>
         <size>0x180</size>
         <input_file_ref idref="fl-2"/>
      </object_component>
      <object_component id="oc-435">
         <name>.data:arr_dump_2</name>
         <load_address>0x1d80</load_address>
         <run_address>0x1d80</run_address>
         <size>0x180</size>
         <input_file_ref idref="fl-2"/>
      </object_component>
      <object_component id="oc-4b1">
         <name>.data:message_1$2</name>
         <load_address>0x207c</load_address>
         <run_address>0x207c</run_address>
         <size>0x1c</size>
         <input_file_ref idref="fl-2"/>
      </object_component>
      <object_component id="oc-4b8">
         <name>.data:message_2$3</name>
         <load_address>0x2098</load_address>
         <run_address>0x2098</run_address>
         <size>0x1c</size>
         <input_file_ref idref="fl-2"/>
      </object_component>
      <object_component id="oc-4b9">
         <name>.data:buffer_1$4</name>
         <load_address>0x20b4</load_address>
         <run_address>0x20b4</run_address>
         <size>0x18</size>
         <input_file_ref idref="fl-2"/>
      </object_component>
      <object_component id="oc-4c0">
         <name>.data:buffer_2$5</name>
         <load_address>0x20cc</load_address>
         <run_address>0x20cc</run_address>
         <size>0x18</size>
         <input_file_ref idref="fl-2"/>
      </object_component>
      <object_component id="oc-532">
         <name>.data</name>
         <load_address>0x20f8</load_address>
         <run_address>0x20f8</run_address>
         <size>0x8</size>
         <input_file_ref idref="fl-3"/>
      </object_component>
      <object_component id="oc-523">
         <name>.data:packet_hdr_2500</name>
         <load_address>0x20ee</load_address>
         <run_address>0x20ee</run_address>
         <size>0xa</size>
         <input_file_ref idref="fl-3"/>
      </object_component>
      <object_component id="oc-526">
         <name>.data:packet_hdr_1352</name>
         <load_address>0x20e4</load_address>
         <run_address>0x20e4</run_address>
         <size>0xa</size>
         <input_file_ref idref="fl-3"/>
      </object_component>
      <object_component id="oc-54a">
         <name>.data</name>
         <load_address>0x2118</load_address>
         <run_address>0x2118</run_address>
         <size>0x2</size>
         <input_file_ref idref="fl-56"/>
      </object_component>
      <object_component id="oc-553">
         <name>.data:__TI_cleanup_ptr</name>
         <load_address>0x2106</load_address>
         <run_address>0x2106</run_address>
         <size>0x4</size>
         <input_file_ref idref="fl-57"/>
      </object_component>
      <object_component id="oc-550">
         <name>.data:__TI_dtors_ptr</name>
         <load_address>0x210a</load_address>
         <run_address>0x210a</run_address>
         <size>0x4</size>
         <input_file_ref idref="fl-57"/>
      </object_component>
      <object_component id="oc-54d">
         <name>.data:_lock</name>
         <load_address>0x210e</load_address>
         <run_address>0x210e</run_address>
         <size>0x4</size>
         <input_file_ref idref="fl-58"/>
      </object_component>
      <object_component id="oc-556">
         <name>.data:_unlock</name>
         <load_address>0x2112</load_address>
         <run_address>0x2112</run_address>
         <size>0x4</size>
         <input_file_ref idref="fl-58"/>
      </object_component>
      <object_component id="oc-582">
         <name>.data:_ftable</name>
         <load_address>0x1f00</load_address>
         <run_address>0x1f00</run_address>
         <size>0xc8</size>
         <input_file_ref idref="fl-5c"/>
      </object_component>
      <object_component id="oc-675">
         <name>.data</name>
         <load_address>0x2116</load_address>
         <run_address>0x2116</run_address>
         <size>0x2</size>
         <input_file_ref idref="fl-5c"/>
      </object_component>
      <object_component id="oc-63f">
         <name>.data:_device</name>
         <load_address>0x1fc8</load_address>
         <run_address>0x1fc8</run_address>
         <size>0x78</size>
         <input_file_ref idref="fl-60"/>
      </object_component>
      <object_component id="oc-60c">
         <name>.data:_stream</name>
         <load_address>0x2040</load_address>
         <run_address>0x2040</run_address>
         <size>0x3c</size>
         <input_file_ref idref="fl-60"/>
      </object_component>
      <object_component id="oc-6b1">
         <name>.data</name>
         <load_address>0x211a</load_address>
         <run_address>0x211a</run_address>
         <size>0x2</size>
         <input_file_ref idref="fl-6e"/>
      </object_component>
      <object_component id="oc-3b1">
         <name>.stack</name>
         <uninitialized>true</uninitialized>
         <run_address>0x2360</run_address>
         <size>0x4</size>
         <input_file_ref idref="fl-4e"/>
      </object_component>
      <object_component id="oc-7c5">
         <name>.stack</name>
         <uninitialized>true</uninitialized>
         <run_address>0x2360</run_address>
         <size>0x0</size>
      </object_component>
      <object_component id="oc-82">
         <name>.int30</name>
         <load_address>0xffcc</load_address>
         <run_address>0xffcc</run_address>
         <size>0x2</size>
         <input_file_ref idref="fl-2c"/>
      </object_component>
      <object_component id="oc-83">
         <name>.int31</name>
         <load_address>0xffce</load_address>
         <run_address>0xffce</run_address>
         <size>0x2</size>
         <input_file_ref idref="fl-2e"/>
      </object_component>
      <object_component id="oc-84">
         <name>.int32</name>
         <load_address>0xffd0</load_address>
         <run_address>0xffd0</run_address>
         <size>0x2</size>
         <input_file_ref idref="fl-2f"/>
      </object_component>
      <object_component id="oc-85">
         <name>.int33</name>
         <load_address>0xffd2</load_address>
         <run_address>0xffd2</run_address>
         <size>0x2</size>
         <input_file_ref idref="fl-30"/>
      </object_component>
      <object_component id="oc-86">
         <name>.int34</name>
         <load_address>0xffd4</load_address>
         <run_address>0xffd4</run_address>
         <size>0x2</size>
         <input_file_ref idref="fl-31"/>
      </object_component>
      <object_component id="oc-87">
         <name>.int35</name>
         <load_address>0xffd6</load_address>
         <run_address>0xffd6</run_address>
         <size>0x2</size>
         <input_file_ref idref="fl-32"/>
      </object_component>
      <object_component id="oc-88">
         <name>.int36</name>
         <load_address>0xffd8</load_address>
         <run_address>0xffd8</run_address>
         <size>0x2</size>
         <input_file_ref idref="fl-33"/>
      </object_component>
      <object_component id="oc-89">
         <name>.int37</name>
         <load_address>0xffda</load_address>
         <run_address>0xffda</run_address>
         <size>0x2</size>
         <input_file_ref idref="fl-34"/>
      </object_component>
      <object_component id="oc-8a">
         <name>.int38</name>
         <load_address>0xffdc</load_address>
         <run_address>0xffdc</run_address>
         <size>0x2</size>
         <input_file_ref idref="fl-35"/>
      </object_component>
      <object_component id="oc-8b">
         <name>.int39</name>
         <load_address>0xffde</load_address>
         <run_address>0xffde</run_address>
         <size>0x2</size>
         <input_file_ref idref="fl-36"/>
      </object_component>
      <object_component id="oc-8c">
         <name>.int40</name>
         <load_address>0xffe0</load_address>
         <run_address>0xffe0</run_address>
         <size>0x2</size>
         <input_file_ref idref="fl-37"/>
      </object_component>
      <object_component id="oc-8d">
         <name>.int41</name>
         <load_address>0xffe2</load_address>
         <run_address>0xffe2</run_address>
         <size>0x2</size>
         <input_file_ref idref="fl-38"/>
      </object_component>
      <object_component id="oc-8e">
         <name>.int42</name>
         <load_address>0xffe4</load_address>
         <run_address>0xffe4</run_address>
         <size>0x2</size>
         <input_file_ref idref="fl-39"/>
      </object_component>
      <object_component id="oc-8f">
         <name>.int43</name>
         <load_address>0xffe6</load_address>
         <run_address>0xffe6</run_address>
         <size>0x2</size>
         <input_file_ref idref="fl-3a"/>
      </object_component>
      <object_component id="oc-90">
         <name>.int44</name>
         <load_address>0xffe8</load_address>
         <run_address>0xffe8</run_address>
         <size>0x2</size>
         <input_file_ref idref="fl-3b"/>
      </object_component>
      <object_component id="oc-91">
         <name>.int45</name>
         <load_address>0xffea</load_address>
         <run_address>0xffea</run_address>
         <size>0x2</size>
         <input_file_ref idref="fl-2"/>
      </object_component>
      <object_component id="oc-92">
         <name>.int46</name>
         <load_address>0xffec</load_address>
         <run_address>0xffec</run_address>
         <size>0x2</size>
         <input_file_ref idref="fl-3c"/>
      </object_component>
      <object_component id="oc-93">
         <name>.int47</name>
         <load_address>0xffee</load_address>
         <run_address>0xffee</run_address>
         <size>0x2</size>
         <input_file_ref idref="fl-3d"/>
      </object_component>
      <object_component id="oc-94">
         <name>.int48</name>
         <load_address>0xfff0</load_address>
         <run_address>0xfff0</run_address>
         <size>0x2</size>
         <input_file_ref idref="fl-3e"/>
      </object_component>
      <object_component id="oc-95">
         <name>.int49</name>
         <load_address>0xfff2</load_address>
         <run_address>0xfff2</run_address>
         <size>0x2</size>
         <input_file_ref idref="fl-3f"/>
      </object_component>
      <object_component id="oc-96">
         <name>.int50</name>
         <load_address>0xfff4</load_address>
         <run_address>0xfff4</run_address>
         <size>0x2</size>
         <input_file_ref idref="fl-40"/>
      </object_component>
      <object_component id="oc-97">
         <name>.int51</name>
         <load_address>0xfff6</load_address>
         <run_address>0xfff6</run_address>
         <size>0x2</size>
         <input_file_ref idref="fl-41"/>
      </object_component>
      <object_component id="oc-98">
         <name>.int52</name>
         <load_address>0xfff8</load_address>
         <run_address>0xfff8</run_address>
         <size>0x2</size>
         <input_file_ref idref="fl-42"/>
      </object_component>
      <object_component id="oc-99">
         <name>.int53</name>
         <load_address>0xfffa</load_address>
         <run_address>0xfffa</run_address>
         <size>0x2</size>
         <input_file_ref idref="fl-43"/>
      </object_component>
      <object_component id="oc-9a">
         <name>.int54</name>
         <load_address>0xfffc</load_address>
         <run_address>0xfffc</run_address>
         <size>0x2</size>
         <input_file_ref idref="fl-44"/>
      </object_component>
      <object_component id="oc-3b4">
         <name>.reset</name>
         <load_address>0xfffe</load_address>
         <run_address>0xfffe</run_address>
         <size>0x2</size>
         <input_file_ref idref="fl-4e"/>
      </object_component>
      <object_component id="oc-48e">
         <name>.debug_info</name>
         <load_address>0x0</load_address>
         <run_address>0x0</run_address>
         <size>0x578</size>
         <input_file_ref idref="fl-2"/>
      </object_component>
      <object_component id="oc-42d">
         <name>.debug_info</name>
         <load_address>0x578</load_address>
         <run_address>0x578</run_address>
         <size>0x129</size>
         <input_file_ref idref="fl-2"/>
      </object_component>
      <object_component id="oc-433">
         <name>.debug_info</name>
         <load_address>0x6a1</load_address>
         <run_address>0x6a1</run_address>
         <size>0xfa</size>
         <input_file_ref idref="fl-2"/>
      </object_component>
      <object_component id="oc-436">
         <name>.debug_info</name>
         <load_address>0x79b</load_address>
         <run_address>0x79b</run_address>
         <size>0xfa</size>
         <input_file_ref idref="fl-2"/>
      </object_component>
      <object_component id="oc-4c3">
         <name>.debug_info</name>
         <load_address>0x895</load_address>
         <run_address>0x895</run_address>
         <size>0x197</size>
         <input_file_ref idref="fl-2"/>
      </object_component>
      <object_component id="oc-4bc">
         <name>.debug_info</name>
         <load_address>0xa2c</load_address>
         <run_address>0xa2c</run_address>
         <size>0x197</size>
         <input_file_ref idref="fl-2"/>
      </object_component>
      <object_component id="oc-43a">
         <name>.debug_info</name>
         <load_address>0xbc3</load_address>
         <run_address>0xbc3</run_address>
         <size>0x12c</size>
         <input_file_ref idref="fl-2"/>
      </object_component>
      <object_component id="oc-440">
         <name>.debug_info</name>
         <load_address>0xcef</load_address>
         <run_address>0xcef</run_address>
         <size>0x163</size>
         <input_file_ref idref="fl-2"/>
      </object_component>
      <object_component id="oc-3d7">
         <name>.debug_info</name>
         <load_address>0xe52</load_address>
         <run_address>0xe52</run_address>
         <size>0x156</size>
         <input_file_ref idref="fl-2"/>
      </object_component>
      <object_component id="oc-49b">
         <name>.debug_info</name>
         <load_address>0xfa8</load_address>
         <run_address>0xfa8</run_address>
         <size>0x128</size>
         <input_file_ref idref="fl-2"/>
      </object_component>
      <object_component id="oc-4c9">
         <name>.debug_info</name>
         <load_address>0x10d0</load_address>
         <run_address>0x10d0</run_address>
         <size>0x13a</size>
         <input_file_ref idref="fl-2"/>
      </object_component>
      <object_component id="oc-42f">
         <name>.debug_info</name>
         <load_address>0x120a</load_address>
         <run_address>0x120a</run_address>
         <size>0x339</size>
         <input_file_ref idref="fl-2"/>
      </object_component>
      <object_component id="oc-518">
         <name>.debug_info</name>
         <load_address>0x1543</load_address>
         <run_address>0x1543</run_address>
         <size>0x26b</size>
         <input_file_ref idref="fl-2"/>
      </object_component>
      <object_component id="oc-488">
         <name>.debug_info</name>
         <load_address>0x17ae</load_address>
         <run_address>0x17ae</run_address>
         <size>0x8b</size>
         <input_file_ref idref="fl-2"/>
      </object_component>
      <object_component id="oc-511">
         <name>.debug_info</name>
         <load_address>0x1839</load_address>
         <run_address>0x1839</run_address>
         <size>0x282</size>
         <input_file_ref idref="fl-2"/>
      </object_component>
      <object_component id="oc-483">
         <name>.debug_info</name>
         <load_address>0x1abb</load_address>
         <run_address>0x1abb</run_address>
         <size>0xbb</size>
         <input_file_ref idref="fl-2"/>
      </object_component>
      <object_component id="oc-51d">
         <name>.debug_info</name>
         <load_address>0x1b76</load_address>
         <run_address>0x1b76</run_address>
         <size>0x35</size>
         <input_file_ref idref="fl-2"/>
      </object_component>
      <object_component id="oc-52a">
         <name>.debug_info</name>
         <load_address>0x1bab</load_address>
         <run_address>0x1bab</run_address>
         <size>0x202</size>
         <input_file_ref idref="fl-3"/>
      </object_component>
      <object_component id="oc-533">
         <name>.debug_info</name>
         <load_address>0x1dad</load_address>
         <run_address>0x1dad</run_address>
         <size>0x14e</size>
         <input_file_ref idref="fl-3"/>
      </object_component>
      <object_component id="oc-524">
         <name>.debug_info</name>
         <load_address>0x1efb</load_address>
         <run_address>0x1efb</run_address>
         <size>0x10a</size>
         <input_file_ref idref="fl-3"/>
      </object_component>
      <object_component id="oc-527">
         <name>.debug_info</name>
         <load_address>0x2005</load_address>
         <run_address>0x2005</run_address>
         <size>0x10a</size>
         <input_file_ref idref="fl-3"/>
      </object_component>
      <object_component id="oc-4a0">
         <name>.debug_info</name>
         <load_address>0x210f</load_address>
         <run_address>0x210f</run_address>
         <size>0x184</size>
         <input_file_ref idref="fl-3"/>
      </object_component>
      <object_component id="oc-53d">
         <name>.debug_info</name>
         <load_address>0x2293</load_address>
         <run_address>0x2293</run_address>
         <size>0x148</size>
         <input_file_ref idref="fl-3"/>
      </object_component>
      <object_component id="oc-536">
         <name>.debug_info</name>
         <load_address>0x23db</load_address>
         <run_address>0x23db</run_address>
         <size>0x148</size>
         <input_file_ref idref="fl-3"/>
      </object_component>
      <object_component id="oc-4ac">
         <name>.debug_info</name>
         <load_address>0x2523</load_address>
         <run_address>0x2523</run_address>
         <size>0x21d</size>
         <input_file_ref idref="fl-3"/>
      </object_component>
      <object_component id="oc-4a6">
         <name>.debug_info</name>
         <load_address>0x2740</load_address>
         <run_address>0x2740</run_address>
         <size>0x21d</size>
         <input_file_ref idref="fl-3"/>
      </object_component>
      <object_component id="oc-4b3">
         <name>.debug_info</name>
         <load_address>0x295d</load_address>
         <run_address>0x295d</run_address>
         <size>0x1a5</size>
         <input_file_ref idref="fl-3"/>
      </object_component>
      <object_component id="oc-421">
         <name>.debug_info</name>
         <load_address>0x2b02</load_address>
         <run_address>0x2b02</run_address>
         <size>0x17b</size>
         <input_file_ref idref="fl-2a"/>
      </object_component>
      <object_component id="oc-78">
         <name>.debug_info</name>
         <load_address>0x2c7d</load_address>
         <run_address>0x2c7d</run_address>
         <size>0x250</size>
         <input_file_ref idref="fl-2a"/>
      </object_component>
      <object_component id="oc-3be">
         <name>.debug_info</name>
         <load_address>0x2ecd</load_address>
         <run_address>0x2ecd</run_address>
         <size>0x84</size>
         <input_file_ref idref="fl-2a"/>
      </object_component>
      <object_component id="oc-3b9">
         <name>.debug_info</name>
         <load_address>0x2f51</load_address>
         <run_address>0x2f51</run_address>
         <size>0x60</size>
         <input_file_ref idref="fl-2a"/>
      </object_component>
      <object_component id="oc-478">
         <name>.debug_info</name>
         <load_address>0x2fb1</load_address>
         <run_address>0x2fb1</run_address>
         <size>0x46</size>
         <input_file_ref idref="fl-2a"/>
      </object_component>
      <object_component id="oc-41c">
         <name>.debug_info</name>
         <load_address>0x2ff7</load_address>
         <run_address>0x2ff7</run_address>
         <size>0x39</size>
         <input_file_ref idref="fl-2a"/>
      </object_component>
      <object_component id="oc-3cf">
         <name>.debug_info</name>
         <load_address>0x3030</load_address>
         <run_address>0x3030</run_address>
         <size>0x18f</size>
         <input_file_ref idref="fl-2b"/>
      </object_component>
      <object_component id="oc-7d">
         <name>.debug_info</name>
         <load_address>0x31bf</load_address>
         <run_address>0x31bf</run_address>
         <size>0x1d3</size>
         <input_file_ref idref="fl-2b"/>
      </object_component>
      <object_component id="oc-3ca">
         <name>.debug_info</name>
         <load_address>0x3392</load_address>
         <run_address>0x3392</run_address>
         <size>0x46</size>
         <input_file_ref idref="fl-2b"/>
      </object_component>
      <object_component id="oc-3d3">
         <name>.debug_info</name>
         <load_address>0x33d8</load_address>
         <run_address>0x33d8</run_address>
         <size>0x10f</size>
         <input_file_ref idref="fl-2d"/>
      </object_component>
      <object_component id="oc-44b">
         <name>.debug_info</name>
         <load_address>0x34e7</load_address>
         <run_address>0x34e7</run_address>
         <size>0x17f</size>
         <input_file_ref idref="fl-45"/>
      </object_component>
      <object_component id="oc-3dc">
         <name>.debug_info</name>
         <load_address>0x3666</load_address>
         <run_address>0x3666</run_address>
         <size>0x1d7</size>
         <input_file_ref idref="fl-45"/>
      </object_component>
      <object_component id="oc-446">
         <name>.debug_info</name>
         <load_address>0x383d</load_address>
         <run_address>0x383d</run_address>
         <size>0x46</size>
         <input_file_ref idref="fl-45"/>
      </object_component>
      <object_component id="oc-5b4">
         <name>.debug_info</name>
         <load_address>0x3883</load_address>
         <run_address>0x3883</run_address>
         <size>0x130</size>
         <input_file_ref idref="fl-46"/>
      </object_component>
      <object_component id="oc-4ce">
         <name>.debug_info</name>
         <load_address>0x39b3</load_address>
         <run_address>0x39b3</run_address>
         <size>0x126</size>
         <input_file_ref idref="fl-4c"/>
      </object_component>
      <object_component id="oc-3b2">
         <name>.debug_info</name>
         <load_address>0x3ad9</load_address>
         <run_address>0x3ad9</run_address>
         <size>0x100</size>
         <input_file_ref idref="fl-4e"/>
      </object_component>
      <object_component id="oc-406">
         <name>.debug_info</name>
         <load_address>0x3bd9</load_address>
         <run_address>0x3bd9</run_address>
         <size>0x193</size>
         <input_file_ref idref="fl-4e"/>
      </object_component>
      <object_component id="oc-463">
         <name>.debug_info</name>
         <load_address>0x3d6c</load_address>
         <run_address>0x3d6c</run_address>
         <size>0xf2</size>
         <input_file_ref idref="fl-4f"/>
      </object_component>
      <object_component id="oc-562">
         <name>.debug_info</name>
         <load_address>0x3e5e</load_address>
         <run_address>0x3e5e</run_address>
         <size>0x3fc</size>
         <input_file_ref idref="fl-51"/>
      </object_component>
      <object_component id="oc-4f9">
         <name>.debug_info</name>
         <load_address>0x425a</load_address>
         <run_address>0x425a</run_address>
         <size>0x230</size>
         <input_file_ref idref="fl-51"/>
      </object_component>
      <object_component id="oc-5a9">
         <name>.debug_info</name>
         <load_address>0x448a</load_address>
         <run_address>0x448a</run_address>
         <size>0x39</size>
         <input_file_ref idref="fl-51"/>
      </object_component>
      <object_component id="oc-5ba">
         <name>.debug_info</name>
         <load_address>0x44c3</load_address>
         <run_address>0x44c3</run_address>
         <size>0x2c</size>
         <input_file_ref idref="fl-51"/>
      </object_component>
      <object_component id="oc-56d">
         <name>.debug_info</name>
         <load_address>0x44ef</load_address>
         <run_address>0x44ef</run_address>
         <size>0x2c</size>
         <input_file_ref idref="fl-51"/>
      </object_component>
      <object_component id="oc-5ae">
         <name>.debug_info</name>
         <load_address>0x451b</load_address>
         <run_address>0x451b</run_address>
         <size>0xcd</size>
         <input_file_ref idref="fl-51"/>
      </object_component>
      <object_component id="oc-55c">
         <name>.debug_info</name>
         <load_address>0x45e8</load_address>
         <run_address>0x45e8</run_address>
         <size>0x150</size>
         <input_file_ref idref="fl-52"/>
      </object_component>
      <object_component id="oc-44e">
         <name>.debug_info</name>
         <load_address>0x4738</load_address>
         <run_address>0x4738</run_address>
         <size>0x153</size>
         <input_file_ref idref="fl-53"/>
      </object_component>
      <object_component id="oc-424">
         <name>.debug_info</name>
         <load_address>0x488b</load_address>
         <run_address>0x488b</run_address>
         <size>0x2c</size>
         <input_file_ref idref="fl-54"/>
      </object_component>
      <object_component id="oc-55a">
         <name>.debug_info</name>
         <load_address>0x48b7</load_address>
         <run_address>0x48b7</run_address>
         <size>0x233</size>
         <input_file_ref idref="fl-56"/>
      </object_component>
      <object_component id="oc-54b">
         <name>.debug_info</name>
         <load_address>0x4aea</load_address>
         <run_address>0x4aea</run_address>
         <size>0x132</size>
         <input_file_ref idref="fl-56"/>
      </object_component>
      <object_component id="oc-4d4">
         <name>.debug_info</name>
         <load_address>0x4c1c</load_address>
         <run_address>0x4c1c</run_address>
         <size>0x122</size>
         <input_file_ref idref="fl-56"/>
      </object_component>
      <object_component id="oc-4da">
         <name>.debug_info</name>
         <load_address>0x4d3e</load_address>
         <run_address>0x4d3e</run_address>
         <size>0x197</size>
         <input_file_ref idref="fl-56"/>
      </object_component>
      <object_component id="oc-59f">
         <name>.debug_info</name>
         <load_address>0x4ed5</load_address>
         <run_address>0x4ed5</run_address>
         <size>0x103</size>
         <input_file_ref idref="fl-57"/>
      </object_component>
      <object_component id="oc-554">
         <name>.debug_info</name>
         <load_address>0x4fd8</load_address>
         <run_address>0x4fd8</run_address>
         <size>0x11a</size>
         <input_file_ref idref="fl-57"/>
      </object_component>
      <object_component id="oc-551">
         <name>.debug_info</name>
         <load_address>0x50f2</load_address>
         <run_address>0x50f2</run_address>
         <size>0x116</size>
         <input_file_ref idref="fl-57"/>
      </object_component>
      <object_component id="oc-59c">
         <name>.debug_info</name>
         <load_address>0x5208</load_address>
         <run_address>0x5208</run_address>
         <size>0x168</size>
         <input_file_ref idref="fl-58"/>
      </object_component>
      <object_component id="oc-54e">
         <name>.debug_info</name>
         <load_address>0x5370</load_address>
         <run_address>0x5370</run_address>
         <size>0xff</size>
         <input_file_ref idref="fl-58"/>
      </object_component>
      <object_component id="oc-557">
         <name>.debug_info</name>
         <load_address>0x546f</load_address>
         <run_address>0x546f</run_address>
         <size>0x103</size>
         <input_file_ref idref="fl-58"/>
      </object_component>
      <object_component id="oc-595">
         <name>.debug_info</name>
         <load_address>0x5572</load_address>
         <run_address>0x5572</run_address>
         <size>0x12e</size>
         <input_file_ref idref="fl-58"/>
      </object_component>
      <object_component id="oc-423">
         <name>.debug_info</name>
         <load_address>0x56a0</load_address>
         <run_address>0x56a0</run_address>
         <size>0x19a</size>
         <input_file_ref idref="fl-59"/>
      </object_component>
      <object_component id="oc-3c5">
         <name>.debug_info</name>
         <load_address>0x583a</load_address>
         <run_address>0x583a</run_address>
         <size>0x17a</size>
         <input_file_ref idref="fl-59"/>
      </object_component>
      <object_component id="oc-58d">
         <name>.debug_info</name>
         <load_address>0x59b4</load_address>
         <run_address>0x59b4</run_address>
         <size>0x2f2</size>
         <input_file_ref idref="fl-5a"/>
      </object_component>
      <object_component id="oc-586">
         <name>.debug_info</name>
         <load_address>0x5ca6</load_address>
         <run_address>0x5ca6</run_address>
         <size>0x2c7</size>
         <input_file_ref idref="fl-5a"/>
      </object_component>
      <object_component id="oc-52d">
         <name>.debug_info</name>
         <load_address>0x5f6d</load_address>
         <run_address>0x5f6d</run_address>
         <size>0x16e</size>
         <input_file_ref idref="fl-5a"/>
      </object_component>
      <object_component id="oc-5e4">
         <name>.debug_info</name>
         <load_address>0x60db</load_address>
         <run_address>0x60db</run_address>
         <size>0xb2</size>
         <input_file_ref idref="fl-5a"/>
      </object_component>
      <object_component id="oc-60b">
         <name>.debug_info</name>
         <load_address>0x618d</load_address>
         <run_address>0x618d</run_address>
         <size>0x229</size>
         <input_file_ref idref="fl-5b"/>
      </object_component>
      <object_component id="oc-5d6">
         <name>.debug_info</name>
         <load_address>0x63b6</load_address>
         <run_address>0x63b6</run_address>
         <size>0x184</size>
         <input_file_ref idref="fl-5b"/>
      </object_component>
      <object_component id="oc-5c1">
         <name>.debug_info</name>
         <load_address>0x653a</load_address>
         <run_address>0x653a</run_address>
         <size>0x13e</size>
         <input_file_ref idref="fl-5c"/>
      </object_component>
      <object_component id="oc-583">
         <name>.debug_info</name>
         <load_address>0x6678</load_address>
         <run_address>0x6678</run_address>
         <size>0x102</size>
         <input_file_ref idref="fl-5c"/>
      </object_component>
      <object_component id="oc-676">
         <name>.debug_info</name>
         <load_address>0x677a</load_address>
         <run_address>0x677a</run_address>
         <size>0x10a</size>
         <input_file_ref idref="fl-5c"/>
      </object_component>
      <object_component id="oc-605">
         <name>.debug_info</name>
         <load_address>0x6884</load_address>
         <run_address>0x6884</run_address>
         <size>0x1e7</size>
         <input_file_ref idref="fl-5d"/>
      </object_component>
      <object_component id="oc-5c4">
         <name>.debug_info</name>
         <load_address>0x6a6b</load_address>
         <run_address>0x6a6b</run_address>
         <size>0x196</size>
         <input_file_ref idref="fl-5d"/>
      </object_component>
      <object_component id="oc-632">
         <name>.debug_info</name>
         <load_address>0x6c01</load_address>
         <run_address>0x6c01</run_address>
         <size>0xbf</size>
         <input_file_ref idref="fl-5d"/>
      </object_component>
      <object_component id="oc-618">
         <name>.debug_info</name>
         <load_address>0x6cc0</load_address>
         <run_address>0x6cc0</run_address>
         <size>0x206</size>
         <input_file_ref idref="fl-5e"/>
      </object_component>
      <object_component id="oc-5f9">
         <name>.debug_info</name>
         <load_address>0x6ec6</load_address>
         <run_address>0x6ec6</run_address>
         <size>0x1eb</size>
         <input_file_ref idref="fl-5e"/>
      </object_component>
      <object_component id="oc-619">
         <name>.debug_info</name>
         <load_address>0x70b1</load_address>
         <run_address>0x70b1</run_address>
         <size>0xbf</size>
         <input_file_ref idref="fl-5e"/>
      </object_component>
      <object_component id="oc-652">
         <name>.debug_info</name>
         <load_address>0x7170</load_address>
         <run_address>0x7170</run_address>
         <size>0x283</size>
         <input_file_ref idref="fl-5f"/>
      </object_component>
      <object_component id="oc-612">
         <name>.debug_info</name>
         <load_address>0x73f3</load_address>
         <run_address>0x73f3</run_address>
         <size>0x1c2</size>
         <input_file_ref idref="fl-5f"/>
      </object_component>
      <object_component id="oc-647">
         <name>.debug_info</name>
         <load_address>0x75b5</load_address>
         <run_address>0x75b5</run_address>
         <size>0x120</size>
         <input_file_ref idref="fl-5f"/>
      </object_component>
      <object_component id="oc-64c">
         <name>.debug_info</name>
         <load_address>0x76d5</load_address>
         <run_address>0x76d5</run_address>
         <size>0x2c</size>
         <input_file_ref idref="fl-5f"/>
      </object_component>
      <object_component id="oc-644">
         <name>.debug_info</name>
         <load_address>0x7701</load_address>
         <run_address>0x7701</run_address>
         <size>0x33c</size>
         <input_file_ref idref="fl-60"/>
      </object_component>
      <object_component id="oc-640">
         <name>.debug_info</name>
         <load_address>0x7a3d</load_address>
         <run_address>0x7a3d</run_address>
         <size>0x109</size>
         <input_file_ref idref="fl-60"/>
      </object_component>
      <object_component id="oc-60d">
         <name>.debug_info</name>
         <load_address>0x7b46</load_address>
         <run_address>0x7b46</run_address>
         <size>0x109</size>
         <input_file_ref idref="fl-60"/>
      </object_component>
      <object_component id="oc-6dd">
         <name>.debug_info</name>
         <load_address>0x7c4f</load_address>
         <run_address>0x7c4f</run_address>
         <size>0x25a</size>
         <input_file_ref idref="fl-61"/>
      </object_component>
      <object_component id="oc-682">
         <name>.debug_info</name>
         <load_address>0x7ea9</load_address>
         <run_address>0x7ea9</run_address>
         <size>0x1bc</size>
         <input_file_ref idref="fl-61"/>
      </object_component>
      <object_component id="oc-6e3">
         <name>.debug_info</name>
         <load_address>0x8065</load_address>
         <run_address>0x8065</run_address>
         <size>0x264</size>
         <input_file_ref idref="fl-62"/>
      </object_component>
      <object_component id="oc-694">
         <name>.debug_info</name>
         <load_address>0x82c9</load_address>
         <run_address>0x82c9</run_address>
         <size>0x235</size>
         <input_file_ref idref="fl-62"/>
      </object_component>
      <object_component id="oc-6cd">
         <name>.debug_info</name>
         <load_address>0x84fe</load_address>
         <run_address>0x84fe</run_address>
         <size>0x294</size>
         <input_file_ref idref="fl-63"/>
      </object_component>
      <object_component id="oc-67d">
         <name>.debug_info</name>
         <load_address>0x8792</load_address>
         <run_address>0x8792</run_address>
         <size>0x20c</size>
         <input_file_ref idref="fl-63"/>
      </object_component>
      <object_component id="oc-6df">
         <name>.debug_info</name>
         <load_address>0x899e</load_address>
         <run_address>0x899e</run_address>
         <size>0x263</size>
         <input_file_ref idref="fl-64"/>
      </object_component>
      <object_component id="oc-688">
         <name>.debug_info</name>
         <load_address>0x8c01</load_address>
         <run_address>0x8c01</run_address>
         <size>0x1fb</size>
         <input_file_ref idref="fl-64"/>
      </object_component>
      <object_component id="oc-6ed">
         <name>.debug_info</name>
         <load_address>0x8dfc</load_address>
         <run_address>0x8dfc</run_address>
         <size>0x2c6</size>
         <input_file_ref idref="fl-65"/>
      </object_component>
      <object_component id="oc-6a3">
         <name>.debug_info</name>
         <load_address>0x90c2</load_address>
         <run_address>0x90c2</run_address>
         <size>0x236</size>
         <input_file_ref idref="fl-65"/>
      </object_component>
      <object_component id="oc-6e5">
         <name>.debug_info</name>
         <load_address>0x92f8</load_address>
         <run_address>0x92f8</run_address>
         <size>0x27d</size>
         <input_file_ref idref="fl-66"/>
      </object_component>
      <object_component id="oc-69a">
         <name>.debug_info</name>
         <load_address>0x9575</load_address>
         <run_address>0x9575</run_address>
         <size>0x1c6</size>
         <input_file_ref idref="fl-66"/>
      </object_component>
      <object_component id="oc-6e1">
         <name>.debug_info</name>
[...]
      </symbol>
      <symbol id="sm-405">
         <name>delay_us</name>
         <value>0x11104</value>
         <object_component_ref idref="oc-4c7"/>
      </symbol>
      <symbol id="sm-406">
         <name>uint32_to_binary_2</name>
         <value>0x10b48</value>
         <object_component_ref idref="oc-4c1"/>
      </symbol>
      <symbol id="sm-407">
         <name>uint32_to_binary_1</name>
         <value>0x10aee</value>
         <object_component_ref idref="oc-4ba"/>
      </symbol>
      <symbol id="sm-408">
         <name>__TI_int45</name>
         <value>0xffea</value>
         <object_component_ref idref="oc-91"/>
      </symbol>
      <symbol id="sm-409">
         <name>disable_signal</name>
         <value>0x1116c</value>
         <object_component_ref idref="oc-438"/>
      </symbol>
      <symbol id="sm-40a">
         <name>main</name>
         <value>0x10000</value>
         <object_component_ref idref="oc-453"/>
      </symbol>
      <symbol id="sm-40b">
         <name>set_cpu_freq</name>
         <value>0x11030</value>
         <object_component_ref idref="oc-499"/>
      </symbol>
      <symbol id="sm-40c">
         <name>msp430_timer_stop</name>
         <value>0x110a2</value>
         <object_component_ref idref="oc-43e"/>
      </symbol>
      <symbol id="sm-40d">
         <name>arrdump_counter</name>
         <value>0x2102</value>
         <object_component_ref idref="oc-42c"/>
      </symbol>
      <symbol id="sm-40e">
         <name>arr_dump_1</name>
         <value>0x1c00</value>
         <object_component_ref idref="oc-432"/>
      </symbol>
      <symbol id="sm-40f">
         <name>arr_dump_2</name>
         <value>0x1d80</value>
         <object_component_ref idref="oc-435"/>
      </symbol>
      <symbol id="sm-410">
         <name>tx_counter</name>
         <value>0x2100</value>
         <object_component_ref idref="oc-42c"/>
      </symbol>
      <symbol id="sm-45c">
         <name>generate_data_2</name>
         <value>0x10bfa</value>
         <object_component_ref idref="oc-4ab"/>
      </symbol>
      <symbol id="sm-45d">
         <name>generate_data_1</name>
         <value>0x10ba2</value>
         <object_component_ref idref="oc-4a5"/>
      </symbol>
      <symbol id="sm-45e">
         <name>file_position</name>
         <value>0x20fe</value>
         <object_component_ref idref="oc-532"/>
      </symbol>
      <symbol id="sm-45f">
         <name>packet_hdr_2500</name>
         <value>0x20ee</value>
         <object_component_ref idref="oc-523"/>
      </symbol>
      <symbol id="sm-460">
         <name>add_header</name>
         <value>0x1104e</value>
         <object_component_ref idref="oc-4b2"/>
      </symbol>
      <symbol id="sm-461">
         <name>seed</name>
         <value>0x20f8</value>
         <object_component_ref idref="oc-532"/>
      </symbol>
      <symbol id="sm-462">
         <name>generate_sample_1</name>
         <value>0x110bc</value>
         <object_component_ref idref="oc-535"/>
      </symbol>
      <symbol id="sm-463">
         <name>generate_sample_2</name>
         <value>0x110d4</value>
         <object_component_ref idref="oc-53c"/>
      </symbol>
      <symbol id="sm-464">
         <name>packet_hdr_template</name>
         <value>0x1117e</value>
         <object_component_ref idref="oc-49f"/>
      </symbol>
      <symbol id="sm-465">
         <name>packet_hdr_1352</name>
         <value>0x20e4</value>
         <object_component_ref idref="oc-526"/>
      </symbol>
      <symbol id="sm-466">
         <name>image_counter_1</name>
         <value>0x20fc</value>
         <object_component_ref idref="oc-532"/>
      </symbol>
      <symbol id="sm-48e">
         <name>__TI_decompress_lzss</name>
         <value>0x10654</value>
         <object_component_ref idref="oc-76"/>
      </symbol>
      <symbol id="sm-49f">
         <name>__TI_decompress_none</name>
         <value>0x1115a</value>
         <object_component_ref idref="oc-7c"/>
      </symbol>
      <symbol id="sm-4a2">
         <name>__TI_int30</name>
         <value>0xffcc</value>
         <object_component_ref idref="oc-82"/>
      </symbol>
      <symbol id="sm-4aa">
         <name>__TI_ISR_TRAP</name>
         <value>0x4884</value>
         <object_component_ref idref="oc-3d0"/>
      </symbol>
      <symbol id="sm-4ad">
         <name>__TI_int31</name>
         <value>0xffce</value>
         <object_component_ref idref="oc-83"/>
      </symbol>
      <symbol id="sm-4b0">
         <name>__TI_int32</name>
         <value>0xffd0</value>
         <object_component_ref idref="oc-84"/>
      </symbol>
      <symbol id="sm-4b3">
         <name>__TI_int33</name>
         <value>0xffd2</value>
         <object_component_ref idref="oc-85"/>
      </symbol>
      <symbol id="sm-4b6">
         <name>__TI_int34</name>
         <value>0xffd4</value>
         <object_component_ref idref="oc-86"/>
      </symbol>
      <symbol id="sm-4b9">
         <name>__TI_int35</name>
         <value>0xffd6</value>
         <object_component_ref idref="oc-87"/>
      </symbol>
      <symbol id="sm-4bc">
         <name>__TI_int36</name>
         <value>0xffd8</value>
         <object_component_ref idref="oc-88"/>
      </symbol>
      <symbol id="sm-4bf">
         <name>__TI_int37</name>
         <value>0xffda</value>
         <object_component_ref idref="oc-89"/>
      </symbol>
      <symbol id="sm-4c2">
         <name>__TI_int38</name>
         <value>0xffdc</value>
         <object_component_ref idref="oc-8a"/>
      </symbol>
      <symbol id="sm-4c5">
         <name>__TI_int39</name>
         <value>0xffde</value>
         <object_component_ref idref="oc-8b"/>
      </symbol>
      <symbol id="sm-4c8">
         <name>__TI_int40</name>
         <value>0xffe0</value>
         <object_component_ref idref="oc-8c"/>
      </symbol>
      <symbol id="sm-4cb">
         <name>__TI_int41</name>
         <value>0xffe2</value>
         <object_component_ref idref="oc-8d"/>
      </symbol>
      <symbol id="sm-4ce">
         <name>__TI_int42</name>
         <value>0xffe4</value>
         <object_component_ref idref="oc-8e"/>
      </symbol>
      <symbol id="sm-4d1">
         <name>__TI_int43</name>
         <value>0xffe6</value>
         <object_component_ref idref="oc-8f"/>
      </symbol>
      <symbol id="sm-4d4">
         <name>__TI_int44</name>
         <value>0xffe8</value>
         <object_component_ref idref="oc-90"/>
      </symbol>
      <symbol id="sm-4d7">
         <name>__TI_int46</name>
         <value>0xffec</value>
         <object_component_ref idref="oc-92"/>
      </symbol>
      <symbol id="sm-4da">
         <name>__TI_int47</name>
         <value>0xffee</value>
         <object_component_ref idref="oc-93"/>
      </symbol>
      <symbol id="sm-4dd">
         <name>__TI_int48</name>
         <value>0xfff0</value>
         <object_component_ref idref="oc-94"/>
      </symbol>
      <symbol id="sm-4e0">
         <name>__TI_int49</name>
         <value>0xfff2</value>
         <object_component_ref idref="oc-95"/>
      </symbol>
      <symbol id="sm-4e3">
         <name>__TI_int50</name>
         <value>0xfff4</value>
         <object_component_ref idref="oc-96"/>
      </symbol>
      <symbol id="sm-4e6">
         <name>__TI_int51</name>
         <value>0xfff6</value>
         <object_component_ref idref="oc-97"/>
      </symbol>
      <symbol id="sm-4e9">
         <name>__TI_int52</name>
         <value>0xfff8</value>
         <object_component_ref idref="oc-98"/>
      </symbol>
      <symbol id="sm-4ec">
         <name>__TI_int53</name>
         <value>0xfffa</value>
         <object_component_ref idref="oc-99"/>
      </symbol>
      <symbol id="sm-4ef">
         <name>__TI_int54</name>
         <value>0xfffc</value>
         <object_component_ref idref="oc-9a"/>
      </symbol>
      <symbol id="sm-502">
         <name>__TI_zero_init_nomemset</name>
         <value>0x10fec</value>
         <object_component_ref idref="oc-3db"/>
      </symbol>
      <symbol id="sm-50a">
         <name>__mspabi_mpyi_f5hw</name>
         <value>0x110ec</value>
         <object_component_ref idref="oc-5b3"/>
      </symbol>
      <symbol id="sm-517">
         <name>__mspabi_slll_9</name>
         <value>0x10d9c</value>
         <object_component_ref idref="oc-4cd"/>
      </symbol>
      <symbol id="sm-518">
         <name>__mspabi_slll_8</name>
         <value>0x10da0</value>
         <object_component_ref idref="oc-4cd"/>
      </symbol>
      <symbol id="sm-519">
         <name>__mspabi_slll_7</name>
         <value>0x10da4</value>
         <object_component_ref idref="oc-4cd"/>
      </symbol>
      <symbol id="sm-51a">
         <name>__mspabi_slll_6</name>
         <value>0x10da8</value>
         <object_component_ref idref="oc-4cd"/>
      </symbol>
      <symbol id="sm-51b">
         <name>__mspabi_slll_5</name>
         <value>0x10dac</value>
         <object_component_ref idref="oc-4cd"/>
      </symbol>
      <symbol id="sm-51c">
         <name>__mspabi_slll_4</name>
         <value>0x10db0</value>
         <object_component_ref idref="oc-4cd"/>
      </symbol>
      <symbol id="sm-51d">
         <name>__mspabi_slll_3</name>
         <value>0x10db4</value>
         <object_component_ref idref="oc-4cd"/>
      </symbol>
      <symbol id="sm-51e">
         <name>__mspabi_slll_2</name>
         <value>0x10db8</value>
         <object_component_ref idref="oc-4cd"/>
      </symbol>
      <symbol id="sm-51f">
         <name>__mspabi_slll_1</name>
         <value>0x10dbc</value>
         <object_component_ref idref="oc-4cd"/>
      </symbol>
      <symbol id="sm-520">
         <name>__mspabi_slll_15</name>
         <value>0x10d84</value>
         <object_component_ref idref="oc-4cd"/>
      </symbol>
      <symbol id="sm-521">
         <name>__mspabi_slll_14</name>
         <value>0x10d88</value>
         <object_component_ref idref="oc-4cd"/>
      </symbol>
      <symbol id="sm-522">
         <name>__mspabi_slll_13</name>
         <value>0x10d8c</value>
         <object_component_ref idref="oc-4cd"/>
      </symbol>
      <symbol id="sm-523">
         <name>__mspabi_slll_12</name>
         <value>0x10d90</value>
         <object_component_ref idref="oc-4cd"/>
      </symbol>
      <symbol id="sm-524">
         <name>__mspabi_slll_11</name>
         <value>0x10d94</value>
         <object_component_ref idref="oc-4cd"/>
      </symbol>
      <symbol id="sm-525">
         <name>__mspabi_slll_10</name>
         <value>0x10d98</value>
         <object_component_ref idref="oc-4cd"/>
      </symbol>
      <symbol id="sm-536">
         <name>_c_int00_noargs_mpu</name>
         <value>0x4864</value>
         <object_component_ref idref="oc-405"/>
      </symbol>
      <symbol id="sm-537">
         <name>_stack</name>
         <value>0x2360</value>
         <object_component_ref idref="oc-3b1"/>
      </symbol>
      <symbol id="sm-538">
         <name>_reset_vector</name>
         <value>0xfffe</value>
         <object_component_ref idref="oc-3b4"/>
      </symbol>
      <symbol id="sm-541">
         <name>__mpu_init</name>
         <value>0x10f6a</value>
         <object_component_ref idref="oc-462"/>
      </symbol>
      <symbol id="sm-565">
         <name>__TI_auto_init_nobinit_nopinit_hold_wdt</name>
         <value>0x10c52</value>
         <object_component_ref idref="oc-4f6"/>
      </symbol>
      <symbol id="sm-56e">
         <name>_system_post_cinit</name>
         <value>0x111c4</value>
         <object_component_ref idref="oc-55b"/>
      </symbol>
      <symbol id="sm-577">
         <name>_system_pre_init</name>
         <value>0x111be</value>
         <object_component_ref idref="oc-44d"/>
      </symbol>
      <symbol id="sm-59b">
         <name>C$$EXIT</name>
         <value>0x111b8</value>
         <object_component_ref idref="oc-4d2"/>
      </symbol>
      <symbol id="sm-59c">
         <name>abort</name>
         <value>0x111b8</value>
         <object_component_ref idref="oc-4d2"/>
      </symbol>
      <symbol id="sm-59d">
         <name>__TI_enable_exit_profile_output</name>
         <value>0x2118</value>
         <object_component_ref idref="oc-54a"/>
      </symbol>
      <symbol id="sm-59e">
         <name>exit</name>
         <value>0x10cf4</value>
         <object_component_ref idref="oc-4d8"/>
      </symbol>
      <symbol id="sm-5ad">
         <name>__TI_dtors_ptr</name>
         <value>0x210a</value>
         <object_component_ref idref="oc-550"/>
      </symbol>
      <symbol id="sm-5ae">
         <name>__TI_cleanup_ptr</name>
         <value>0x2106</value>
         <object_component_ref idref="oc-553"/>
      </symbol>
      <symbol id="sm-5c4">
         <name>_nop</name>
         <value>0x111c2</value>
         <object_component_ref idref="oc-594"/>
      </symbol>
      <symbol id="sm-5c5">
         <name>_lock</name>
         <value>0x210e</value>
         <object_component_ref idref="oc-54d"/>
      </symbol>
      <symbol id="sm-5c6">
         <name>_unlock</name>
         <value>0x2112</value>
         <object_component_ref idref="oc-556"/>
      </symbol>
      <symbol id="sm-5d4">
         <name>memcpy</name>
         <value>0x11146</value>
         <object_component_ref idref="oc-3c3"/>
      </symbol>
      <symbol id="sm-5fa">
         <name>puts</name>
         <value>0x11010</value>
         <object_component_ref idref="oc-52c"/>
      </symbol>
      <symbol id="sm-5fb">
         <name>fputs</name>
         <value>0x1028c</value>
         <object_component_ref idref="oc-585"/>
      </symbol>
      <symbol id="sm-60c">
         <name>__TI_doflush</name>
         <value>0x109d6</value>
         <object_component_ref idref="oc-5d5"/>
      </symbol>
      <symbol id="sm-61c">
         <name>__TI_tmpnams</name>
         <value>0x211c</value>
      </symbol>
      <symbol id="sm-61d">
         <name>_ftable</name>
         <value>0x1f00</value>
         <object_component_ref idref="oc-582"/>
      </symbol>
      <symbol id="sm-61e">
         <name>__TI_ft_end</name>
         <value>0x2116</value>
         <object_component_ref idref="oc-675"/>
      </symbol>
      <symbol id="sm-636">
         <name>__TI_wrt_ok</name>
         <value>0x105d6</value>
         <object_component_ref idref="oc-5c3"/>
      </symbol>
      <symbol id="sm-64b">
         <name>fseeko</name>
         <value>0x1096c</value>
         <object_component_ref idref="oc-5f8"/>
      </symbol>
      <symbol id="sm-64c">
         <name>fseek</name>
         <value>0x1096c</value>
         <object_component_ref idref="oc-5f8"/>
      </symbol>
      <symbol id="sm-664">
         <name>lseek</name>
         <value>0x10dc2</value>
         <object_component_ref idref="oc-611"/>
      </symbol>
      <symbol id="sm-673">
         <name>_stream</name>
         <value>0x2040</value>
         <object_component_ref idref="oc-60c"/>
      </symbol>
      <symbol id="sm-674">
         <name>_device</name>
         <value>0x1fc8</value>
         <object_component_ref idref="oc-63f"/>
      </symbol>
      <symbol id="sm-680">
         <name>HOSTclose</name>
         <value>0x10ca6</value>
         <object_component_ref idref="oc-681"/>
      </symbol>
      <symbol id="sm-68c">
         <name>HOSTlseek</name>
         <value>0x1053c</value>
         <object_component_ref idref="oc-693"/>
      </symbol>
      <symbol id="sm-69a">
         <name>parmbuf</name>
         <value>0x21bc</value>
      </symbol>
      <symbol id="sm-69b">
         <name>HOSTopen</name>
         <value>0x10826</value>
         <object_component_ref idref="oc-67b"/>
      </symbol>
      <symbol id="sm-6a8">
         <name>HOSTread</name>
         <value>0x10902</value>
         <object_component_ref idref="oc-687"/>
      </symbol>
      <symbol id="sm-6b4">
         <name>HOSTrename</name>
         <value>0x106ca</value>
         <object_component_ref idref="oc-69f"/>
      </symbol>
      <symbol id="sm-6c0">
         <name>HOSTunlink</name>
         <value>0x10d3e</value>
         <object_component_ref idref="oc-699"/>
      </symbol>
      <symbol id="sm-6cd">
         <name>HOSTwrite</name>
         <value>0x10896</value>
         <object_component_ref idref="oc-68d"/>
      </symbol>
      <symbol id="sm-6eb">
         <name>__TI_readmsg</name>
         <value>0x10ea8</value>
         <object_component_ref idref="oc-6d5"/>
      </symbol>
      <symbol id="sm-6ec">
         <name>C$$IO$$</name>
         <value>0x10ea4</value>
         <object_component_ref idref="oc-6cf"/>
      </symbol>
      <symbol id="sm-6ed">
         <name>_CIOBUF_</name>
         <value>0x4400</value>
         <object_component_ref idref="oc-701"/>
      </symbol>
      <symbol id="sm-6ee">
         <name>__TI_writemsg</name>
         <value>0x10e72</value>
         <object_component_ref idref="oc-6cf"/>
      </symbol>
      <symbol id="sm-6fd">
         <name>memchr</name>
         <value>0x11130</value>
         <object_component_ref idref="oc-5cf"/>
      </symbol>
      <symbol id="sm-715">
         <name>setvbuf</name>
         <value>0x1045e</value>
         <object_component_ref idref="oc-5fe"/>
      </symbol>
      <symbol id="sm-726">
         <name>__TI_cleanup</name>
         <value>0x10e3c</value>
         <object_component_ref idref="oc-62a"/>
      </symbol>
      <symbol id="sm-737">
         <name>__TI_closefile</name>
         <value>0x1073e</value>
         <object_component_ref idref="oc-66f"/>
      </symbol>
      <symbol id="sm-749">
         <name>close</name>
         <value>0x10a3a</value>
         <object_component_ref idref="oc-6bb"/>
      </symbol>
      <symbol id="sm-7c9">
         <name>_sys_memory</name>
         <value>0x4520</value>
         <object_component_ref idref="oc-3b5"/>
      </symbol>
      <symbol id="sm-7ca">
         <name>free</name>
         <value>0x1037c</value>
         <object_component_ref idref="oc-61e"/>
      </symbol>
      <symbol id="sm-7cb">
         <name>memalign</name>
         <value>0x1017a</value>
         <object_component_ref idref="oc-668"/>
      </symbol>
      <symbol id="sm-7cc">
         <name>malloc</name>
         <value>0x111b0</value>
         <object_component_ref idref="oc-624"/>
      </symbol>
      <symbol id="sm-7cd">
         <name>aligned_alloc</name>
         <value>0x1017a</value>
         <object_component_ref idref="oc-668"/>
      </symbol>
      <symbol id="sm-7f5">
         <name>finddevice</name>
         <value>0x10f3c</value>
         <object_component_ref idref="oc-723"/>
      </symbol>
      <symbol id="sm-7f6">
         <name>getdevice</name>
         <value>0x10a94</value>
         <object_component_ref idref="oc-6f5"/>
      </symbol>
      <symbol id="sm-806">
         <name>strchr</name>
         <value>0x1106a</value>
         <object_component_ref idref="oc-717"/>
      </symbol>
      <symbol id="sm-814">
         <name>strcmp</name>
         <value>0x11086</value>
         <object_component_ref idref="oc-73c"/>
      </symbol>
      <symbol id="sm-821">
         <name>strcpy</name>
         <value>0x11190</value>
         <object_component_ref idref="oc-6e6"/>
      </symbol>
      <symbol id="sm-82e">
         <name>strlen</name>
         <value>0x111a2</value>
         <object_component_ref idref="oc-5c9"/>
      </symbol>
      <symbol id="sm-83e">
         <name>strncpy</name>
         <value>0x10eda</value>
         <object_component_ref idref="oc-71d"/>
      </symbol>
      <symbol id="sm-84a">
         <name>unlink</name>
         <value>0x10f0c</value>
         <object_component_ref idref="oc-6c2"/>
      </symbol>
      <symbol id="sm-858">
         <name>write</name>
         <value>0x10e00</value>
         <object_component_ref idref="oc-5db"/>
      </symbol>
      <symbol id="sm-85d">
         <name>remove</name>
         <value>0x10f0c</value>
      </symbol>
   </symbol_table>
   <title>Link successful</title>
</link_info>
